Submitting jobs from: /home/rmengle/pin/source/tools/pinfi/example/benchmarks/bitcount/executables
--------------------------------------------------
Dataset detected: executables

Submitting job: fi_bitcount_O0_exec
Submitted batch job 6203432
Submitting job: fi_bitcount_O1_exec
Submitted batch job 6203433
Submitting job: fi_bitcount_O2_exec
Submitted batch job 6203434
Submitting job: fi_bitcount_O3_exec
Submitted batch job 6203435
Submitting job: fi_bitcount_cse_exec
Submitted batch job 6203436
Submitting job: fi_bitcount_gvn_exec
Submitted batch job 6203437
Submitting job: fi_bitcount_inline_exec
Submitted batch job 6203438
Submitting job: fi_bitcount_instcombine_exec
Submitted batch job 6203439
Submitting job: fi_bitcount_ipsccp_exec
Submitted batch job 6203440
Submitting job: fi_bitcount_licm_exec
Submitted batch job 6203441
Submitting job: fi_bitcount_loopreduce_exec
Submitted batch job 6203442
Submitting job: fi_bitcount_sccp_exec
Submitted batch job 6203443
Submitting job: fi_bitcount_unroll4_exec
Submitted batch job 6203444
Submitting job: fi_bitcount_unroll_exec
Submitted batch job 6203445
Submitting job: fi_bitcount_unswitch_exec
Submitted batch job 6203446
--------------------------------------------------
All jobs submitted.
