Submitting jobs from: /home/rmengle/pin/source/tools/pinfi/example/benchmarks/bitcount/executables
--------------------------------------------------
Dataset detected: executables

Submitting job: fi_bitcount_O0_exec
Submitted batch job 6202808
Submitting job: fi_bitcount_O1_exec
Submitted batch job 6202809
Submitting job: fi_bitcount_O2_exec
Submitted batch job 6202810
Submitting job: fi_bitcount_O3_exec
Submitted batch job 6202811
Submitting job: fi_bitcount_cse_exec
Submitted batch job 6202812
Submitting job: fi_bitcount_gvn_exec
Submitted batch job 6202813
Submitting job: fi_bitcount_inline_exec
Submitted batch job 6202814
Submitting job: fi_bitcount_instcombine_exec
Submitted batch job 6202815
Submitting job: fi_bitcount_ipsccp_exec
Submitted batch job 6202816
Submitting job: fi_bitcount_licm_exec
Submitted batch job 6202817
Submitting job: fi_bitcount_loopreduce_exec
Submitted batch job 6202818
Submitting job: fi_bitcount_sccp_exec
Submitted batch job 6202819
Submitting job: fi_bitcount_unroll4_exec
Submitted batch job 6202820
Submitting job: fi_bitcount_unroll_exec
Submitted batch job 6202821
Submitting job: fi_bitcount_unswitch_exec
Submitted batch job 6202822
--------------------------------------------------
All jobs submitted.
