==================================
Executable root directory: /home/rmengle/pin/source/tools/pinfi/example/paired_executables/qsort_small/execs
Hostname: hop049.orc.gmu.edu
Start Time: Fri May 15 14:16:54 EDT 2026
Output directory: /projects/lyang28/rmengle
==================================

==================================
Timing executable: exec_qsort_small_early-cse
Subfolder: leader-cse
Full path: /home/rmengle/pin/source/tools/pinfi/example/paired_executables/qsort_small/execs/leader-cse/exec_qsort_small_early-cse
Output file: /projects/lyang28/rmengle/leader-cse/exec_qsort_small_early-cse.txt
==================================
Done timing: exec_qsort_small_early-cse

==================================
Timing executable: exec_qsort_small_early-cse_early-cse
Subfolder: leader-cse
Full path: /home/rmengle/pin/source/tools/pinfi/example/paired_executables/qsort_small/execs/leader-cse/exec_qsort_small_early-cse_early-cse
Output file: /projects/lyang28/rmengle/leader-cse/exec_qsort_small_early-cse_early-cse.txt
==================================
Done timing: exec_qsort_small_early-cse_early-cse

==================================
Timing executable: exec_qsort_small_early-cse_gvn
Subfolder: leader-cse
Full path: /home/rmengle/pin/source/tools/pinfi/example/paired_executables/qsort_small/execs/leader-cse/exec_qsort_small_early-cse_gvn
Output file: /projects/lyang28/rmengle/leader-cse/exec_qsort_small_early-cse_gvn.txt
==================================
Done timing: exec_qsort_small_early-cse_gvn

==================================
Timing executable: exec_qsort_small_early-cse_inline
Subfolder: leader-cse
Full path: /home/rmengle/pin/source/tools/pinfi/example/paired_executables/qsort_small/execs/leader-cse/exec_qsort_small_early-cse_inline
Output file: /projects/lyang28/rmengle/leader-cse/exec_qsort_small_early-cse_inline.txt
==================================
Done timing: exec_qsort_small_early-cse_inline

==================================
Timing executable: exec_qsort_small_early-cse_instcombine
Subfolder: leader-cse
Full path: /home/rmengle/pin/source/tools/pinfi/example/paired_executables/qsort_small/execs/leader-cse/exec_qsort_small_early-cse_instcombine
Output file: /projects/lyang28/rmengle/leader-cse/exec_qsort_small_early-cse_instcombine.txt
==================================
Done timing: exec_qsort_small_early-cse_instcombine

==================================
Timing executable: exec_qsort_small_early-cse_ipsccp
Subfolder: leader-cse
Full path: /home/rmengle/pin/source/tools/pinfi/example/paired_executables/qsort_small/execs/leader-cse/exec_qsort_small_early-cse_ipsccp
Output file: /projects/lyang28/rmengle/leader-cse/exec_qsort_small_early-cse_ipsccp.txt
==================================
Done timing: exec_qsort_small_early-cse_ipsccp

==================================
Timing executable: exec_qsort_small_early-cse_licm
Subfolder: leader-cse
Full path: /home/rmengle/pin/source/tools/pinfi/example/paired_executables/qsort_small/execs/leader-cse/exec_qsort_small_early-cse_licm
Output file: /projects/lyang28/rmengle/leader-cse/exec_qsort_small_early-cse_licm.txt
==================================
