==================================
Executable root directory: /home/rmengle/pin/source/tools/pinfi/example/paired_executables/dijkstra_small/execs
Hostname: hop049.orc.gmu.edu
Start Time: Fri May 15 14:17:12 EDT 2026
Output directory: /projects/lyang28/rmengle
==================================

==================================
Timing executable: exec_dijkstra_small_early-cse
Subfolder: leader-cse
Full path: /home/rmengle/pin/source/tools/pinfi/example/paired_executables/dijkstra_small/execs/leader-cse/exec_dijkstra_small_early-cse
Output file: /projects/lyang28/rmengle/leader-cse/exec_dijkstra_small_early-cse.txt
==================================
Done timing: exec_dijkstra_small_early-cse

==================================
Timing executable: exec_dijkstra_small_early-cse_early-cse
Subfolder: leader-cse
Full path: /home/rmengle/pin/source/tools/pinfi/example/paired_executables/dijkstra_small/execs/leader-cse/exec_dijkstra_small_early-cse_early-cse
Output file: /projects/lyang28/rmengle/leader-cse/exec_dijkstra_small_early-cse_early-cse.txt
==================================
Done timing: exec_dijkstra_small_early-cse_early-cse

==================================
Timing executable: exec_dijkstra_small_early-cse_gvn
Subfolder: leader-cse
Full path: /home/rmengle/pin/source/tools/pinfi/example/paired_executables/dijkstra_small/execs/leader-cse/exec_dijkstra_small_early-cse_gvn
Output file: /projects/lyang28/rmengle/leader-cse/exec_dijkstra_small_early-cse_gvn.txt
==================================
Done timing: exec_dijkstra_small_early-cse_gvn

==================================
Timing executable: exec_dijkstra_small_early-cse_inline
Subfolder: leader-cse
Full path: /home/rmengle/pin/source/tools/pinfi/example/paired_executables/dijkstra_small/execs/leader-cse/exec_dijkstra_small_early-cse_inline
Output file: /projects/lyang28/rmengle/leader-cse/exec_dijkstra_small_early-cse_inline.txt
==================================
