==================================
Executable root directory: /home/rmengle/pin/source/tools/pinfi/example/paired_executables/basicmath_small/execs
Benchmark: basicmath_small
Hostname: hop046.orc.gmu.edu
Start Time: Fri May 15 14:20:44 EDT 2026
Output root: /projects/lyang28/rmengle/execution_times/paired/basicmath_small_outputs
==================================

==================================
Timing executable: exec_basicmath_small_early-cse
Subfolder: leader-cse
Full path: /home/rmengle/pin/source/tools/pinfi/example/paired_executables/basicmath_small/execs/leader-cse/exec_basicmath_small_early-cse
Output file: /projects/lyang28/rmengle/execution_times/paired/basicmath_small_outputs/leader-cse/exec_basicmath_small_early-cse.txt
==================================
Done timing: exec_basicmath_small_early-cse

==================================
Timing executable: exec_basicmath_small_early-cse_early-cse
Subfolder: leader-cse
Full path: /home/rmengle/pin/source/tools/pinfi/example/paired_executables/basicmath_small/execs/leader-cse/exec_basicmath_small_early-cse_early-cse
Output file: /projects/lyang28/rmengle/execution_times/paired/basicmath_small_outputs/leader-cse/exec_basicmath_small_early-cse_early-cse.txt
==================================
Done timing: exec_basicmath_small_early-cse_early-cse

==================================
Timing executable: exec_basicmath_small_early-cse_gvn
Subfolder: leader-cse
Full path: /home/rmengle/pin/source/tools/pinfi/example/paired_executables/basicmath_small/execs/leader-cse/exec_basicmath_small_early-cse_gvn
Output file: /projects/lyang28/rmengle/execution_times/paired/basicmath_small_outputs/leader-cse/exec_basicmath_small_early-cse_gvn.txt
==================================
Done timing: exec_basicmath_small_early-cse_gvn

==================================
Timing executable: exec_basicmath_small_early-cse_inline
Subfolder: leader-cse
Full path: /home/rmengle/pin/source/tools/pinfi/example/paired_executables/basicmath_small/execs/leader-cse/exec_basicmath_small_early-cse_inline
Output file: /projects/lyang28/rmengle/execution_times/paired/basicmath_small_outputs/leader-cse/exec_basicmath_small_early-cse_inline.txt
==================================
Done timing: exec_basicmath_small_early-cse_inline

==================================
Timing executable: exec_basicmath_small_early-cse_instcombine
Subfolder: leader-cse
Full path: /home/rmengle/pin/source/tools/pinfi/example/paired_executables/basicmath_small/execs/leader-cse/exec_basicmath_small_early-cse_instcombine
Output file: /projects/lyang28/rmengle/execution_times/paired/basicmath_small_outputs/leader-cse/exec_basicmath_small_early-cse_instcombine.txt
==================================
