Lmod has detected the following error: These module(s) or extension(s) exist
but cannot be loaded as requested: "gcc"
   Try: "module spider gcc" to see how to load the module(s).



Lmod has detected the following error: The following module(s) are unknown:
"llvm/15"

Please check the spelling or version number. Also try "module spider ..."
It is also possible your cache file is out-of-date; it may help to try:
  $ module --ignore_cache load "llvm/15"

Also make sure that all modulefiles written in TCL start with the string
#%Module



Lmod has detected the following error: These module(s) or extension(s) exist
but cannot be loaded as requested: "python"
   Try: "module spider python" to see how to load the module(s).



/var/spool/slurmd/job7308425/slurm_script: line 71: /projects/lyang28/rmengle/leader-gvn/exec_basicmath_small_gvn_gvn.txt: No such file or directory
/var/spool/slurmd/job7308425/slurm_script: line 71: /projects/lyang28/rmengle/leader-gvn/exec_basicmath_small_gvn_gvn.txt: No such file or directory
/var/spool/slurmd/job7308425/slurm_script: line 71: /projects/lyang28/rmengle/leader-gvn/exec_basicmath_small_gvn_gvn.txt: No such file or directory
/var/spool/slurmd/job7308425/slurm_script: line 71: /projects/lyang28/rmengle/leader-gvn/exec_basicmath_small_gvn_gvn.txt: No such file or directory
/var/spool/slurmd/job7308425/slurm_script: line 71: /projects/lyang28/rmengle/leader-gvn/exec_basicmath_small_gvn_gvn.txt: No such file or directory
/var/spool/slurmd/job7308425/slurm_script: line 71: /projects/lyang28/rmengle/leader-gvn/exec_basicmath_small_gvn_gvn.txt: No such file or directory
/var/spool/slurmd/job7308425/slurm_script: line 71: /projects/lyang28/rmengle/leader-gvn/exec_basicmath_small_gvn_gvn.txt: No such file or directory
/var/spool/slurmd/job7308425/slurm_script: line 71: /projects/lyang28/rmengle/leader-gvn/exec_basicmath_small_gvn_gvn.txt: No such file or directory
/var/spool/slurmd/job7308425/slurm_script: line 71: /projects/lyang28/rmengle/leader-gvn/exec_basicmath_small_gvn_gvn.txt: No such file or directory
/var/spool/slurmd/job7308425/slurm_script: line 71: /projects/lyang28/rmengle/leader-gvn/exec_basicmath_small_gvn_gvn.txt: No such file or directory
/var/spool/slurmd/job7308425/slurm_script: line 71: /projects/lyang28/rmengle/leader-gvn/exec_basicmath_small_gvn_gvn.txt: No such file or directory
/var/spool/slurmd/job7308425/slurm_script: line 71: /projects/lyang28/rmengle/leader-gvn/exec_basicmath_small_gvn_gvn.txt: No such file or directory
/var/spool/slurmd/job7308425/slurm_script: line 71: /projects/lyang28/rmengle/leader-gvn/exec_basicmath_small_gvn_gvn.txt: No such file or directory
/var/spool/slurmd/job7308425/slurm_script: line 71: /projects/lyang28/rmengle/leader-gvn/exec_basicmath_small_gvn_gvn.txt: No such file or directory
/var/spool/slurmd/job7308425/slurm_script: line 71: /projects/lyang28/rmengle/leader-gvn/exec_basicmath_small_gvn_gvn.txt: No such file or directory
/var/spool/slurmd/job7308425/slurm_script: line 71: /projects/lyang28/rmengle/leader-gvn/exec_basicmath_small_gvn_gvn.txt: No such file or directory
/var/spool/slurmd/job7308425/slurm_script: line 71: /projects/lyang28/rmengle/leader-gvn/exec_basicmath_small_gvn_gvn.txt: No such file or directory
/var/spool/slurmd/job7308425/slurm_script: line 71: /projects/lyang28/rmengle/leader-gvn/exec_basicmath_small_gvn_gvn.txt: No such file or directory
/var/spool/slurmd/job7308425/slurm_script: line 71: /projects/lyang28/rmengle/leader-gvn/exec_basicmath_small_gvn_gvn.txt: No such file or directory
/var/spool/slurmd/job7308425/slurm_script: line 71: /projects/lyang28/rmengle/leader-gvn/exec_basicmath_small_gvn_gvn.txt: No such file or directory
/var/spool/slurmd/job7308425/slurm_script: line 71: /projects/lyang28/rmengle/leader-gvn/exec_basicmath_small_gvn_gvn.txt: No such file or directory
/var/spool/slurmd/job7308425/slurm_script: line 71: /projects/lyang28/rmengle/leader-gvn/exec_basicmath_small_gvn_gvn.txt: No such file or directory
/var/spool/slurmd/job7308425/slurm_script: line 71: /projects/lyang28/rmengle/leader-gvn/exec_basicmath_small_gvn_gvn.txt: No such file or directory
/var/spool/slurmd/job7308425/slurm_script: line 71: /projects/lyang28/rmengle/leader-gvn/exec_basicmath_small_gvn_gvn.txt: No such file or directory
/var/spool/slurmd/job7308425/slurm_script: line 71: /projects/lyang28/rmengle/leader-gvn/exec_basicmath_small_gvn_gvn.txt: No such file or directory
/var/spool/slurmd/job7308425/slurm_script: line 71: /projects/lyang28/rmengle/leader-gvn/exec_basicmath_small_gvn_gvn.txt: No such file or directory
/var/spool/slurmd/job7308425/slurm_script: line 71: /projects/lyang28/rmengle/leader-gvn/exec_basicmath_small_gvn_gvn.txt: No such file or directory
/var/spool/slurmd/job7308425/slurm_script: line 71: /projects/lyang28/rmengle/leader-gvn/exec_basicmath_small_gvn_gvn.txt: No such file or directory
/var/spool/slurmd/job7308425/slurm_script: line 71: /projects/lyang28/rmengle/leader-gvn/exec_basicmath_small_gvn_gvn.txt: No such file or directory
/var/spool/slurmd/job7308425/slurm_script: line 71: /projects/lyang28/rmengle/leader-gvn/exec_basicmath_small_gvn_gvn.txt: No such file or directory
/var/spool/slurmd/job7308425/slurm_script: line 71: /projects/lyang28/rmengle/leader-gvn/exec_basicmath_small_gvn_gvn.txt: No such file or directory
/var/spool/slurmd/job7308425/slurm_script: line 71: /projects/lyang28/rmengle/leader-gvn/exec_basicmath_small_gvn_gvn.txt: No such file or directory
/var/spool/slurmd/job7308425/slurm_script: line 71: /projects/lyang28/rmengle/leader-gvn/exec_basicmath_small_gvn_gvn.txt: No such file or directory
/var/spool/slurmd/job7308425/slurm_script: line 71: /projects/lyang28/rmengle/leader-gvn/exec_basicmath_small_gvn_gvn.txt: No such file or directory
/var/spool/slurmd/job7308425/slurm_script: line 71: /projects/lyang28/rmengle/leader-gvn/exec_basicmath_small_gvn_gvn.txt: No such file or directory
/var/spool/slurmd/job7308425/slurm_script: line 71: /projects/lyang28/rmengle/leader-gvn/exec_basicmath_small_gvn_gvn.txt: No such file or directory
/var/spool/slurmd/job7308425/slurm_script: line 71: /projects/lyang28/rmengle/leader-gvn/exec_basicmath_small_gvn_gvn.txt: No such file or directory
/var/spool/slurmd/job7308425/slurm_script: line 71: /projects/lyang28/rmengle/leader-gvn/exec_basicmath_small_gvn_gvn.txt: No such file or directory
/var/spool/slurmd/job7308425/slurm_script: line 71: /projects/lyang28/rmengle/leader-gvn/exec_basicmath_small_gvn_gvn.txt: No such file or directory
/var/spool/slurmd/job7308425/slurm_script: line 71: /projects/lyang28/rmengle/leader-gvn/exec_basicmath_small_gvn_gvn.txt: No such file or directory
/var/spool/slurmd/job7308425/slurm_script: line 71: /projects/lyang28/rmengle/leader-gvn/exec_basicmath_small_gvn_gvn.txt: No such file or directory
/var/spool/slurmd/job7308425/slurm_script: line 71: /projects/lyang28/rmengle/leader-gvn/exec_basicmath_small_gvn_gvn.txt: No such file or directory
/var/spool/slurmd/job7308425/slurm_script: line 71: /projects/lyang28/rmengle/leader-gvn/exec_basicmath_small_gvn_gvn.txt: No such file or directory
/var/spool/slurmd/job7308425/slurm_script: line 71: /projects/lyang28/rmengle/leader-gvn/exec_basicmath_small_gvn_gvn.txt: No such file or directory
/var/spool/slurmd/job7308425/slurm_script: line 71: /projects/lyang28/rmengle/leader-gvn/exec_basicmath_small_gvn_gvn.txt: No such file or directory
/var/spool/slurmd/job7308425/slurm_script: line 71: /projects/lyang28/rmengle/leader-gvn/exec_basicmath_small_gvn_gvn.txt: No such file or directory
/var/spool/slurmd/job7308425/slurm_script: line 71: /projects/lyang28/rmengle/leader-gvn/exec_basicmath_small_gvn_gvn.txt: No such file or directory
/var/spool/slurmd/job7308425/slurm_script: line 71: /projects/lyang28/rmengle/leader-gvn/exec_basicmath_small_gvn_gvn.txt: No such file or directory
/var/spool/slurmd/job7308425/slurm_script: line 71: /projects/lyang28/rmengle/leader-gvn/exec_basicmath_small_gvn_gvn.txt: No such file or directory
/var/spool/slurmd/job7308425/slurm_script: line 71: /projects/lyang28/rmengle/leader-gvn/exec_basicmath_small_gvn_gvn.txt: No such file or directory
/var/spool/slurmd/job7308425/slurm_script: line 71: /projects/lyang28/rmengle/leader-gvn/exec_basicmath_small_gvn_gvn.txt: No such file or directory
/var/spool/slurmd/job7308425/slurm_script: line 71: /projects/lyang28/rmengle/leader-gvn/exec_basicmath_small_gvn_gvn.txt: No such file or directory
/var/spool/slurmd/job7308425/slurm_script: line 71: /projects/lyang28/rmengle/leader-gvn/exec_basicmath_small_gvn_gvn.txt: No such file or directory
/var/spool/slurmd/job7308425/slurm_script: line 71: /projects/lyang28/rmengle/leader-gvn/exec_basicmath_small_gvn_gvn.txt: No such file or directory
/var/spool/slurmd/job7308425/slurm_script: line 71: /projects/lyang28/rmengle/leader-gvn/exec_basicmath_small_gvn_gvn.txt: No such file or directory
/var/spool/slurmd/job7308425/slurm_script: line 71: /projects/lyang28/rmengle/leader-gvn/exec_basicmath_small_gvn_gvn.txt: No such file or directory
/var/spool/slurmd/job7308425/slurm_script: line 71: /projects/lyang28/rmengle/leader-gvn/exec_basicmath_small_gvn_gvn.txt: No such file or directory
/var/spool/slurmd/job7308425/slurm_script: line 71: /projects/lyang28/rmengle/leader-gvn/exec_basicmath_small_gvn_gvn.txt: No such file or directory
/var/spool/slurmd/job7308425/slurm_script: line 71: /projects/lyang28/rmengle/leader-gvn/exec_basicmath_small_gvn_gvn.txt: No such file or directory
/var/spool/slurmd/job7308425/slurm_script: line 71: /projects/lyang28/rmengle/leader-gvn/exec_basicmath_small_gvn_gvn.txt: No such file or directory
/var/spool/slurmd/job7308425/slurm_script: line 71: /projects/lyang28/rmengle/leader-gvn/exec_basicmath_small_gvn_gvn.txt: No such file or directory
/var/spool/slurmd/job7308425/slurm_script: line 71: /projects/lyang28/rmengle/leader-gvn/exec_basicmath_small_gvn_gvn.txt: No such file or directory
/var/spool/slurmd/job7308425/slurm_script: line 71: /projects/lyang28/rmengle/leader-gvn/exec_basicmath_small_gvn_gvn.txt: No such file or directory
/var/spool/slurmd/job7308425/slurm_script: line 71: /projects/lyang28/rmengle/leader-gvn/exec_basicmath_small_gvn_gvn.txt: No such file or directory
/var/spool/slurmd/job7308425/slurm_script: line 71: /projects/lyang28/rmengle/leader-gvn/exec_basicmath_small_gvn_gvn.txt: No such file or directory
/var/spool/slurmd/job7308425/slurm_script: line 71: /projects/lyang28/rmengle/leader-gvn/exec_basicmath_small_gvn_gvn.txt: No such file or directory
/var/spool/slurmd/job7308425/slurm_script: line 71: /projects/lyang28/rmengle/leader-gvn/exec_basicmath_small_gvn_gvn.txt: No such file or directory
/var/spool/slurmd/job7308425/slurm_script: line 71: /projects/lyang28/rmengle/leader-gvn/exec_basicmath_small_gvn_gvn.txt: No such file or directory
/var/spool/slurmd/job7308425/slurm_script: line 71: /projects/lyang28/rmengle/leader-gvn/exec_basicmath_small_gvn_gvn.txt: No such file or directory
/var/spool/slurmd/job7308425/slurm_script: line 71: /projects/lyang28/rmengle/leader-gvn/exec_basicmath_small_gvn_gvn.txt: No such file or directory
/var/spool/slurmd/job7308425/slurm_script: line 71: /projects/lyang28/rmengle/leader-gvn/exec_basicmath_small_gvn_gvn.txt: No such file or directory
/var/spool/slurmd/job7308425/slurm_script: line 71: /projects/lyang28/rmengle/leader-gvn/exec_basicmath_small_gvn_gvn.txt: No such file or directory
/var/spool/slurmd/job7308425/slurm_script: line 71: /projects/lyang28/rmengle/leader-gvn/exec_basicmath_small_gvn_gvn.txt: No such file or directory
/var/spool/slurmd/job7308425/slurm_script: line 71: /projects/lyang28/rmengle/leader-gvn/exec_basicmath_small_gvn_gvn.txt: No such file or directory
/var/spool/slurmd/job7308425/slurm_script: line 71: /projects/lyang28/rmengle/leader-gvn/exec_basicmath_small_gvn_gvn.txt: No such file or directory
/var/spool/slurmd/job7308425/slurm_script: line 71: /projects/lyang28/rmengle/leader-gvn/exec_basicmath_small_gvn_gvn.txt: No such file or directory
/var/spool/slurmd/job7308425/slurm_script: line 71: /projects/lyang28/rmengle/leader-gvn/exec_basicmath_small_gvn_gvn.txt: No such file or directory
/var/spool/slurmd/job7308425/slurm_script: line 71: /projects/lyang28/rmengle/leader-gvn/exec_basicmath_small_gvn_gvn.txt: No such file or directory
/var/spool/slurmd/job7308425/slurm_script: line 71: /projects/lyang28/rmengle/leader-gvn/exec_basicmath_small_gvn_gvn.txt: No such file or directory
/var/spool/slurmd/job7308425/slurm_script: line 71: /projects/lyang28/rmengle/leader-gvn/exec_basicmath_small_gvn_gvn.txt: No such file or directory
/var/spool/slurmd/job7308425/slurm_script: line 71: /projects/lyang28/rmengle/leader-gvn/exec_basicmath_small_gvn_gvn.txt: No such file or directory
/var/spool/slurmd/job7308425/slurm_script: line 71: /projects/lyang28/rmengle/leader-gvn/exec_basicmath_small_gvn_gvn.txt: No such file or directory
/var/spool/slurmd/job7308425/slurm_script: line 71: /projects/lyang28/rmengle/leader-gvn/exec_basicmath_small_gvn_gvn.txt: No such file or directory
/var/spool/slurmd/job7308425/slurm_script: line 71: /projects/lyang28/rmengle/leader-gvn/exec_basicmath_small_gvn_gvn.txt: No such file or directory
/var/spool/slurmd/job7308425/slurm_script: line 71: /projects/lyang28/rmengle/leader-gvn/exec_basicmath_small_gvn_gvn.txt: No such file or directory
/var/spool/slurmd/job7308425/slurm_script: line 71: /projects/lyang28/rmengle/leader-gvn/exec_basicmath_small_gvn_gvn.txt: No such file or directory
/var/spool/slurmd/job7308425/slurm_script: line 71: /projects/lyang28/rmengle/leader-gvn/exec_basicmath_small_gvn_gvn.txt: No such file or directory
/var/spool/slurmd/job7308425/slurm_script: line 71: /projects/lyang28/rmengle/leader-gvn/exec_basicmath_small_gvn_gvn.txt: No such file or directory
/var/spool/slurmd/job7308425/slurm_script: line 71: /projects/lyang28/rmengle/leader-gvn/exec_basicmath_small_gvn_gvn.txt: No such file or directory
/var/spool/slurmd/job7308425/slurm_script: line 71: /projects/lyang28/rmengle/leader-gvn/exec_basicmath_small_gvn_gvn.txt: No such file or directory
/var/spool/slurmd/job7308425/slurm_script: line 71: /projects/lyang28/rmengle/leader-gvn/exec_basicmath_small_gvn_gvn.txt: No such file or directory
/var/spool/slurmd/job7308425/slurm_script: line 71: /projects/lyang28/rmengle/leader-gvn/exec_basicmath_small_gvn_gvn.txt: No such file or directory
/var/spool/slurmd/job7308425/slurm_script: line 71: /projects/lyang28/rmengle/leader-gvn/exec_basicmath_small_gvn_gvn.txt: No such file or directory
/var/spool/slurmd/job7308425/slurm_script: line 71: /projects/lyang28/rmengle/leader-gvn/exec_basicmath_small_gvn_gvn.txt: No such file or directory
/var/spool/slurmd/job7308425/slurm_script: line 71: /projects/lyang28/rmengle/leader-gvn/exec_basicmath_small_gvn_gvn.txt: No such file or directory
/var/spool/slurmd/job7308425/slurm_script: line 71: /projects/lyang28/rmengle/leader-gvn/exec_basicmath_small_gvn_gvn.txt: No such file or directory
/var/spool/slurmd/job7308425/slurm_script: line 71: /projects/lyang28/rmengle/leader-gvn/exec_basicmath_small_gvn_gvn.txt: No such file or directory
/var/spool/slurmd/job7308425/slurm_script: line 71: /projects/lyang28/rmengle/leader-gvn/exec_basicmath_small_gvn_gvn.txt: No such file or directory
/var/spool/slurmd/job7308425/slurm_script: line 71: /projects/lyang28/rmengle/leader-gvn/exec_basicmath_small_gvn_gvn.txt: No such file or directory
/var/spool/slurmd/job7308425/slurm_script: line 71: /projects/lyang28/rmengle/leader-gvn/exec_basicmath_small_gvn_gvn.txt: No such file or directory
/var/spool/slurmd/job7308425/slurm_script: line 71: /projects/lyang28/rmengle/leader-gvn/exec_basicmath_small_gvn_gvn.txt: No such file or directory
/var/spool/slurmd/job7308425/slurm_script: line 71: /projects/lyang28/rmengle/leader-gvn/exec_basicmath_small_gvn_gvn.txt: No such file or directory
/var/spool/slurmd/job7308425/slurm_script: line 71: /projects/lyang28/rmengle/leader-gvn/exec_basicmath_small_gvn_gvn.txt: No such file or directory
/var/spool/slurmd/job7308425/slurm_script: line 71: /projects/lyang28/rmengle/leader-gvn/exec_basicmath_small_gvn_gvn.txt: No such file or directory
/var/spool/slurmd/job7308425/slurm_script: line 71: /projects/lyang28/rmengle/leader-gvn/exec_basicmath_small_gvn_gvn.txt: No such file or directory
/var/spool/slurmd/job7308425/slurm_script: line 71: /projects/lyang28/rmengle/leader-gvn/exec_basicmath_small_gvn_gvn.txt: No such file or directory
/var/spool/slurmd/job7308425/slurm_script: line 71: /projects/lyang28/rmengle/leader-gvn/exec_basicmath_small_gvn_gvn.txt: No such file or directory
/var/spool/slurmd/job7308425/slurm_script: line 71: /projects/lyang28/rmengle/leader-gvn/exec_basicmath_small_gvn_gvn.txt: No such file or directory
/var/spool/slurmd/job7308425/slurm_script: line 71: /projects/lyang28/rmengle/leader-gvn/exec_basicmath_small_gvn_gvn.txt: No such file or directory
/var/spool/slurmd/job7308425/slurm_script: line 71: /projects/lyang28/rmengle/leader-gvn/exec_basicmath_small_gvn_gvn.txt: No such file or directory
/var/spool/slurmd/job7308425/slurm_script: line 71: /projects/lyang28/rmengle/leader-gvn/exec_basicmath_small_gvn_gvn.txt: No such file or directory
/var/spool/slurmd/job7308425/slurm_script: line 71: /projects/lyang28/rmengle/leader-gvn/exec_basicmath_small_gvn_gvn.txt: No such file or directory
/var/spool/slurmd/job7308425/slurm_script: line 71: /projects/lyang28/rmengle/leader-gvn/exec_basicmath_small_gvn_gvn.txt: No such file or directory
/var/spool/slurmd/job7308425/slurm_script: line 71: /projects/lyang28/rmengle/leader-gvn/exec_basicmath_small_gvn_gvn.txt: No such file or directory
/var/spool/slurmd/job7308425/slurm_script: line 71: /projects/lyang28/rmengle/leader-gvn/exec_basicmath_small_gvn_gvn.txt: No such file or directory
/var/spool/slurmd/job7308425/slurm_script: line 71: /projects/lyang28/rmengle/leader-gvn/exec_basicmath_small_gvn_gvn.txt: No such file or directory
/var/spool/slurmd/job7308425/slurm_script: line 71: /projects/lyang28/rmengle/leader-gvn/exec_basicmath_small_gvn_gvn.txt: No such file or directory
/var/spool/slurmd/job7308425/slurm_script: line 71: /projects/lyang28/rmengle/leader-gvn/exec_basicmath_small_gvn_gvn.txt: No such file or directory
/var/spool/slurmd/job7308425/slurm_script: line 71: /projects/lyang28/rmengle/leader-gvn/exec_basicmath_small_gvn_gvn.txt: No such file or directory
/var/spool/slurmd/job7308425/slurm_script: line 71: /projects/lyang28/rmengle/leader-gvn/exec_basicmath_small_gvn_gvn.txt: No such file or directory
/var/spool/slurmd/job7308425/slurm_script: line 71: /projects/lyang28/rmengle/leader-gvn/exec_basicmath_small_gvn_gvn.txt: No such file or directory
/var/spool/slurmd/job7308425/slurm_script: line 71: /projects/lyang28/rmengle/leader-gvn/exec_basicmath_small_gvn_gvn.txt: No such file or directory
/var/spool/slurmd/job7308425/slurm_script: line 71: /projects/lyang28/rmengle/leader-gvn/exec_basicmath_small_gvn_gvn.txt: No such file or directory
/var/spool/slurmd/job7308425/slurm_script: line 71: /projects/lyang28/rmengle/leader-gvn/exec_basicmath_small_gvn_gvn.txt: No such file or directory
/var/spool/slurmd/job7308425/slurm_script: line 71: /projects/lyang28/rmengle/leader-gvn/exec_basicmath_small_gvn_gvn.txt: No such file or directory
/var/spool/slurmd/job7308425/slurm_script: line 71: /projects/lyang28/rmengle/leader-gvn/exec_basicmath_small_gvn_gvn.txt: No such file or directory
/var/spool/slurmd/job7308425/slurm_script: line 71: /projects/lyang28/rmengle/leader-gvn/exec_basicmath_small_gvn_gvn.txt: No such file or directory
/var/spool/slurmd/job7308425/slurm_script: line 71: /projects/lyang28/rmengle/leader-gvn/exec_basicmath_small_gvn_gvn.txt: No such file or directory
/var/spool/slurmd/job7308425/slurm_script: line 71: /projects/lyang28/rmengle/leader-gvn/exec_basicmath_small_gvn_gvn.txt: No such file or directory
/var/spool/slurmd/job7308425/slurm_script: line 71: /projects/lyang28/rmengle/leader-gvn/exec_basicmath_small_gvn_gvn.txt: No such file or directory
/var/spool/slurmd/job7308425/slurm_script: line 71: /projects/lyang28/rmengle/leader-gvn/exec_basicmath_small_gvn_gvn.txt: No such file or directory
/var/spool/slurmd/job7308425/slurm_script: line 71: /projects/lyang28/rmengle/leader-gvn/exec_basicmath_small_gvn_gvn.txt: No such file or directory
/var/spool/slurmd/job7308425/slurm_script: line 71: /projects/lyang28/rmengle/leader-gvn/exec_basicmath_small_gvn_gvn.txt: No such file or directory
/var/spool/slurmd/job7308425/slurm_script: line 71: /projects/lyang28/rmengle/leader-gvn/exec_basicmath_small_gvn_gvn.txt: No such file or directory
/var/spool/slurmd/job7308425/slurm_script: line 71: /projects/lyang28/rmengle/leader-gvn/exec_basicmath_small_gvn_gvn.txt: No such file or directory
/var/spool/slurmd/job7308425/slurm_script: line 71: /projects/lyang28/rmengle/leader-gvn/exec_basicmath_small_gvn_gvn.txt: No such file or directory
/var/spool/slurmd/job7308425/slurm_script: line 71: /projects/lyang28/rmengle/leader-gvn/exec_basicmath_small_gvn_gvn.txt: No such file or directory
/var/spool/slurmd/job7308425/slurm_script: line 71: /projects/lyang28/rmengle/leader-gvn/exec_basicmath_small_gvn_gvn.txt: No such file or directory
/var/spool/slurmd/job7308425/slurm_script: line 71: /projects/lyang28/rmengle/leader-gvn/exec_basicmath_small_gvn_gvn.txt: No such file or directory
/var/spool/slurmd/job7308425/slurm_script: line 71: /projects/lyang28/rmengle/leader-gvn/exec_basicmath_small_gvn_gvn.txt: No such file or directory
/var/spool/slurmd/job7308425/slurm_script: line 71: /projects/lyang28/rmengle/leader-gvn/exec_basicmath_small_gvn_gvn.txt: No such file or directory
/var/spool/slurmd/job7308425/slurm_script: line 71: /projects/lyang28/rmengle/leader-gvn/exec_basicmath_small_gvn_gvn.txt: No such file or directory
/var/spool/slurmd/job7308425/slurm_script: line 71: /projects/lyang28/rmengle/leader-gvn/exec_basicmath_small_gvn_gvn.txt: No such file or directory
/var/spool/slurmd/job7308425/slurm_script: line 71: /projects/lyang28/rmengle/leader-gvn/exec_basicmath_small_gvn_gvn.txt: No such file or directory
/var/spool/slurmd/job7308425/slurm_script: line 71: /projects/lyang28/rmengle/leader-gvn/exec_basicmath_small_gvn_gvn.txt: No such file or directory
/var/spool/slurmd/job7308425/slurm_script: line 71: /projects/lyang28/rmengle/leader-gvn/exec_basicmath_small_gvn_gvn.txt: No such file or directory
/var/spool/slurmd/job7308425/slurm_script: line 71: /projects/lyang28/rmengle/leader-gvn/exec_basicmath_small_gvn_gvn.txt: No such file or directory
/var/spool/slurmd/job7308425/slurm_script: line 71: /projects/lyang28/rmengle/leader-gvn/exec_basicmath_small_gvn_gvn.txt: No such file or directory
/var/spool/slurmd/job7308425/slurm_script: line 71: /projects/lyang28/rmengle/leader-gvn/exec_basicmath_small_gvn_gvn.txt: No such file or directory
/var/spool/slurmd/job7308425/slurm_script: line 71: /projects/lyang28/rmengle/leader-gvn/exec_basicmath_small_gvn_gvn.txt: No such file or directory
/var/spool/slurmd/job7308425/slurm_script: line 71: /projects/lyang28/rmengle/leader-gvn/exec_basicmath_small_gvn_gvn.txt: No such file or directory
/var/spool/slurmd/job7308425/slurm_script: line 71: /projects/lyang28/rmengle/leader-gvn/exec_basicmath_small_gvn_gvn.txt: No such file or directory
/var/spool/slurmd/job7308425/slurm_script: line 71: /projects/lyang28/rmengle/leader-gvn/exec_basicmath_small_gvn_gvn.txt: No such file or directory
/var/spool/slurmd/job7308425/slurm_script: line 71: /projects/lyang28/rmengle/leader-gvn/exec_basicmath_small_gvn_gvn.txt: No such file or directory
/var/spool/slurmd/job7308425/slurm_script: line 71: /projects/lyang28/rmengle/leader-gvn/exec_basicmath_small_gvn_gvn.txt: No such file or directory
/var/spool/slurmd/job7308425/slurm_script: line 71: /projects/lyang28/rmengle/leader-gvn/exec_basicmath_small_gvn_gvn.txt: No such file or directory
/var/spool/slurmd/job7308425/slurm_script: line 71: /projects/lyang28/rmengle/leader-gvn/exec_basicmath_small_gvn_gvn.txt: No such file or directory
/var/spool/slurmd/job7308425/slurm_script: line 71: /projects/lyang28/rmengle/leader-gvn/exec_basicmath_small_gvn_gvn.txt: No such file or directory
/var/spool/slurmd/job7308425/slurm_script: line 71: /projects/lyang28/rmengle/leader-gvn/exec_basicmath_small_gvn_gvn.txt: No such file or directory
/var/spool/slurmd/job7308425/slurm_script: line 71: /projects/lyang28/rmengle/leader-gvn/exec_basicmath_small_gvn_gvn.txt: No such file or directory
/var/spool/slurmd/job7308425/slurm_script: line 71: /projects/lyang28/rmengle/leader-gvn/exec_basicmath_small_gvn_gvn.txt: No such file or directory
/var/spool/slurmd/job7308425/slurm_script: line 71: /projects/lyang28/rmengle/leader-gvn/exec_basicmath_small_gvn_gvn.txt: No such file or directory
/var/spool/slurmd/job7308425/slurm_script: line 71: /projects/lyang28/rmengle/leader-gvn/exec_basicmath_small_gvn_gvn.txt: No such file or directory
/var/spool/slurmd/job7308425/slurm_script: line 71: /projects/lyang28/rmengle/leader-gvn/exec_basicmath_small_gvn_gvn.txt: No such file or directory
/var/spool/slurmd/job7308425/slurm_script: line 71: /projects/lyang28/rmengle/leader-gvn/exec_basicmath_small_gvn_gvn.txt: No such file or directory
/var/spool/slurmd/job7308425/slurm_script: line 71: /projects/lyang28/rmengle/leader-gvn/exec_basicmath_small_gvn_gvn.txt: No such file or directory
/var/spool/slurmd/job7308425/slurm_script: line 71: /projects/lyang28/rmengle/leader-gvn/exec_basicmath_small_gvn_gvn.txt: No such file or directory
/var/spool/slurmd/job7308425/slurm_script: line 71: /projects/lyang28/rmengle/leader-gvn/exec_basicmath_small_gvn_gvn.txt: No such file or directory
/var/spool/slurmd/job7308425/slurm_script: line 71: /projects/lyang28/rmengle/leader-gvn/exec_basicmath_small_gvn_gvn.txt: No such file or directory
/var/spool/slurmd/job7308425/slurm_script: line 71: /projects/lyang28/rmengle/leader-gvn/exec_basicmath_small_gvn_gvn.txt: No such file or directory
/var/spool/slurmd/job7308425/slurm_script: line 71: /projects/lyang28/rmengle/leader-gvn/exec_basicmath_small_gvn_gvn.txt: No such file or directory
/var/spool/slurmd/job7308425/slurm_script: line 71: /projects/lyang28/rmengle/leader-gvn/exec_basicmath_small_gvn_gvn.txt: No such file or directory
/var/spool/slurmd/job7308425/slurm_script: line 71: /projects/lyang28/rmengle/leader-gvn/exec_basicmath_small_gvn_gvn.txt: No such file or directory
/var/spool/slurmd/job7308425/slurm_script: line 71: /projects/lyang28/rmengle/leader-gvn/exec_basicmath_small_gvn_gvn.txt: No such file or directory
/var/spool/slurmd/job7308425/slurm_script: line 71: /projects/lyang28/rmengle/leader-gvn/exec_basicmath_small_gvn_gvn.txt: No such file or directory
/var/spool/slurmd/job7308425/slurm_script: line 71: /projects/lyang28/rmengle/leader-gvn/exec_basicmath_small_gvn_gvn.txt: No such file or directory
/var/spool/slurmd/job7308425/slurm_script: line 71: /projects/lyang28/rmengle/leader-gvn/exec_basicmath_small_gvn_gvn.txt: No such file or directory
/var/spool/slurmd/job7308425/slurm_script: line 71: /projects/lyang28/rmengle/leader-gvn/exec_basicmath_small_gvn_gvn.txt: No such file or directory
/var/spool/slurmd/job7308425/slurm_script: line 71: /projects/lyang28/rmengle/leader-gvn/exec_basicmath_small_gvn_gvn.txt: No such file or directory
/var/spool/slurmd/job7308425/slurm_script: line 71: /projects/lyang28/rmengle/leader-gvn/exec_basicmath_small_gvn_gvn.txt: No such file or directory
/var/spool/slurmd/job7308425/slurm_script: line 71: /projects/lyang28/rmengle/leader-gvn/exec_basicmath_small_gvn_gvn.txt: No such file or directory
/var/spool/slurmd/job7308425/slurm_script: line 71: /projects/lyang28/rmengle/leader-gvn/exec_basicmath_small_gvn_gvn.txt: No such file or directory
/var/spool/slurmd/job7308425/slurm_script: line 71: /projects/lyang28/rmengle/leader-gvn/exec_basicmath_small_gvn_gvn.txt: No such file or directory
/var/spool/slurmd/job7308425/slurm_script: line 71: /projects/lyang28/rmengle/leader-gvn/exec_basicmath_small_gvn_gvn.txt: No such file or directory
/var/spool/slurmd/job7308425/slurm_script: line 71: /projects/lyang28/rmengle/leader-gvn/exec_basicmath_small_gvn_gvn.txt: No such file or directory
/var/spool/slurmd/job7308425/slurm_script: line 71: /projects/lyang28/rmengle/leader-gvn/exec_basicmath_small_gvn_gvn.txt: No such file or directory
/var/spool/slurmd/job7308425/slurm_script: line 71: /projects/lyang28/rmengle/leader-gvn/exec_basicmath_small_gvn_gvn.txt: No such file or directory
/var/spool/slurmd/job7308425/slurm_script: line 71: /projects/lyang28/rmengle/leader-gvn/exec_basicmath_small_gvn_gvn.txt: No such file or directory
/var/spool/slurmd/job7308425/slurm_script: line 71: /projects/lyang28/rmengle/leader-gvn/exec_basicmath_small_gvn_gvn.txt: No such file or directory
/var/spool/slurmd/job7308425/slurm_script: line 71: /projects/lyang28/rmengle/leader-gvn/exec_basicmath_small_gvn_gvn.txt: No such file or directory
/var/spool/slurmd/job7308425/slurm_script: line 71: /projects/lyang28/rmengle/leader-gvn/exec_basicmath_small_gvn_gvn.txt: No such file or directory
/var/spool/slurmd/job7308425/slurm_script: line 71: /projects/lyang28/rmengle/leader-gvn/exec_basicmath_small_gvn_gvn.txt: No such file or directory
/var/spool/slurmd/job7308425/slurm_script: line 71: /projects/lyang28/rmengle/leader-gvn/exec_basicmath_small_gvn_gvn.txt: No such file or directory
/var/spool/slurmd/job7308425/slurm_script: line 71: /projects/lyang28/rmengle/leader-gvn/exec_basicmath_small_gvn_gvn.txt: No such file or directory
/var/spool/slurmd/job7308425/slurm_script: line 71: /projects/lyang28/rmengle/leader-gvn/exec_basicmath_small_gvn_gvn.txt: No such file or directory
/var/spool/slurmd/job7308425/slurm_script: line 71: /projects/lyang28/rmengle/leader-gvn/exec_basicmath_small_gvn_gvn.txt: No such file or directory
/var/spool/slurmd/job7308425/slurm_script: line 71: /projects/lyang28/rmengle/leader-gvn/exec_basicmath_small_gvn_gvn.txt: No such file or directory
/var/spool/slurmd/job7308425/slurm_script: line 71: /projects/lyang28/rmengle/leader-gvn/exec_basicmath_small_gvn_gvn.txt: No such file or directory
/var/spool/slurmd/job7308425/slurm_script: line 71: /projects/lyang28/rmengle/leader-gvn/exec_basicmath_small_gvn_gvn.txt: No such file or directory
/var/spool/slurmd/job7308425/slurm_script: line 71: /projects/lyang28/rmengle/leader-gvn/exec_basicmath_small_gvn_gvn.txt: No such file or directory
/var/spool/slurmd/job7308425/slurm_script: line 71: /projects/lyang28/rmengle/leader-gvn/exec_basicmath_small_gvn_gvn.txt: No such file or directory
/var/spool/slurmd/job7308425/slurm_script: line 71: /projects/lyang28/rmengle/leader-gvn/exec_basicmath_small_gvn_gvn.txt: No such file or directory
/var/spool/slurmd/job7308425/slurm_script: line 71: /projects/lyang28/rmengle/leader-gvn/exec_basicmath_small_gvn_gvn.txt: No such file or directory
/var/spool/slurmd/job7308425/slurm_script: line 71: /projects/lyang28/rmengle/leader-gvn/exec_basicmath_small_gvn_gvn.txt: No such file or directory
/var/spool/slurmd/job7308425/slurm_script: line 71: /projects/lyang28/rmengle/leader-gvn/exec_basicmath_small_gvn_gvn.txt: No such file or directory
/var/spool/slurmd/job7308425/slurm_script: line 71: /projects/lyang28/rmengle/leader-gvn/exec_basicmath_small_gvn_gvn.txt: No such file or directory
/var/spool/slurmd/job7308425/slurm_script: line 71: /projects/lyang28/rmengle/leader-gvn/exec_basicmath_small_gvn_gvn.txt: No such file or directory
/var/spool/slurmd/job7308425/slurm_script: line 71: /projects/lyang28/rmengle/leader-gvn/exec_basicmath_small_gvn_gvn.txt: No such file or directory
/var/spool/slurmd/job7308425/slurm_script: line 71: /projects/lyang28/rmengle/leader-gvn/exec_basicmath_small_gvn_gvn.txt: No such file or directory
/var/spool/slurmd/job7308425/slurm_script: line 71: /projects/lyang28/rmengle/leader-gvn/exec_basicmath_small_gvn_gvn.txt: No such file or directory
/var/spool/slurmd/job7308425/slurm_script: line 71: /projects/lyang28/rmengle/leader-gvn/exec_basicmath_small_gvn_gvn.txt: No such file or directory
/var/spool/slurmd/job7308425/slurm_script: line 71: /projects/lyang28/rmengle/leader-gvn/exec_basicmath_small_gvn_gvn.txt: No such file or directory
/var/spool/slurmd/job7308425/slurm_script: line 71: /projects/lyang28/rmengle/leader-gvn/exec_basicmath_small_gvn_gvn.txt: No such file or directory
/var/spool/slurmd/job7308425/slurm_script: line 71: /projects/lyang28/rmengle/leader-gvn/exec_basicmath_small_gvn_gvn.txt: No such file or directory
/var/spool/slurmd/job7308425/slurm_script: line 71: /projects/lyang28/rmengle/leader-gvn/exec_basicmath_small_gvn_gvn.txt: No such file or directory
/var/spool/slurmd/job7308425/slurm_script: line 71: /projects/lyang28/rmengle/leader-gvn/exec_basicmath_small_gvn_gvn.txt: No such file or directory
/var/spool/slurmd/job7308425/slurm_script: line 71: /projects/lyang28/rmengle/leader-gvn/exec_basicmath_small_gvn_gvn.txt: No such file or directory
/var/spool/slurmd/job7308425/slurm_script: line 71: /projects/lyang28/rmengle/leader-gvn/exec_basicmath_small_gvn_gvn.txt: No such file or directory
/var/spool/slurmd/job7308425/slurm_script: line 71: /projects/lyang28/rmengle/leader-gvn/exec_basicmath_small_gvn_gvn.txt: No such file or directory
/var/spool/slurmd/job7308425/slurm_script: line 71: /projects/lyang28/rmengle/leader-gvn/exec_basicmath_small_gvn_gvn.txt: No such file or directory
/var/spool/slurmd/job7308425/slurm_script: line 71: /projects/lyang28/rmengle/leader-gvn/exec_basicmath_small_gvn_gvn.txt: No such file or directory
/var/spool/slurmd/job7308425/slurm_script: line 71: /projects/lyang28/rmengle/leader-gvn/exec_basicmath_small_gvn_gvn.txt: No such file or directory
/var/spool/slurmd/job7308425/slurm_script: line 71: /projects/lyang28/rmengle/leader-gvn/exec_basicmath_small_gvn_gvn.txt: No such file or directory
/var/spool/slurmd/job7308425/slurm_script: line 71: /projects/lyang28/rmengle/leader-gvn/exec_basicmath_small_gvn_gvn.txt: No such file or directory
/var/spool/slurmd/job7308425/slurm_script: line 71: /projects/lyang28/rmengle/leader-gvn/exec_basicmath_small_gvn_gvn.txt: No such file or directory
/var/spool/slurmd/job7308425/slurm_script: line 71: /projects/lyang28/rmengle/leader-gvn/exec_basicmath_small_gvn_gvn.txt: No such file or directory
/var/spool/slurmd/job7308425/slurm_script: line 71: /projects/lyang28/rmengle/leader-gvn/exec_basicmath_small_gvn_gvn.txt: No such file or directory
/var/spool/slurmd/job7308425/slurm_script: line 71: /projects/lyang28/rmengle/leader-gvn/exec_basicmath_small_gvn_gvn.txt: No such file or directory
/var/spool/slurmd/job7308425/slurm_script: line 71: /projects/lyang28/rmengle/leader-gvn/exec_basicmath_small_gvn_gvn.txt: No such file or directory
/var/spool/slurmd/job7308425/slurm_script: line 71: /projects/lyang28/rmengle/leader-gvn/exec_basicmath_small_gvn_gvn.txt: No such file or directory
/var/spool/slurmd/job7308425/slurm_script: line 71: /projects/lyang28/rmengle/leader-gvn/exec_basicmath_small_gvn_gvn.txt: No such file or directory
/var/spool/slurmd/job7308425/slurm_script: line 71: /projects/lyang28/rmengle/leader-gvn/exec_basicmath_small_gvn_gvn.txt: No such file or directory
/var/spool/slurmd/job7308425/slurm_script: line 71: /projects/lyang28/rmengle/leader-gvn/exec_basicmath_small_gvn_gvn.txt: No such file or directory
/var/spool/slurmd/job7308425/slurm_script: line 71: /projects/lyang28/rmengle/leader-gvn/exec_basicmath_small_gvn_gvn.txt: No such file or directory
/var/spool/slurmd/job7308425/slurm_script: line 71: /projects/lyang28/rmengle/leader-gvn/exec_basicmath_small_gvn_gvn.txt: No such file or directory
/var/spool/slurmd/job7308425/slurm_script: line 71: /projects/lyang28/rmengle/leader-gvn/exec_basicmath_small_gvn_gvn.txt: No such file or directory
/var/spool/slurmd/job7308425/slurm_script: line 71: /projects/lyang28/rmengle/leader-gvn/exec_basicmath_small_gvn_gvn.txt: No such file or directory
/var/spool/slurmd/job7308425/slurm_script: line 71: /projects/lyang28/rmengle/leader-gvn/exec_basicmath_small_gvn_gvn.txt: No such file or directory
/var/spool/slurmd/job7308425/slurm_script: line 71: /projects/lyang28/rmengle/leader-gvn/exec_basicmath_small_gvn_gvn.txt: No such file or directory
/var/spool/slurmd/job7308425/slurm_script: line 71: /projects/lyang28/rmengle/leader-gvn/exec_basicmath_small_gvn_gvn.txt: No such file or directory
/var/spool/slurmd/job7308425/slurm_script: line 71: /projects/lyang28/rmengle/leader-gvn/exec_basicmath_small_gvn_gvn.txt: No such file or directory
/var/spool/slurmd/job7308425/slurm_script: line 71: /projects/lyang28/rmengle/leader-gvn/exec_basicmath_small_gvn_gvn.txt: No such file or directory
/var/spool/slurmd/job7308425/slurm_script: line 71: /projects/lyang28/rmengle/leader-gvn/exec_basicmath_small_gvn_gvn.txt: No such file or directory
/var/spool/slurmd/job7308425/slurm_script: line 71: /projects/lyang28/rmengle/leader-gvn/exec_basicmath_small_gvn_gvn.txt: No such file or directory
/var/spool/slurmd/job7308425/slurm_script: line 71: /projects/lyang28/rmengle/leader-gvn/exec_basicmath_small_gvn_gvn.txt: No such file or directory
/var/spool/slurmd/job7308425/slurm_script: line 71: /projects/lyang28/rmengle/leader-gvn/exec_basicmath_small_gvn_gvn.txt: No such file or directory
/var/spool/slurmd/job7308425/slurm_script: line 71: /projects/lyang28/rmengle/leader-gvn/exec_basicmath_small_gvn_gvn.txt: No such file or directory
/var/spool/slurmd/job7308425/slurm_script: line 71: /projects/lyang28/rmengle/leader-gvn/exec_basicmath_small_gvn_gvn.txt: No such file or directory
/var/spool/slurmd/job7308425/slurm_script: line 71: /projects/lyang28/rmengle/leader-gvn/exec_basicmath_small_gvn_gvn.txt: No such file or directory
/var/spool/slurmd/job7308425/slurm_script: line 71: /projects/lyang28/rmengle/leader-gvn/exec_basicmath_small_gvn_gvn.txt: No such file or directory
/var/spool/slurmd/job7308425/slurm_script: line 71: /projects/lyang28/rmengle/leader-gvn/exec_basicmath_small_gvn_gvn.txt: No such file or directory
/var/spool/slurmd/job7308425/slurm_script: line 71: /projects/lyang28/rmengle/leader-gvn/exec_basicmath_small_gvn_gvn.txt: No such file or directory
/var/spool/slurmd/job7308425/slurm_script: line 71: /projects/lyang28/rmengle/leader-gvn/exec_basicmath_small_gvn_gvn.txt: No such file or directory
/var/spool/slurmd/job7308425/slurm_script: line 71: /projects/lyang28/rmengle/leader-gvn/exec_basicmath_small_gvn_gvn.txt: No such file or directory
/var/spool/slurmd/job7308425/slurm_script: line 71: /projects/lyang28/rmengle/leader-gvn/exec_basicmath_small_gvn_gvn.txt: No such file or directory
/var/spool/slurmd/job7308425/slurm_script: line 71: /projects/lyang28/rmengle/leader-gvn/exec_basicmath_small_gvn_gvn.txt: No such file or directory
/var/spool/slurmd/job7308425/slurm_script: line 71: /projects/lyang28/rmengle/leader-gvn/exec_basicmath_small_gvn_gvn.txt: No such file or directory
/var/spool/slurmd/job7308425/slurm_script: line 71: /projects/lyang28/rmengle/leader-gvn/exec_basicmath_small_gvn_gvn.txt: No such file or directory
/var/spool/slurmd/job7308425/slurm_script: line 71: /projects/lyang28/rmengle/leader-gvn/exec_basicmath_small_gvn_gvn.txt: No such file or directory
/var/spool/slurmd/job7308425/slurm_script: line 71: /projects/lyang28/rmengle/leader-gvn/exec_basicmath_small_gvn_gvn.txt: No such file or directory
/var/spool/slurmd/job7308425/slurm_script: line 71: /projects/lyang28/rmengle/leader-gvn/exec_basicmath_small_gvn_gvn.txt: No such file or directory
/var/spool/slurmd/job7308425/slurm_script: line 71: /projects/lyang28/rmengle/leader-gvn/exec_basicmath_small_gvn_gvn.txt: No such file or directory
/var/spool/slurmd/job7308425/slurm_script: line 71: /projects/lyang28/rmengle/leader-gvn/exec_basicmath_small_gvn_gvn.txt: No such file or directory
/var/spool/slurmd/job7308425/slurm_script: line 71: /projects/lyang28/rmengle/leader-gvn/exec_basicmath_small_gvn_gvn.txt: No such file or directory
/var/spool/slurmd/job7308425/slurm_script: line 71: /projects/lyang28/rmengle/leader-gvn/exec_basicmath_small_gvn_gvn.txt: No such file or directory
/var/spool/slurmd/job7308425/slurm_script: line 71: /projects/lyang28/rmengle/leader-gvn/exec_basicmath_small_gvn_gvn.txt: No such file or directory
/var/spool/slurmd/job7308425/slurm_script: line 71: /projects/lyang28/rmengle/leader-gvn/exec_basicmath_small_gvn_gvn.txt: No such file or directory
/var/spool/slurmd/job7308425/slurm_script: line 71: /projects/lyang28/rmengle/leader-gvn/exec_basicmath_small_gvn_gvn.txt: No such file or directory
/var/spool/slurmd/job7308425/slurm_script: line 71: /projects/lyang28/rmengle/leader-gvn/exec_basicmath_small_gvn_gvn.txt: No such file or directory
/var/spool/slurmd/job7308425/slurm_script: line 71: /projects/lyang28/rmengle/leader-gvn/exec_basicmath_small_gvn_gvn.txt: No such file or directory
/var/spool/slurmd/job7308425/slurm_script: line 71: /projects/lyang28/rmengle/leader-gvn/exec_basicmath_small_gvn_gvn.txt: No such file or directory
/var/spool/slurmd/job7308425/slurm_script: line 71: /projects/lyang28/rmengle/leader-gvn/exec_basicmath_small_gvn_gvn.txt: No such file or directory
/var/spool/slurmd/job7308425/slurm_script: line 71: /projects/lyang28/rmengle/leader-gvn/exec_basicmath_small_gvn_gvn.txt: No such file or directory
/var/spool/slurmd/job7308425/slurm_script: line 71: /projects/lyang28/rmengle/leader-gvn/exec_basicmath_small_gvn_gvn.txt: No such file or directory
/var/spool/slurmd/job7308425/slurm_script: line 71: /projects/lyang28/rmengle/leader-gvn/exec_basicmath_small_gvn_gvn.txt: No such file or directory
/var/spool/slurmd/job7308425/slurm_script: line 71: /projects/lyang28/rmengle/leader-gvn/exec_basicmath_small_gvn_gvn.txt: No such file or directory
/var/spool/slurmd/job7308425/slurm_script: line 71: /projects/lyang28/rmengle/leader-gvn/exec_basicmath_small_gvn_gvn.txt: No such file or directory
/var/spool/slurmd/job7308425/slurm_script: line 71: /projects/lyang28/rmengle/leader-gvn/exec_basicmath_small_gvn_gvn.txt: No such file or directory
/var/spool/slurmd/job7308425/slurm_script: line 71: /projects/lyang28/rmengle/leader-gvn/exec_basicmath_small_gvn_gvn.txt: No such file or directory
/var/spool/slurmd/job7308425/slurm_script: line 71: /projects/lyang28/rmengle/leader-gvn/exec_basicmath_small_gvn_gvn.txt: No such file or directory
/var/spool/slurmd/job7308425/slurm_script: line 71: /projects/lyang28/rmengle/leader-gvn/exec_basicmath_small_gvn_gvn.txt: No such file or directory
/var/spool/slurmd/job7308425/slurm_script: line 71: /projects/lyang28/rmengle/leader-gvn/exec_basicmath_small_gvn_gvn.txt: No such file or directory
/var/spool/slurmd/job7308425/slurm_script: line 71: /projects/lyang28/rmengle/leader-gvn/exec_basicmath_small_gvn_gvn.txt: No such file or directory
/var/spool/slurmd/job7308425/slurm_script: line 71: /projects/lyang28/rmengle/leader-gvn/exec_basicmath_small_gvn_gvn.txt: No such file or directory
/var/spool/slurmd/job7308425/slurm_script: line 71: /projects/lyang28/rmengle/leader-gvn/exec_basicmath_small_gvn_gvn.txt: No such file or directory
/var/spool/slurmd/job7308425/slurm_script: line 71: /projects/lyang28/rmengle/leader-gvn/exec_basicmath_small_gvn_gvn.txt: No such file or directory
/var/spool/slurmd/job7308425/slurm_script: line 71: /projects/lyang28/rmengle/leader-gvn/exec_basicmath_small_gvn_gvn.txt: No such file or directory
/var/spool/slurmd/job7308425/slurm_script: line 71: /projects/lyang28/rmengle/leader-gvn/exec_basicmath_small_gvn_gvn.txt: No such file or directory
/var/spool/slurmd/job7308425/slurm_script: line 71: /projects/lyang28/rmengle/leader-gvn/exec_basicmath_small_gvn_gvn.txt: No such file or directory
/var/spool/slurmd/job7308425/slurm_script: line 71: /projects/lyang28/rmengle/leader-gvn/exec_basicmath_small_gvn_gvn.txt: No such file or directory
/var/spool/slurmd/job7308425/slurm_script: line 71: /projects/lyang28/rmengle/leader-gvn/exec_basicmath_small_gvn_gvn.txt: No such file or directory
/var/spool/slurmd/job7308425/slurm_script: line 71: /projects/lyang28/rmengle/leader-gvn/exec_basicmath_small_gvn_gvn.txt: No such file or directory
/var/spool/slurmd/job7308425/slurm_script: line 71: /projects/lyang28/rmengle/leader-gvn/exec_basicmath_small_gvn_gvn.txt: No such file or directory
/var/spool/slurmd/job7308425/slurm_script: line 71: /projects/lyang28/rmengle/leader-gvn/exec_basicmath_small_gvn_gvn.txt: No such file or directory
/var/spool/slurmd/job7308425/slurm_script: line 71: /projects/lyang28/rmengle/leader-gvn/exec_basicmath_small_gvn_gvn.txt: No such file or directory
/var/spool/slurmd/job7308425/slurm_script: line 71: /projects/lyang28/rmengle/leader-gvn/exec_basicmath_small_gvn_gvn.txt: No such file or directory
/var/spool/slurmd/job7308425/slurm_script: line 71: /projects/lyang28/rmengle/leader-gvn/exec_basicmath_small_gvn_gvn.txt: No such file or directory
/var/spool/slurmd/job7308425/slurm_script: line 71: /projects/lyang28/rmengle/leader-gvn/exec_basicmath_small_gvn_gvn.txt: No such file or directory
/var/spool/slurmd/job7308425/slurm_script: line 71: /projects/lyang28/rmengle/leader-gvn/exec_basicmath_small_gvn_gvn.txt: No such file or directory
/var/spool/slurmd/job7308425/slurm_script: line 71: /projects/lyang28/rmengle/leader-gvn/exec_basicmath_small_gvn_gvn.txt: No such file or directory
/var/spool/slurmd/job7308425/slurm_script: line 71: /projects/lyang28/rmengle/leader-gvn/exec_basicmath_small_gvn_gvn.txt: No such file or directory
/var/spool/slurmd/job7308425/slurm_script: line 71: /projects/lyang28/rmengle/leader-gvn/exec_basicmath_small_gvn_gvn.txt: No such file or directory
/var/spool/slurmd/job7308425/slurm_script: line 71: /projects/lyang28/rmengle/leader-gvn/exec_basicmath_small_gvn_gvn.txt: No such file or directory
/var/spool/slurmd/job7308425/slurm_script: line 71: /projects/lyang28/rmengle/leader-gvn/exec_basicmath_small_gvn_gvn.txt: No such file or directory
/var/spool/slurmd/job7308425/slurm_script: line 71: /projects/lyang28/rmengle/leader-gvn/exec_basicmath_small_gvn_gvn.txt: No such file or directory
/var/spool/slurmd/job7308425/slurm_script: line 71: /projects/lyang28/rmengle/leader-gvn/exec_basicmath_small_gvn_gvn.txt: No such file or directory
/var/spool/slurmd/job7308425/slurm_script: line 71: /projects/lyang28/rmengle/leader-gvn/exec_basicmath_small_gvn_gvn.txt: No such file or directory
/var/spool/slurmd/job7308425/slurm_script: line 71: /projects/lyang28/rmengle/leader-gvn/exec_basicmath_small_gvn_gvn.txt: No such file or directory
/var/spool/slurmd/job7308425/slurm_script: line 71: /projects/lyang28/rmengle/leader-gvn/exec_basicmath_small_gvn_gvn.txt: No such file or directory
/var/spool/slurmd/job7308425/slurm_script: line 71: /projects/lyang28/rmengle/leader-gvn/exec_basicmath_small_gvn_gvn.txt: No such file or directory
/var/spool/slurmd/job7308425/slurm_script: line 71: /projects/lyang28/rmengle/leader-gvn/exec_basicmath_small_gvn_gvn.txt: No such file or directory
/var/spool/slurmd/job7308425/slurm_script: line 71: /projects/lyang28/rmengle/leader-gvn/exec_basicmath_small_gvn_gvn.txt: No such file or directory
/var/spool/slurmd/job7308425/slurm_script: line 71: /projects/lyang28/rmengle/leader-gvn/exec_basicmath_small_gvn_gvn.txt: No such file or directory
/var/spool/slurmd/job7308425/slurm_script: line 71: /projects/lyang28/rmengle/leader-gvn/exec_basicmath_small_gvn_gvn.txt: No such file or directory
/var/spool/slurmd/job7308425/slurm_script: line 71: /projects/lyang28/rmengle/leader-gvn/exec_basicmath_small_gvn_gvn.txt: No such file or directory
/var/spool/slurmd/job7308425/slurm_script: line 71: /projects/lyang28/rmengle/leader-gvn/exec_basicmath_small_gvn_gvn.txt: No such file or directory
/var/spool/slurmd/job7308425/slurm_script: line 71: /projects/lyang28/rmengle/leader-gvn/exec_basicmath_small_gvn_gvn.txt: No such file or directory
/var/spool/slurmd/job7308425/slurm_script: line 71: /projects/lyang28/rmengle/leader-gvn/exec_basicmath_small_gvn_gvn.txt: No such file or directory
/var/spool/slurmd/job7308425/slurm_script: line 71: /projects/lyang28/rmengle/leader-gvn/exec_basicmath_small_gvn_gvn.txt: No such file or directory
/var/spool/slurmd/job7308425/slurm_script: line 71: /projects/lyang28/rmengle/leader-gvn/exec_basicmath_small_gvn_gvn.txt: No such file or directory
/var/spool/slurmd/job7308425/slurm_script: line 71: /projects/lyang28/rmengle/leader-gvn/exec_basicmath_small_gvn_gvn.txt: No such file or directory
/var/spool/slurmd/job7308425/slurm_script: line 71: /projects/lyang28/rmengle/leader-gvn/exec_basicmath_small_gvn_gvn.txt: No such file or directory
/var/spool/slurmd/job7308425/slurm_script: line 71: /projects/lyang28/rmengle/leader-gvn/exec_basicmath_small_gvn_gvn.txt: No such file or directory
/var/spool/slurmd/job7308425/slurm_script: line 71: /projects/lyang28/rmengle/leader-gvn/exec_basicmath_small_gvn_gvn.txt: No such file or directory
/var/spool/slurmd/job7308425/slurm_script: line 71: /projects/lyang28/rmengle/leader-gvn/exec_basicmath_small_gvn_gvn.txt: No such file or directory
/var/spool/slurmd/job7308425/slurm_script: line 71: /projects/lyang28/rmengle/leader-gvn/exec_basicmath_small_gvn_gvn.txt: No such file or directory
/var/spool/slurmd/job7308425/slurm_script: line 71: /projects/lyang28/rmengle/leader-gvn/exec_basicmath_small_gvn_gvn.txt: No such file or directory
/var/spool/slurmd/job7308425/slurm_script: line 71: /projects/lyang28/rmengle/leader-gvn/exec_basicmath_small_gvn_gvn.txt: No such file or directory
/var/spool/slurmd/job7308425/slurm_script: line 71: /projects/lyang28/rmengle/leader-gvn/exec_basicmath_small_gvn_gvn.txt: No such file or directory
/var/spool/slurmd/job7308425/slurm_script: line 71: /projects/lyang28/rmengle/leader-gvn/exec_basicmath_small_gvn_gvn.txt: No such file or directory
/var/spool/slurmd/job7308425/slurm_script: line 71: /projects/lyang28/rmengle/leader-gvn/exec_basicmath_small_gvn_gvn.txt: No such file or directory
/var/spool/slurmd/job7308425/slurm_script: line 71: /projects/lyang28/rmengle/leader-gvn/exec_basicmath_small_gvn_gvn.txt: No such file or directory
/var/spool/slurmd/job7308425/slurm_script: line 71: /projects/lyang28/rmengle/leader-gvn/exec_basicmath_small_gvn_gvn.txt: No such file or directory
/var/spool/slurmd/job7308425/slurm_script: line 71: /projects/lyang28/rmengle/leader-gvn/exec_basicmath_small_gvn_gvn.txt: No such file or directory
/var/spool/slurmd/job7308425/slurm_script: line 71: /projects/lyang28/rmengle/leader-gvn/exec_basicmath_small_gvn_gvn.txt: No such file or directory
/var/spool/slurmd/job7308425/slurm_script: line 71: /projects/lyang28/rmengle/leader-gvn/exec_basicmath_small_gvn_gvn.txt: No such file or directory
/var/spool/slurmd/job7308425/slurm_script: line 71: /projects/lyang28/rmengle/leader-gvn/exec_basicmath_small_gvn_gvn.txt: No such file or directory
/var/spool/slurmd/job7308425/slurm_script: line 71: /projects/lyang28/rmengle/leader-gvn/exec_basicmath_small_gvn_gvn.txt: No such file or directory
/var/spool/slurmd/job7308425/slurm_script: line 71: /projects/lyang28/rmengle/leader-gvn/exec_basicmath_small_gvn_gvn.txt: No such file or directory
/var/spool/slurmd/job7308425/slurm_script: line 71: /projects/lyang28/rmengle/leader-gvn/exec_basicmath_small_gvn_gvn.txt: No such file or directory
/var/spool/slurmd/job7308425/slurm_script: line 71: /projects/lyang28/rmengle/leader-gvn/exec_basicmath_small_gvn_gvn.txt: No such file or directory
/var/spool/slurmd/job7308425/slurm_script: line 71: /projects/lyang28/rmengle/leader-gvn/exec_basicmath_small_gvn_gvn.txt: No such file or directory
/var/spool/slurmd/job7308425/slurm_script: line 71: /projects/lyang28/rmengle/leader-gvn/exec_basicmath_small_gvn_gvn.txt: No such file or directory
/var/spool/slurmd/job7308425/slurm_script: line 71: /projects/lyang28/rmengle/leader-gvn/exec_basicmath_small_gvn_gvn.txt: No such file or directory
/var/spool/slurmd/job7308425/slurm_script: line 71: /projects/lyang28/rmengle/leader-gvn/exec_basicmath_small_gvn_gvn.txt: No such file or directory
/var/spool/slurmd/job7308425/slurm_script: line 71: /projects/lyang28/rmengle/leader-gvn/exec_basicmath_small_gvn_gvn.txt: No such file or directory
/var/spool/slurmd/job7308425/slurm_script: line 71: /projects/lyang28/rmengle/leader-gvn/exec_basicmath_small_gvn_gvn.txt: No such file or directory
/var/spool/slurmd/job7308425/slurm_script: line 71: /projects/lyang28/rmengle/leader-gvn/exec_basicmath_small_gvn_gvn.txt: No such file or directory
/var/spool/slurmd/job7308425/slurm_script: line 71: /projects/lyang28/rmengle/leader-gvn/exec_basicmath_small_gvn_gvn.txt: No such file or directory
/var/spool/slurmd/job7308425/slurm_script: line 71: /projects/lyang28/rmengle/leader-gvn/exec_basicmath_small_gvn_gvn.txt: No such file or directory
/var/spool/slurmd/job7308425/slurm_script: line 71: /projects/lyang28/rmengle/leader-gvn/exec_basicmath_small_gvn_gvn.txt: No such file or directory
/var/spool/slurmd/job7308425/slurm_script: line 71: /projects/lyang28/rmengle/leader-gvn/exec_basicmath_small_gvn_gvn.txt: No such file or directory
/var/spool/slurmd/job7308425/slurm_script: line 71: /projects/lyang28/rmengle/leader-gvn/exec_basicmath_small_gvn_gvn.txt: No such file or directory
/var/spool/slurmd/job7308425/slurm_script: line 71: /projects/lyang28/rmengle/leader-gvn/exec_basicmath_small_gvn_gvn.txt: No such file or directory
/var/spool/slurmd/job7308425/slurm_script: line 71: /projects/lyang28/rmengle/leader-gvn/exec_basicmath_small_gvn_gvn.txt: No such file or directory
/var/spool/slurmd/job7308425/slurm_script: line 71: /projects/lyang28/rmengle/leader-gvn/exec_basicmath_small_gvn_gvn.txt: No such file or directory
/var/spool/slurmd/job7308425/slurm_script: line 71: /projects/lyang28/rmengle/leader-gvn/exec_basicmath_small_gvn_gvn.txt: No such file or directory
/var/spool/slurmd/job7308425/slurm_script: line 71: /projects/lyang28/rmengle/leader-gvn/exec_basicmath_small_gvn_gvn.txt: No such file or directory
/var/spool/slurmd/job7308425/slurm_script: line 71: /projects/lyang28/rmengle/leader-gvn/exec_basicmath_small_gvn_gvn.txt: No such file or directory
/var/spool/slurmd/job7308425/slurm_script: line 71: /projects/lyang28/rmengle/leader-gvn/exec_basicmath_small_gvn_gvn.txt: No such file or directory
/var/spool/slurmd/job7308425/slurm_script: line 71: /projects/lyang28/rmengle/leader-gvn/exec_basicmath_small_gvn_gvn.txt: No such file or directory
/var/spool/slurmd/job7308425/slurm_script: line 71: /projects/lyang28/rmengle/leader-gvn/exec_basicmath_small_gvn_gvn.txt: No such file or directory
/var/spool/slurmd/job7308425/slurm_script: line 71: /projects/lyang28/rmengle/leader-gvn/exec_basicmath_small_gvn_gvn.txt: No such file or directory
/var/spool/slurmd/job7308425/slurm_script: line 71: /projects/lyang28/rmengle/leader-gvn/exec_basicmath_small_gvn_gvn.txt: No such file or directory
/var/spool/slurmd/job7308425/slurm_script: line 71: /projects/lyang28/rmengle/leader-gvn/exec_basicmath_small_gvn_gvn.txt: No such file or directory
/var/spool/slurmd/job7308425/slurm_script: line 71: /projects/lyang28/rmengle/leader-gvn/exec_basicmath_small_gvn_gvn.txt: No such file or directory
/var/spool/slurmd/job7308425/slurm_script: line 71: /projects/lyang28/rmengle/leader-gvn/exec_basicmath_small_gvn_gvn.txt: No such file or directory
/var/spool/slurmd/job7308425/slurm_script: line 71: /projects/lyang28/rmengle/leader-gvn/exec_basicmath_small_gvn_gvn.txt: No such file or directory
/var/spool/slurmd/job7308425/slurm_script: line 71: /projects/lyang28/rmengle/leader-gvn/exec_basicmath_small_gvn_gvn.txt: No such file or directory
/var/spool/slurmd/job7308425/slurm_script: line 71: /projects/lyang28/rmengle/leader-gvn/exec_basicmath_small_gvn_gvn.txt: No such file or directory
/var/spool/slurmd/job7308425/slurm_script: line 71: /projects/lyang28/rmengle/leader-gvn/exec_basicmath_small_gvn_gvn.txt: No such file or directory
/var/spool/slurmd/job7308425/slurm_script: line 71: /projects/lyang28/rmengle/leader-gvn/exec_basicmath_small_gvn_gvn.txt: No such file or directory
/var/spool/slurmd/job7308425/slurm_script: line 71: /projects/lyang28/rmengle/leader-gvn/exec_basicmath_small_gvn_gvn.txt: No such file or directory
/var/spool/slurmd/job7308425/slurm_script: line 71: /projects/lyang28/rmengle/leader-gvn/exec_basicmath_small_gvn_gvn.txt: No such file or directory
/var/spool/slurmd/job7308425/slurm_script: line 71: /projects/lyang28/rmengle/leader-gvn/exec_basicmath_small_gvn_gvn.txt: No such file or directory
/var/spool/slurmd/job7308425/slurm_script: line 71: /projects/lyang28/rmengle/leader-gvn/exec_basicmath_small_gvn_gvn.txt: No such file or directory
/var/spool/slurmd/job7308425/slurm_script: line 71: /projects/lyang28/rmengle/leader-gvn/exec_basicmath_small_gvn_gvn.txt: No such file or directory
/var/spool/slurmd/job7308425/slurm_script: line 71: /projects/lyang28/rmengle/leader-gvn/exec_basicmath_small_gvn_gvn.txt: No such file or directory
/var/spool/slurmd/job7308425/slurm_script: line 71: /projects/lyang28/rmengle/leader-gvn/exec_basicmath_small_gvn_gvn.txt: No such file or directory
/var/spool/slurmd/job7308425/slurm_script: line 71: /projects/lyang28/rmengle/leader-gvn/exec_basicmath_small_gvn_gvn.txt: No such file or directory
/var/spool/slurmd/job7308425/slurm_script: line 71: /projects/lyang28/rmengle/leader-gvn/exec_basicmath_small_gvn_gvn.txt: No such file or directory
/var/spool/slurmd/job7308425/slurm_script: line 71: /projects/lyang28/rmengle/leader-gvn/exec_basicmath_small_gvn_gvn.txt: No such file or directory
/var/spool/slurmd/job7308425/slurm_script: line 71: /projects/lyang28/rmengle/leader-gvn/exec_basicmath_small_gvn_gvn.txt: No such file or directory
/var/spool/slurmd/job7308425/slurm_script: line 71: /projects/lyang28/rmengle/leader-gvn/exec_basicmath_small_gvn_gvn.txt: No such file or directory
/var/spool/slurmd/job7308425/slurm_script: line 71: /projects/lyang28/rmengle/leader-gvn/exec_basicmath_small_gvn_gvn.txt: No such file or directory
/var/spool/slurmd/job7308425/slurm_script: line 71: /projects/lyang28/rmengle/leader-gvn/exec_basicmath_small_gvn_gvn.txt: No such file or directory
/var/spool/slurmd/job7308425/slurm_script: line 71: /projects/lyang28/rmengle/leader-gvn/exec_basicmath_small_gvn_gvn.txt: No such file or directory
/var/spool/slurmd/job7308425/slurm_script: line 71: /projects/lyang28/rmengle/leader-gvn/exec_basicmath_small_gvn_gvn.txt: No such file or directory
/var/spool/slurmd/job7308425/slurm_script: line 71: /projects/lyang28/rmengle/leader-gvn/exec_basicmath_small_gvn_gvn.txt: No such file or directory
/var/spool/slurmd/job7308425/slurm_script: line 71: /projects/lyang28/rmengle/leader-gvn/exec_basicmath_small_gvn_gvn.txt: No such file or directory
/var/spool/slurmd/job7308425/slurm_script: line 71: /projects/lyang28/rmengle/leader-gvn/exec_basicmath_small_gvn_gvn.txt: No such file or directory
/var/spool/slurmd/job7308425/slurm_script: line 71: /projects/lyang28/rmengle/leader-gvn/exec_basicmath_small_gvn_gvn.txt: No such file or directory
/var/spool/slurmd/job7308425/slurm_script: line 71: /projects/lyang28/rmengle/leader-gvn/exec_basicmath_small_gvn_gvn.txt: No such file or directory
/var/spool/slurmd/job7308425/slurm_script: line 71: /projects/lyang28/rmengle/leader-gvn/exec_basicmath_small_gvn_gvn.txt: No such file or directory
/var/spool/slurmd/job7308425/slurm_script: line 71: /projects/lyang28/rmengle/leader-gvn/exec_basicmath_small_gvn_gvn.txt: No such file or directory
/var/spool/slurmd/job7308425/slurm_script: line 71: /projects/lyang28/rmengle/leader-gvn/exec_basicmath_small_gvn_gvn.txt: No such file or directory
/var/spool/slurmd/job7308425/slurm_script: line 71: /projects/lyang28/rmengle/leader-gvn/exec_basicmath_small_gvn_gvn.txt: No such file or directory
/var/spool/slurmd/job7308425/slurm_script: line 71: /projects/lyang28/rmengle/leader-gvn/exec_basicmath_small_gvn_gvn.txt: No such file or directory
/var/spool/slurmd/job7308425/slurm_script: line 71: /projects/lyang28/rmengle/leader-gvn/exec_basicmath_small_gvn_gvn.txt: No such file or directory
/var/spool/slurmd/job7308425/slurm_script: line 71: /projects/lyang28/rmengle/leader-gvn/exec_basicmath_small_gvn_gvn.txt: No such file or directory
/var/spool/slurmd/job7308425/slurm_script: line 71: /projects/lyang28/rmengle/leader-gvn/exec_basicmath_small_gvn_gvn.txt: No such file or directory
/var/spool/slurmd/job7308425/slurm_script: line 71: /projects/lyang28/rmengle/leader-gvn/exec_basicmath_small_gvn_gvn.txt: No such file or directory
/var/spool/slurmd/job7308425/slurm_script: line 71: /projects/lyang28/rmengle/leader-gvn/exec_basicmath_small_gvn_gvn.txt: No such file or directory
/var/spool/slurmd/job7308425/slurm_script: line 71: /projects/lyang28/rmengle/leader-gvn/exec_basicmath_small_gvn_gvn.txt: No such file or directory
/var/spool/slurmd/job7308425/slurm_script: line 71: /projects/lyang28/rmengle/leader-gvn/exec_basicmath_small_gvn_gvn.txt: No such file or directory
/var/spool/slurmd/job7308425/slurm_script: line 71: /projects/lyang28/rmengle/leader-gvn/exec_basicmath_small_gvn_gvn.txt: No such file or directory
/var/spool/slurmd/job7308425/slurm_script: line 71: /projects/lyang28/rmengle/leader-gvn/exec_basicmath_small_gvn_gvn.txt: No such file or directory
/var/spool/slurmd/job7308425/slurm_script: line 71: /projects/lyang28/rmengle/leader-gvn/exec_basicmath_small_gvn_gvn.txt: No such file or directory
/var/spool/slurmd/job7308425/slurm_script: line 71: /projects/lyang28/rmengle/leader-gvn/exec_basicmath_small_gvn_gvn.txt: No such file or directory
/var/spool/slurmd/job7308425/slurm_script: line 71: /projects/lyang28/rmengle/leader-gvn/exec_basicmath_small_gvn_gvn.txt: No such file or directory
/var/spool/slurmd/job7308425/slurm_script: line 71: /projects/lyang28/rmengle/leader-gvn/exec_basicmath_small_gvn_gvn.txt: No such file or directory
/var/spool/slurmd/job7308425/slurm_script: line 71: /projects/lyang28/rmengle/leader-gvn/exec_basicmath_small_gvn_gvn.txt: No such file or directory
/var/spool/slurmd/job7308425/slurm_script: line 71: /projects/lyang28/rmengle/leader-gvn/exec_basicmath_small_gvn_gvn.txt: No such file or directory
/var/spool/slurmd/job7308425/slurm_script: line 71: /projects/lyang28/rmengle/leader-gvn/exec_basicmath_small_gvn_gvn.txt: No such file or directory
/var/spool/slurmd/job7308425/slurm_script: line 71: /projects/lyang28/rmengle/leader-gvn/exec_basicmath_small_gvn_gvn.txt: No such file or directory
/var/spool/slurmd/job7308425/slurm_script: line 71: /projects/lyang28/rmengle/leader-gvn/exec_basicmath_small_gvn_gvn.txt: No such file or directory
/var/spool/slurmd/job7308425/slurm_script: line 71: /projects/lyang28/rmengle/leader-gvn/exec_basicmath_small_gvn_gvn.txt: No such file or directory
/var/spool/slurmd/job7308425/slurm_script: line 71: /projects/lyang28/rmengle/leader-gvn/exec_basicmath_small_gvn_gvn.txt: No such file or directory
/var/spool/slurmd/job7308425/slurm_script: line 71: /projects/lyang28/rmengle/leader-gvn/exec_basicmath_small_gvn_gvn.txt: No such file or directory
/var/spool/slurmd/job7308425/slurm_script: line 71: /projects/lyang28/rmengle/leader-gvn/exec_basicmath_small_gvn_gvn.txt: No such file or directory
/var/spool/slurmd/job7308425/slurm_script: line 71: /projects/lyang28/rmengle/leader-gvn/exec_basicmath_small_gvn_gvn.txt: No such file or directory
/var/spool/slurmd/job7308425/slurm_script: line 71: /projects/lyang28/rmengle/leader-gvn/exec_basicmath_small_gvn_gvn.txt: No such file or directory
/var/spool/slurmd/job7308425/slurm_script: line 71: /projects/lyang28/rmengle/leader-gvn/exec_basicmath_small_gvn_gvn.txt: No such file or directory
/var/spool/slurmd/job7308425/slurm_script: line 71: /projects/lyang28/rmengle/leader-gvn/exec_basicmath_small_gvn_gvn.txt: No such file or directory
/var/spool/slurmd/job7308425/slurm_script: line 71: /projects/lyang28/rmengle/leader-gvn/exec_basicmath_small_gvn_gvn.txt: No such file or directory
/var/spool/slurmd/job7308425/slurm_script: line 71: /projects/lyang28/rmengle/leader-gvn/exec_basicmath_small_gvn_gvn.txt: No such file or directory
/var/spool/slurmd/job7308425/slurm_script: line 71: /projects/lyang28/rmengle/leader-gvn/exec_basicmath_small_gvn_gvn.txt: No such file or directory
/var/spool/slurmd/job7308425/slurm_script: line 71: /projects/lyang28/rmengle/leader-gvn/exec_basicmath_small_gvn_gvn.txt: No such file or directory
/var/spool/slurmd/job7308425/slurm_script: line 71: /projects/lyang28/rmengle/leader-gvn/exec_basicmath_small_gvn_gvn.txt: No such file or directory
/var/spool/slurmd/job7308425/slurm_script: line 71: /projects/lyang28/rmengle/leader-gvn/exec_basicmath_small_gvn_gvn.txt: No such file or directory
/var/spool/slurmd/job7308425/slurm_script: line 71: /projects/lyang28/rmengle/leader-gvn/exec_basicmath_small_gvn_gvn.txt: No such file or directory
/var/spool/slurmd/job7308425/slurm_script: line 71: /projects/lyang28/rmengle/leader-gvn/exec_basicmath_small_gvn_gvn.txt: No such file or directory
/var/spool/slurmd/job7308425/slurm_script: line 71: /projects/lyang28/rmengle/leader-gvn/exec_basicmath_small_gvn_gvn.txt: No such file or directory
/var/spool/slurmd/job7308425/slurm_script: line 71: /projects/lyang28/rmengle/leader-gvn/exec_basicmath_small_gvn_gvn.txt: No such file or directory
/var/spool/slurmd/job7308425/slurm_script: line 71: /projects/lyang28/rmengle/leader-gvn/exec_basicmath_small_gvn_gvn.txt: No such file or directory
/var/spool/slurmd/job7308425/slurm_script: line 71: /projects/lyang28/rmengle/leader-gvn/exec_basicmath_small_gvn_gvn.txt: No such file or directory
/var/spool/slurmd/job7308425/slurm_script: line 71: /projects/lyang28/rmengle/leader-gvn/exec_basicmath_small_gvn_gvn.txt: No such file or directory
/var/spool/slurmd/job7308425/slurm_script: line 71: /projects/lyang28/rmengle/leader-gvn/exec_basicmath_small_gvn_gvn.txt: No such file or directory
/var/spool/slurmd/job7308425/slurm_script: line 71: /projects/lyang28/rmengle/leader-gvn/exec_basicmath_small_gvn_gvn.txt: No such file or directory
/var/spool/slurmd/job7308425/slurm_script: line 71: /projects/lyang28/rmengle/leader-gvn/exec_basicmath_small_gvn_gvn.txt: No such file or directory
/var/spool/slurmd/job7308425/slurm_script: line 71: /projects/lyang28/rmengle/leader-gvn/exec_basicmath_small_gvn_gvn.txt: No such file or directory
/var/spool/slurmd/job7308425/slurm_script: line 71: /projects/lyang28/rmengle/leader-gvn/exec_basicmath_small_gvn_gvn.txt: No such file or directory
/var/spool/slurmd/job7308425/slurm_script: line 71: /projects/lyang28/rmengle/leader-gvn/exec_basicmath_small_gvn_gvn.txt: No such file or directory
/var/spool/slurmd/job7308425/slurm_script: line 71: /projects/lyang28/rmengle/leader-gvn/exec_basicmath_small_gvn_gvn.txt: No such file or directory
/var/spool/slurmd/job7308425/slurm_script: line 71: /projects/lyang28/rmengle/leader-gvn/exec_basicmath_small_gvn_gvn.txt: No such file or directory
/var/spool/slurmd/job7308425/slurm_script: line 71: /projects/lyang28/rmengle/leader-gvn/exec_basicmath_small_gvn_gvn.txt: No such file or directory
/var/spool/slurmd/job7308425/slurm_script: line 71: /projects/lyang28/rmengle/leader-gvn/exec_basicmath_small_gvn_gvn.txt: No such file or directory
/var/spool/slurmd/job7308425/slurm_script: line 71: /projects/lyang28/rmengle/leader-gvn/exec_basicmath_small_gvn_gvn.txt: No such file or directory
/var/spool/slurmd/job7308425/slurm_script: line 71: /projects/lyang28/rmengle/leader-gvn/exec_basicmath_small_gvn_gvn.txt: No such file or directory
/var/spool/slurmd/job7308425/slurm_script: line 71: /projects/lyang28/rmengle/leader-gvn/exec_basicmath_small_gvn_gvn.txt: No such file or directory
/var/spool/slurmd/job7308425/slurm_script: line 71: /projects/lyang28/rmengle/leader-gvn/exec_basicmath_small_gvn_gvn.txt: No such file or directory
/var/spool/slurmd/job7308425/slurm_script: line 71: /projects/lyang28/rmengle/leader-gvn/exec_basicmath_small_gvn_gvn.txt: No such file or directory
/var/spool/slurmd/job7308425/slurm_script: line 71: /projects/lyang28/rmengle/leader-gvn/exec_basicmath_small_gvn_gvn.txt: No such file or directory
/var/spool/slurmd/job7308425/slurm_script: line 71: /projects/lyang28/rmengle/leader-gvn/exec_basicmath_small_gvn_gvn.txt: No such file or directory
/var/spool/slurmd/job7308425/slurm_script: line 71: /projects/lyang28/rmengle/leader-gvn/exec_basicmath_small_gvn_gvn.txt: No such file or directory
/var/spool/slurmd/job7308425/slurm_script: line 71: /projects/lyang28/rmengle/leader-gvn/exec_basicmath_small_gvn_gvn.txt: No such file or directory
/var/spool/slurmd/job7308425/slurm_script: line 71: /projects/lyang28/rmengle/leader-gvn/exec_basicmath_small_gvn_gvn.txt: No such file or directory
/var/spool/slurmd/job7308425/slurm_script: line 71: /projects/lyang28/rmengle/leader-gvn/exec_basicmath_small_gvn_gvn.txt: No such file or directory
/var/spool/slurmd/job7308425/slurm_script: line 71: /projects/lyang28/rmengle/leader-gvn/exec_basicmath_small_gvn_gvn.txt: No such file or directory
/var/spool/slurmd/job7308425/slurm_script: line 71: /projects/lyang28/rmengle/leader-gvn/exec_basicmath_small_gvn_gvn.txt: No such file or directory
/var/spool/slurmd/job7308425/slurm_script: line 71: /projects/lyang28/rmengle/leader-gvn/exec_basicmath_small_gvn_gvn.txt: No such file or directory
/var/spool/slurmd/job7308425/slurm_script: line 71: /projects/lyang28/rmengle/leader-gvn/exec_basicmath_small_gvn_gvn.txt: No such file or directory
/var/spool/slurmd/job7308425/slurm_script: line 71: /projects/lyang28/rmengle/leader-gvn/exec_basicmath_small_gvn_gvn.txt: No such file or directory
/var/spool/slurmd/job7308425/slurm_script: line 71: /projects/lyang28/rmengle/leader-gvn/exec_basicmath_small_gvn_gvn.txt: No such file or directory
/var/spool/slurmd/job7308425/slurm_script: line 71: /projects/lyang28/rmengle/leader-gvn/exec_basicmath_small_gvn_gvn.txt: No such file or directory
/var/spool/slurmd/job7308425/slurm_script: line 71: /projects/lyang28/rmengle/leader-gvn/exec_basicmath_small_gvn_gvn.txt: No such file or directory
/var/spool/slurmd/job7308425/slurm_script: line 71: /projects/lyang28/rmengle/leader-gvn/exec_basicmath_small_gvn_gvn.txt: No such file or directory
/var/spool/slurmd/job7308425/slurm_script: line 71: /projects/lyang28/rmengle/leader-gvn/exec_basicmath_small_gvn_gvn.txt: No such file or directory
/var/spool/slurmd/job7308425/slurm_script: line 71: /projects/lyang28/rmengle/leader-gvn/exec_basicmath_small_gvn_gvn.txt: No such file or directory
/var/spool/slurmd/job7308425/slurm_script: line 71: /projects/lyang28/rmengle/leader-gvn/exec_basicmath_small_gvn_gvn.txt: No such file or directory
/var/spool/slurmd/job7308425/slurm_script: line 71: /projects/lyang28/rmengle/leader-gvn/exec_basicmath_small_gvn_gvn.txt: No such file or directory
/var/spool/slurmd/job7308425/slurm_script: line 71: /projects/lyang28/rmengle/leader-gvn/exec_basicmath_small_gvn_gvn.txt: No such file or directory
/var/spool/slurmd/job7308425/slurm_script: line 71: /projects/lyang28/rmengle/leader-gvn/exec_basicmath_small_gvn_gvn.txt: No such file or directory
/var/spool/slurmd/job7308425/slurm_script: line 71: /projects/lyang28/rmengle/leader-gvn/exec_basicmath_small_gvn_gvn.txt: No such file or directory
/var/spool/slurmd/job7308425/slurm_script: line 71: /projects/lyang28/rmengle/leader-gvn/exec_basicmath_small_gvn_gvn.txt: No such file or directory
/var/spool/slurmd/job7308425/slurm_script: line 71: /projects/lyang28/rmengle/leader-gvn/exec_basicmath_small_gvn_gvn.txt: No such file or directory
/var/spool/slurmd/job7308425/slurm_script: line 71: /projects/lyang28/rmengle/leader-gvn/exec_basicmath_small_gvn_gvn.txt: No such file or directory
/var/spool/slurmd/job7308425/slurm_script: line 71: /projects/lyang28/rmengle/leader-gvn/exec_basicmath_small_gvn_gvn.txt: No such file or directory
/var/spool/slurmd/job7308425/slurm_script: line 71: /projects/lyang28/rmengle/leader-gvn/exec_basicmath_small_gvn_gvn.txt: No such file or directory
/var/spool/slurmd/job7308425/slurm_script: line 71: /projects/lyang28/rmengle/leader-gvn/exec_basicmath_small_gvn_gvn.txt: No such file or directory
/var/spool/slurmd/job7308425/slurm_script: line 71: /projects/lyang28/rmengle/leader-gvn/exec_basicmath_small_gvn_gvn.txt: No such file or directory
/var/spool/slurmd/job7308425/slurm_script: line 71: /projects/lyang28/rmengle/leader-gvn/exec_basicmath_small_gvn_gvn.txt: No such file or directory
/var/spool/slurmd/job7308425/slurm_script: line 71: /projects/lyang28/rmengle/leader-gvn/exec_basicmath_small_gvn_gvn.txt: No such file or directory
/var/spool/slurmd/job7308425/slurm_script: line 71: /projects/lyang28/rmengle/leader-gvn/exec_basicmath_small_gvn_gvn.txt: No such file or directory
/var/spool/slurmd/job7308425/slurm_script: line 71: /projects/lyang28/rmengle/leader-gvn/exec_basicmath_small_gvn_gvn.txt: No such file or directory
/var/spool/slurmd/job7308425/slurm_script: line 71: /projects/lyang28/rmengle/leader-gvn/exec_basicmath_small_gvn_gvn.txt: No such file or directory
/var/spool/slurmd/job7308425/slurm_script: line 71: /projects/lyang28/rmengle/leader-gvn/exec_basicmath_small_gvn_gvn.txt: No such file or directory
/var/spool/slurmd/job7308425/slurm_script: line 71: /projects/lyang28/rmengle/leader-gvn/exec_basicmath_small_gvn_gvn.txt: No such file or directory
/var/spool/slurmd/job7308425/slurm_script: line 71: /projects/lyang28/rmengle/leader-gvn/exec_basicmath_small_gvn_gvn.txt: No such file or directory
/var/spool/slurmd/job7308425/slurm_script: line 71: /projects/lyang28/rmengle/leader-gvn/exec_basicmath_small_gvn_gvn.txt: No such file or directory
/var/spool/slurmd/job7308425/slurm_script: line 71: /projects/lyang28/rmengle/leader-gvn/exec_basicmath_small_gvn_gvn.txt: No such file or directory
/var/spool/slurmd/job7308425/slurm_script: line 71: /projects/lyang28/rmengle/leader-gvn/exec_basicmath_small_gvn_gvn.txt: No such file or directory
/var/spool/slurmd/job7308425/slurm_script: line 71: /projects/lyang28/rmengle/leader-gvn/exec_basicmath_small_gvn_gvn.txt: No such file or directory
/var/spool/slurmd/job7308425/slurm_script: line 71: /projects/lyang28/rmengle/leader-gvn/exec_basicmath_small_gvn_gvn.txt: No such file or directory
/var/spool/slurmd/job7308425/slurm_script: line 71: /projects/lyang28/rmengle/leader-gvn/exec_basicmath_small_gvn_gvn.txt: No such file or directory
/var/spool/slurmd/job7308425/slurm_script: line 71: /projects/lyang28/rmengle/leader-gvn/exec_basicmath_small_gvn_gvn.txt: No such file or directory
/var/spool/slurmd/job7308425/slurm_script: line 71: /projects/lyang28/rmengle/leader-gvn/exec_basicmath_small_gvn_gvn.txt: No such file or directory
/var/spool/slurmd/job7308425/slurm_script: line 71: /projects/lyang28/rmengle/leader-gvn/exec_basicmath_small_gvn_gvn.txt: No such file or directory
/var/spool/slurmd/job7308425/slurm_script: line 71: /projects/lyang28/rmengle/leader-gvn/exec_basicmath_small_gvn_gvn.txt: No such file or directory
/var/spool/slurmd/job7308425/slurm_script: line 71: /projects/lyang28/rmengle/leader-gvn/exec_basicmath_small_gvn_gvn.txt: No such file or directory
/var/spool/slurmd/job7308425/slurm_script: line 71: /projects/lyang28/rmengle/leader-gvn/exec_basicmath_small_gvn_gvn.txt: No such file or directory
/var/spool/slurmd/job7308425/slurm_script: line 71: /projects/lyang28/rmengle/leader-gvn/exec_basicmath_small_gvn_gvn.txt: No such file or directory
/var/spool/slurmd/job7308425/slurm_script: line 71: /projects/lyang28/rmengle/leader-gvn/exec_basicmath_small_gvn_gvn.txt: No such file or directory
/var/spool/slurmd/job7308425/slurm_script: line 71: /projects/lyang28/rmengle/leader-gvn/exec_basicmath_small_gvn_gvn.txt: No such file or directory
/var/spool/slurmd/job7308425/slurm_script: line 71: /projects/lyang28/rmengle/leader-gvn/exec_basicmath_small_gvn_gvn.txt: No such file or directory
/var/spool/slurmd/job7308425/slurm_script: line 71: /projects/lyang28/rmengle/leader-gvn/exec_basicmath_small_gvn_gvn.txt: No such file or directory
/var/spool/slurmd/job7308425/slurm_script: line 71: /projects/lyang28/rmengle/leader-gvn/exec_basicmath_small_gvn_gvn.txt: No such file or directory
/var/spool/slurmd/job7308425/slurm_script: line 71: /projects/lyang28/rmengle/leader-gvn/exec_basicmath_small_gvn_gvn.txt: No such file or directory
/var/spool/slurmd/job7308425/slurm_script: line 71: /projects/lyang28/rmengle/leader-gvn/exec_basicmath_small_gvn_gvn.txt: No such file or directory
/var/spool/slurmd/job7308425/slurm_script: line 71: /projects/lyang28/rmengle/leader-gvn/exec_basicmath_small_gvn_gvn.txt: No such file or directory
/var/spool/slurmd/job7308425/slurm_script: line 71: /projects/lyang28/rmengle/leader-gvn/exec_basicmath_small_gvn_gvn.txt: No such file or directory
/var/spool/slurmd/job7308425/slurm_script: line 71: /projects/lyang28/rmengle/leader-gvn/exec_basicmath_small_gvn_gvn.txt: No such file or directory
/var/spool/slurmd/job7308425/slurm_script: line 71: /projects/lyang28/rmengle/leader-gvn/exec_basicmath_small_gvn_gvn.txt: No such file or directory
/var/spool/slurmd/job7308425/slurm_script: line 71: /projects/lyang28/rmengle/leader-gvn/exec_basicmath_small_gvn_gvn.txt: No such file or directory
/var/spool/slurmd/job7308425/slurm_script: line 71: /projects/lyang28/rmengle/leader-gvn/exec_basicmath_small_gvn_gvn.txt: No such file or directory
/var/spool/slurmd/job7308425/slurm_script: line 71: /projects/lyang28/rmengle/leader-gvn/exec_basicmath_small_gvn_gvn.txt: No such file or directory
/var/spool/slurmd/job7308425/slurm_script: line 71: /projects/lyang28/rmengle/leader-gvn/exec_basicmath_small_gvn_gvn.txt: No such file or directory
/var/spool/slurmd/job7308425/slurm_script: line 71: /projects/lyang28/rmengle/leader-gvn/exec_basicmath_small_gvn_gvn.txt: No such file or directory
/var/spool/slurmd/job7308425/slurm_script: line 71: /projects/lyang28/rmengle/leader-gvn/exec_basicmath_small_gvn_gvn.txt: No such file or directory
/var/spool/slurmd/job7308425/slurm_script: line 71: /projects/lyang28/rmengle/leader-gvn/exec_basicmath_small_gvn_gvn.txt: No such file or directory
/var/spool/slurmd/job7308425/slurm_script: line 71: /projects/lyang28/rmengle/leader-gvn/exec_basicmath_small_gvn_gvn.txt: No such file or directory
/var/spool/slurmd/job7308425/slurm_script: line 71: /projects/lyang28/rmengle/leader-gvn/exec_basicmath_small_gvn_gvn.txt: No such file or directory
/var/spool/slurmd/job7308425/slurm_script: line 71: /projects/lyang28/rmengle/leader-gvn/exec_basicmath_small_gvn_gvn.txt: No such file or directory
/var/spool/slurmd/job7308425/slurm_script: line 71: /projects/lyang28/rmengle/leader-gvn/exec_basicmath_small_gvn_gvn.txt: No such file or directory
/var/spool/slurmd/job7308425/slurm_script: line 71: /projects/lyang28/rmengle/leader-gvn/exec_basicmath_small_gvn_gvn.txt: No such file or directory
/var/spool/slurmd/job7308425/slurm_script: line 71: /projects/lyang28/rmengle/leader-gvn/exec_basicmath_small_gvn_gvn.txt: No such file or directory
/var/spool/slurmd/job7308425/slurm_script: line 71: /projects/lyang28/rmengle/leader-gvn/exec_basicmath_small_gvn_gvn.txt: No such file or directory
/var/spool/slurmd/job7308425/slurm_script: line 71: /projects/lyang28/rmengle/leader-gvn/exec_basicmath_small_gvn_gvn.txt: No such file or directory
/var/spool/slurmd/job7308425/slurm_script: line 71: /projects/lyang28/rmengle/leader-gvn/exec_basicmath_small_gvn_gvn.txt: No such file or directory
/var/spool/slurmd/job7308425/slurm_script: line 71: /projects/lyang28/rmengle/leader-gvn/exec_basicmath_small_gvn_gvn.txt: No such file or directory
/var/spool/slurmd/job7308425/slurm_script: line 71: /projects/lyang28/rmengle/leader-gvn/exec_basicmath_small_gvn_gvn.txt: No such file or directory
/var/spool/slurmd/job7308425/slurm_script: line 71: /projects/lyang28/rmengle/leader-gvn/exec_basicmath_small_gvn_gvn.txt: No such file or directory
/var/spool/slurmd/job7308425/slurm_script: line 71: /projects/lyang28/rmengle/leader-gvn/exec_basicmath_small_gvn_gvn.txt: No such file or directory
/var/spool/slurmd/job7308425/slurm_script: line 71: /projects/lyang28/rmengle/leader-gvn/exec_basicmath_small_gvn_gvn.txt: No such file or directory
/var/spool/slurmd/job7308425/slurm_script: line 71: /projects/lyang28/rmengle/leader-gvn/exec_basicmath_small_gvn_gvn.txt: No such file or directory
/var/spool/slurmd/job7308425/slurm_script: line 71: /projects/lyang28/rmengle/leader-gvn/exec_basicmath_small_gvn_gvn.txt: No such file or directory
/var/spool/slurmd/job7308425/slurm_script: line 71: /projects/lyang28/rmengle/leader-gvn/exec_basicmath_small_gvn_gvn.txt: No such file or directory
/var/spool/slurmd/job7308425/slurm_script: line 71: /projects/lyang28/rmengle/leader-gvn/exec_basicmath_small_gvn_gvn.txt: No such file or directory
/var/spool/slurmd/job7308425/slurm_script: line 71: /projects/lyang28/rmengle/leader-gvn/exec_basicmath_small_gvn_gvn.txt: No such file or directory
/var/spool/slurmd/job7308425/slurm_script: line 71: /projects/lyang28/rmengle/leader-gvn/exec_basicmath_small_gvn_gvn.txt: No such file or directory
/var/spool/slurmd/job7308425/slurm_script: line 71: /projects/lyang28/rmengle/leader-gvn/exec_basicmath_small_gvn_gvn.txt: No such file or directory
/var/spool/slurmd/job7308425/slurm_script: line 71: /projects/lyang28/rmengle/leader-gvn/exec_basicmath_small_gvn_gvn.txt: No such file or directory
/var/spool/slurmd/job7308425/slurm_script: line 71: /projects/lyang28/rmengle/leader-gvn/exec_basicmath_small_gvn_gvn.txt: No such file or directory
/var/spool/slurmd/job7308425/slurm_script: line 71: /projects/lyang28/rmengle/leader-gvn/exec_basicmath_small_gvn_gvn.txt: No such file or directory
/var/spool/slurmd/job7308425/slurm_script: line 71: /projects/lyang28/rmengle/leader-gvn/exec_basicmath_small_gvn_gvn.txt: No such file or directory
/var/spool/slurmd/job7308425/slurm_script: line 71: /projects/lyang28/rmengle/leader-gvn/exec_basicmath_small_gvn_gvn.txt: No such file or directory
/var/spool/slurmd/job7308425/slurm_script: line 71: /projects/lyang28/rmengle/leader-gvn/exec_basicmath_small_gvn_gvn.txt: No such file or directory
/var/spool/slurmd/job7308425/slurm_script: line 71: /projects/lyang28/rmengle/leader-gvn/exec_basicmath_small_gvn_gvn.txt: No such file or directory
/var/spool/slurmd/job7308425/slurm_script: line 71: /projects/lyang28/rmengle/leader-gvn/exec_basicmath_small_gvn_gvn.txt: No such file or directory
/var/spool/slurmd/job7308425/slurm_script: line 71: /projects/lyang28/rmengle/leader-gvn/exec_basicmath_small_gvn_gvn.txt: No such file or directory
/var/spool/slurmd/job7308425/slurm_script: line 71: /projects/lyang28/rmengle/leader-gvn/exec_basicmath_small_gvn_gvn.txt: No such file or directory
/var/spool/slurmd/job7308425/slurm_script: line 71: /projects/lyang28/rmengle/leader-gvn/exec_basicmath_small_gvn_gvn.txt: No such file or directory
/var/spool/slurmd/job7308425/slurm_script: line 71: /projects/lyang28/rmengle/leader-gvn/exec_basicmath_small_gvn_gvn.txt: No such file or directory
/var/spool/slurmd/job7308425/slurm_script: line 71: /projects/lyang28/rmengle/leader-gvn/exec_basicmath_small_gvn_gvn.txt: No such file or directory
/var/spool/slurmd/job7308425/slurm_script: line 71: /projects/lyang28/rmengle/leader-gvn/exec_basicmath_small_gvn_gvn.txt: No such file or directory
/var/spool/slurmd/job7308425/slurm_script: line 71: /projects/lyang28/rmengle/leader-gvn/exec_basicmath_small_gvn_gvn.txt: No such file or directory
/var/spool/slurmd/job7308425/slurm_script: line 71: /projects/lyang28/rmengle/leader-gvn/exec_basicmath_small_gvn_gvn.txt: No such file or directory
/var/spool/slurmd/job7308425/slurm_script: line 71: /projects/lyang28/rmengle/leader-gvn/exec_basicmath_small_gvn_gvn.txt: No such file or directory
/var/spool/slurmd/job7308425/slurm_script: line 71: /projects/lyang28/rmengle/leader-gvn/exec_basicmath_small_gvn_gvn.txt: No such file or directory
/var/spool/slurmd/job7308425/slurm_script: line 71: /projects/lyang28/rmengle/leader-gvn/exec_basicmath_small_gvn_gvn.txt: No such file or directory
/var/spool/slurmd/job7308425/slurm_script: line 71: /projects/lyang28/rmengle/leader-gvn/exec_basicmath_small_gvn_gvn.txt: No such file or directory
/var/spool/slurmd/job7308425/slurm_script: line 71: /projects/lyang28/rmengle/leader-gvn/exec_basicmath_small_gvn_gvn.txt: No such file or directory
/var/spool/slurmd/job7308425/slurm_script: line 71: /projects/lyang28/rmengle/leader-gvn/exec_basicmath_small_gvn_gvn.txt: No such file or directory
/var/spool/slurmd/job7308425/slurm_script: line 71: /projects/lyang28/rmengle/leader-gvn/exec_basicmath_small_gvn_gvn.txt: No such file or directory
/var/spool/slurmd/job7308425/slurm_script: line 71: /projects/lyang28/rmengle/leader-gvn/exec_basicmath_small_gvn_gvn.txt: No such file or directory
/var/spool/slurmd/job7308425/slurm_script: line 71: /projects/lyang28/rmengle/leader-gvn/exec_basicmath_small_gvn_gvn.txt: No such file or directory
/var/spool/slurmd/job7308425/slurm_script: line 71: /projects/lyang28/rmengle/leader-gvn/exec_basicmath_small_gvn_gvn.txt: No such file or directory
/var/spool/slurmd/job7308425/slurm_script: line 71: /projects/lyang28/rmengle/leader-gvn/exec_basicmath_small_gvn_gvn.txt: No such file or directory
/var/spool/slurmd/job7308425/slurm_script: line 71: /projects/lyang28/rmengle/leader-gvn/exec_basicmath_small_gvn_gvn.txt: No such file or directory
/var/spool/slurmd/job7308425/slurm_script: line 71: /projects/lyang28/rmengle/leader-gvn/exec_basicmath_small_gvn_gvn.txt: No such file or directory
/var/spool/slurmd/job7308425/slurm_script: line 71: /projects/lyang28/rmengle/leader-gvn/exec_basicmath_small_gvn_gvn.txt: No such file or directory
/var/spool/slurmd/job7308425/slurm_script: line 71: /projects/lyang28/rmengle/leader-gvn/exec_basicmath_small_gvn_gvn.txt: No such file or directory
/var/spool/slurmd/job7308425/slurm_script: line 71: /projects/lyang28/rmengle/leader-gvn/exec_basicmath_small_gvn_gvn.txt: No such file or directory
/var/spool/slurmd/job7308425/slurm_script: line 71: /projects/lyang28/rmengle/leader-gvn/exec_basicmath_small_gvn_gvn.txt: No such file or directory
/var/spool/slurmd/job7308425/slurm_script: line 71: /projects/lyang28/rmengle/leader-gvn/exec_basicmath_small_gvn_gvn.txt: No such file or directory
/var/spool/slurmd/job7308425/slurm_script: line 71: /projects/lyang28/rmengle/leader-gvn/exec_basicmath_small_gvn_gvn.txt: No such file or directory
/var/spool/slurmd/job7308425/slurm_script: line 71: /projects/lyang28/rmengle/leader-gvn/exec_basicmath_small_gvn_gvn.txt: No such file or directory
/var/spool/slurmd/job7308425/slurm_script: line 71: /projects/lyang28/rmengle/leader-gvn/exec_basicmath_small_gvn_gvn.txt: No such file or directory
/var/spool/slurmd/job7308425/slurm_script: line 71: /projects/lyang28/rmengle/leader-gvn/exec_basicmath_small_gvn_gvn.txt: No such file or directory
/var/spool/slurmd/job7308425/slurm_script: line 71: /projects/lyang28/rmengle/leader-gvn/exec_basicmath_small_gvn_gvn.txt: No such file or directory
/var/spool/slurmd/job7308425/slurm_script: line 71: /projects/lyang28/rmengle/leader-gvn/exec_basicmath_small_gvn_gvn.txt: No such file or directory
/var/spool/slurmd/job7308425/slurm_script: line 71: /projects/lyang28/rmengle/leader-gvn/exec_basicmath_small_gvn_gvn.txt: No such file or directory
/var/spool/slurmd/job7308425/slurm_script: line 71: /projects/lyang28/rmengle/leader-gvn/exec_basicmath_small_gvn_gvn.txt: No such file or directory
/var/spool/slurmd/job7308425/slurm_script: line 71: /projects/lyang28/rmengle/leader-gvn/exec_basicmath_small_gvn_gvn.txt: No such file or directory
/var/spool/slurmd/job7308425/slurm_script: line 71: /projects/lyang28/rmengle/leader-gvn/exec_basicmath_small_gvn_gvn.txt: No such file or directory
/var/spool/slurmd/job7308425/slurm_script: line 71: /projects/lyang28/rmengle/leader-gvn/exec_basicmath_small_gvn_gvn.txt: No such file or directory
/var/spool/slurmd/job7308425/slurm_script: line 71: /projects/lyang28/rmengle/leader-gvn/exec_basicmath_small_gvn_gvn.txt: No such file or directory
/var/spool/slurmd/job7308425/slurm_script: line 71: /projects/lyang28/rmengle/leader-gvn/exec_basicmath_small_gvn_gvn.txt: No such file or directory
/var/spool/slurmd/job7308425/slurm_script: line 71: /projects/lyang28/rmengle/leader-gvn/exec_basicmath_small_gvn_gvn.txt: No such file or directory
/var/spool/slurmd/job7308425/slurm_script: line 71: /projects/lyang28/rmengle/leader-gvn/exec_basicmath_small_gvn_gvn.txt: No such file or directory
/var/spool/slurmd/job7308425/slurm_script: line 71: /projects/lyang28/rmengle/leader-gvn/exec_basicmath_small_gvn_gvn.txt: No such file or directory
/var/spool/slurmd/job7308425/slurm_script: line 71: /projects/lyang28/rmengle/leader-gvn/exec_basicmath_small_gvn_gvn.txt: No such file or directory
/var/spool/slurmd/job7308425/slurm_script: line 71: /projects/lyang28/rmengle/leader-gvn/exec_basicmath_small_gvn_gvn.txt: No such file or directory
/var/spool/slurmd/job7308425/slurm_script: line 71: /projects/lyang28/rmengle/leader-gvn/exec_basicmath_small_gvn_gvn.txt: No such file or directory
/var/spool/slurmd/job7308425/slurm_script: line 71: /projects/lyang28/rmengle/leader-gvn/exec_basicmath_small_gvn_gvn.txt: No such file or directory
/var/spool/slurmd/job7308425/slurm_script: line 71: /projects/lyang28/rmengle/leader-gvn/exec_basicmath_small_gvn_gvn.txt: No such file or directory
/var/spool/slurmd/job7308425/slurm_script: line 71: /projects/lyang28/rmengle/leader-gvn/exec_basicmath_small_gvn_gvn.txt: No such file or directory
/var/spool/slurmd/job7308425/slurm_script: line 71: /projects/lyang28/rmengle/leader-gvn/exec_basicmath_small_gvn_gvn.txt: No such file or directory
/var/spool/slurmd/job7308425/slurm_script: line 71: /projects/lyang28/rmengle/leader-gvn/exec_basicmath_small_gvn_gvn.txt: No such file or directory
/var/spool/slurmd/job7308425/slurm_script: line 71: /projects/lyang28/rmengle/leader-gvn/exec_basicmath_small_gvn_gvn.txt: No such file or directory
/var/spool/slurmd/job7308425/slurm_script: line 71: /projects/lyang28/rmengle/leader-gvn/exec_basicmath_small_gvn_gvn.txt: No such file or directory
/var/spool/slurmd/job7308425/slurm_script: line 71: /projects/lyang28/rmengle/leader-gvn/exec_basicmath_small_gvn_gvn.txt: No such file or directory
/var/spool/slurmd/job7308425/slurm_script: line 71: /projects/lyang28/rmengle/leader-gvn/exec_basicmath_small_gvn_gvn.txt: No such file or directory
/var/spool/slurmd/job7308425/slurm_script: line 71: /projects/lyang28/rmengle/leader-gvn/exec_basicmath_small_gvn_gvn.txt: No such file or directory
/var/spool/slurmd/job7308425/slurm_script: line 71: /projects/lyang28/rmengle/leader-gvn/exec_basicmath_small_gvn_gvn.txt: No such file or directory
/var/spool/slurmd/job7308425/slurm_script: line 71: /projects/lyang28/rmengle/leader-gvn/exec_basicmath_small_gvn_gvn.txt: No such file or directory
/var/spool/slurmd/job7308425/slurm_script: line 71: /projects/lyang28/rmengle/leader-gvn/exec_basicmath_small_gvn_gvn.txt: No such file or directory
/var/spool/slurmd/job7308425/slurm_script: line 71: /projects/lyang28/rmengle/leader-gvn/exec_basicmath_small_gvn_gvn.txt: No such file or directory
/var/spool/slurmd/job7308425/slurm_script: line 71: /projects/lyang28/rmengle/leader-gvn/exec_basicmath_small_gvn_gvn.txt: No such file or directory
/var/spool/slurmd/job7308425/slurm_script: line 71: /projects/lyang28/rmengle/leader-gvn/exec_basicmath_small_gvn_gvn.txt: No such file or directory
/var/spool/slurmd/job7308425/slurm_script: line 71: /projects/lyang28/rmengle/leader-gvn/exec_basicmath_small_gvn_gvn.txt: No such file or directory
/var/spool/slurmd/job7308425/slurm_script: line 71: /projects/lyang28/rmengle/leader-gvn/exec_basicmath_small_gvn_gvn.txt: No such file or directory
/var/spool/slurmd/job7308425/slurm_script: line 71: /projects/lyang28/rmengle/leader-gvn/exec_basicmath_small_gvn_gvn.txt: No such file or directory
/var/spool/slurmd/job7308425/slurm_script: line 71: /projects/lyang28/rmengle/leader-gvn/exec_basicmath_small_gvn_gvn.txt: No such file or directory
/var/spool/slurmd/job7308425/slurm_script: line 71: /projects/lyang28/rmengle/leader-gvn/exec_basicmath_small_gvn_gvn.txt: No such file or directory
/var/spool/slurmd/job7308425/slurm_script: line 71: /projects/lyang28/rmengle/leader-gvn/exec_basicmath_small_gvn_gvn.txt: No such file or directory
/var/spool/slurmd/job7308425/slurm_script: line 71: /projects/lyang28/rmengle/leader-gvn/exec_basicmath_small_gvn_gvn.txt: No such file or directory
/var/spool/slurmd/job7308425/slurm_script: line 71: /projects/lyang28/rmengle/leader-gvn/exec_basicmath_small_gvn_gvn.txt: No such file or directory
/var/spool/slurmd/job7308425/slurm_script: line 71: /projects/lyang28/rmengle/leader-gvn/exec_basicmath_small_gvn_gvn.txt: No such file or directory
/var/spool/slurmd/job7308425/slurm_script: line 71: /projects/lyang28/rmengle/leader-gvn/exec_basicmath_small_gvn_gvn.txt: No such file or directory
/var/spool/slurmd/job7308425/slurm_script: line 71: /projects/lyang28/rmengle/leader-gvn/exec_basicmath_small_gvn_gvn.txt: No such file or directory
/var/spool/slurmd/job7308425/slurm_script: line 71: /projects/lyang28/rmengle/leader-gvn/exec_basicmath_small_gvn_gvn.txt: No such file or directory
/var/spool/slurmd/job7308425/slurm_script: line 71: /projects/lyang28/rmengle/leader-gvn/exec_basicmath_small_gvn_gvn.txt: No such file or directory
/var/spool/slurmd/job7308425/slurm_script: line 71: /projects/lyang28/rmengle/leader-gvn/exec_basicmath_small_gvn_gvn.txt: No such file or directory
/var/spool/slurmd/job7308425/slurm_script: line 71: /projects/lyang28/rmengle/leader-gvn/exec_basicmath_small_gvn_gvn.txt: No such file or directory
slurmstepd-hop046: error: *** JOB 7308425 ON hop046 CANCELLED AT 2026-05-15T14:20:08 ***
