Starting FI array task...
Array task ID: 2
Executable: exec_basicmath_small_gvn_gvn
Node: hop053.orc.gmu.edu
Start time: Tue May 12 11:39:43 EDT 2026

DEBUG: Running /home/rmengle/pin/source/tools/pinfi/example/paired_executables/basicmath_small/execs/leader-gvn/exec_basicmath_small_gvn_gvn
DEBUG INSTCOUNT: /home/rmengle/pin/pin -t /home/rmengle/pin/source/tools/pinfi/obj-intel64/instcount.so -o pin.instcount.txt -- /home/rmengle/pin/source/tools/pinfi/example/paired_executables/basicmath_small/execs/leader-gvn/exec_basicmath_small_gvn_gvn
DEBUG: Created /projects/lyang28/rmengle/exec_basicmath_small_gvn_gvn/pin.instcount.txt
Run Number: #1
DEBUG FI: /home/rmengle/pin/pin -t /home/rmengle/pin/source/tools/pinfi/obj-intel64/faultinjection.so -fioption AllInst -- /home/rmengle/pin/source/tools/pinfi/example/paired_executables/basicmath_small/execs/leader-gvn/exec_basicmath_small_gvn_gvn
Run Number: #2
DEBUG FI: /home/rmengle/pin/pin -t /home/rmengle/pin/source/tools/pinfi/obj-intel64/faultinjection.so -fioption AllInst -- /home/rmengle/pin/source/tools/pinfi/example/paired_executables/basicmath_small/execs/leader-gvn/exec_basicmath_small_gvn_gvn
Run Number: #3
DEBUG FI: /home/rmengle/pin/pin -t /home/rmengle/pin/source/tools/pinfi/obj-intel64/faultinjection.so -fioption AllInst -- /home/rmengle/pin/source/tools/pinfi/example/paired_executables/basicmath_small/execs/leader-gvn/exec_basicmath_small_gvn_gvn
Run Number: #4
DEBUG FI: /home/rmengle/pin/pin -t /home/rmengle/pin/source/tools/pinfi/obj-intel64/faultinjection.so -fioption AllInst -- /home/rmengle/pin/source/tools/pinfi/example/paired_executables/basicmath_small/execs/leader-gvn/exec_basicmath_small_gvn_gvn
Run Number: #5
DEBUG FI: /home/rmengle/pin/pin -t /home/rmengle/pin/source/tools/pinfi/obj-intel64/faultinjection.so -fioption AllInst -- /home/rmengle/pin/source/tools/pinfi/example/paired_executables/basicmath_small/execs/leader-gvn/exec_basicmath_small_gvn_gvn
Run Number: #6
DEBUG FI: /home/rmengle/pin/pin -t /home/rmengle/pin/source/tools/pinfi/obj-intel64/faultinjection.so -fioption AllInst -- /home/rmengle/pin/source/tools/pinfi/example/paired_executables/basicmath_small/execs/leader-gvn/exec_basicmath_small_gvn_gvn
Run Number: #7
DEBUG FI: /home/rmengle/pin/pin -t /home/rmengle/pin/source/tools/pinfi/obj-intel64/faultinjection.so -fioption AllInst -- /home/rmengle/pin/source/tools/pinfi/example/paired_executables/basicmath_small/execs/leader-gvn/exec_basicmath_small_gvn_gvn
Run Number: #8
DEBUG FI: /home/rmengle/pin/pin -t /home/rmengle/pin/source/tools/pinfi/obj-intel64/faultinjection.so -fioption AllInst -- /home/rmengle/pin/source/tools/pinfi/example/paired_executables/basicmath_small/execs/leader-gvn/exec_basicmath_small_gvn_gvn
Run Number: #9
DEBUG FI: /home/rmengle/pin/pin -t /home/rmengle/pin/source/tools/pinfi/obj-intel64/faultinjection.so -fioption AllInst -- /home/rmengle/pin/source/tools/pinfi/example/paired_executables/basicmath_small/execs/leader-gvn/exec_basicmath_small_gvn_gvn
Run Number: #10
DEBUG FI: /home/rmengle/pin/pin -t /home/rmengle/pin/source/tools/pinfi/obj-intel64/faultinjection.so -fioption AllInst -- /home/rmengle/pin/source/tools/pinfi/example/paired_executables/basicmath_small/execs/leader-gvn/exec_basicmath_small_gvn_gvn
Run Number: #11
DEBUG FI: /home/rmengle/pin/pin -t /home/rmengle/pin/source/tools/pinfi/obj-intel64/faultinjection.so -fioption AllInst -- /home/rmengle/pin/source/tools/pinfi/example/paired_executables/basicmath_small/execs/leader-gvn/exec_basicmath_small_gvn_gvn
Run Number: #12
DEBUG FI: /home/rmengle/pin/pin -t /home/rmengle/pin/source/tools/pinfi/obj-intel64/faultinjection.so -fioption AllInst -- /home/rmengle/pin/source/tools/pinfi/example/paired_executables/basicmath_small/execs/leader-gvn/exec_basicmath_small_gvn_gvn
Run Number: #13
DEBUG FI: /home/rmengle/pin/pin -t /home/rmengle/pin/source/tools/pinfi/obj-intel64/faultinjection.so -fioption AllInst -- /home/rmengle/pin/source/tools/pinfi/example/paired_executables/basicmath_small/execs/leader-gvn/exec_basicmath_small_gvn_gvn
Run Number: #14
DEBUG FI: /home/rmengle/pin/pin -t /home/rmengle/pin/source/tools/pinfi/obj-intel64/faultinjection.so -fioption AllInst -- /home/rmengle/pin/source/tools/pinfi/example/paired_executables/basicmath_small/execs/leader-gvn/exec_basicmath_small_gvn_gvn
Run Number: #15
DEBUG FI: /home/rmengle/pin/pin -t /home/rmengle/pin/source/tools/pinfi/obj-intel64/faultinjection.so -fioption AllInst -- /home/rmengle/pin/source/tools/pinfi/example/paired_executables/basicmath_small/execs/leader-gvn/exec_basicmath_small_gvn_gvn
Run Number: #16
DEBUG FI: /home/rmengle/pin/pin -t /home/rmengle/pin/source/tools/pinfi/obj-intel64/faultinjection.so -fioption AllInst -- /home/rmengle/pin/source/tools/pinfi/example/paired_executables/basicmath_small/execs/leader-gvn/exec_basicmath_small_gvn_gvn
Run Number: #17
DEBUG FI: /home/rmengle/pin/pin -t /home/rmengle/pin/source/tools/pinfi/obj-intel64/faultinjection.so -fioption AllInst -- /home/rmengle/pin/source/tools/pinfi/example/paired_executables/basicmath_small/execs/leader-gvn/exec_basicmath_small_gvn_gvn
Run Number: #18
DEBUG FI: /home/rmengle/pin/pin -t /home/rmengle/pin/source/tools/pinfi/obj-intel64/faultinjection.so -fioption AllInst -- /home/rmengle/pin/source/tools/pinfi/example/paired_executables/basicmath_small/execs/leader-gvn/exec_basicmath_small_gvn_gvn
Run Number: #19
DEBUG FI: /home/rmengle/pin/pin -t /home/rmengle/pin/source/tools/pinfi/obj-intel64/faultinjection.so -fioption AllInst -- /home/rmengle/pin/source/tools/pinfi/example/paired_executables/basicmath_small/execs/leader-gvn/exec_basicmath_small_gvn_gvn
Run Number: #20
DEBUG FI: /home/rmengle/pin/pin -t /home/rmengle/pin/source/tools/pinfi/obj-intel64/faultinjection.so -fioption AllInst -- /home/rmengle/pin/source/tools/pinfi/example/paired_executables/basicmath_small/execs/leader-gvn/exec_basicmath_small_gvn_gvn
Run Number: #21
DEBUG FI: /home/rmengle/pin/pin -t /home/rmengle/pin/source/tools/pinfi/obj-intel64/faultinjection.so -fioption AllInst -- /home/rmengle/pin/source/tools/pinfi/example/paired_executables/basicmath_small/execs/leader-gvn/exec_basicmath_small_gvn_gvn
Run Number: #22
DEBUG FI: /home/rmengle/pin/pin -t /home/rmengle/pin/source/tools/pinfi/obj-intel64/faultinjection.so -fioption AllInst -- /home/rmengle/pin/source/tools/pinfi/example/paired_executables/basicmath_small/execs/leader-gvn/exec_basicmath_small_gvn_gvn
Run Number: #23
DEBUG FI: /home/rmengle/pin/pin -t /home/rmengle/pin/source/tools/pinfi/obj-intel64/faultinjection.so -fioption AllInst -- /home/rmengle/pin/source/tools/pinfi/example/paired_executables/basicmath_small/execs/leader-gvn/exec_basicmath_small_gvn_gvn
Run Number: #24
DEBUG FI: /home/rmengle/pin/pin -t /home/rmengle/pin/source/tools/pinfi/obj-intel64/faultinjection.so -fioption AllInst -- /home/rmengle/pin/source/tools/pinfi/example/paired_executables/basicmath_small/execs/leader-gvn/exec_basicmath_small_gvn_gvn
Run Number: #25
DEBUG FI: /home/rmengle/pin/pin -t /home/rmengle/pin/source/tools/pinfi/obj-intel64/faultinjection.so -fioption AllInst -- /home/rmengle/pin/source/tools/pinfi/example/paired_executables/basicmath_small/execs/leader-gvn/exec_basicmath_small_gvn_gvn
Run Number: #26
DEBUG FI: /home/rmengle/pin/pin -t /home/rmengle/pin/source/tools/pinfi/obj-intel64/faultinjection.so -fioption AllInst -- /home/rmengle/pin/source/tools/pinfi/example/paired_executables/basicmath_small/execs/leader-gvn/exec_basicmath_small_gvn_gvn
Run Number: #27
DEBUG FI: /home/rmengle/pin/pin -t /home/rmengle/pin/source/tools/pinfi/obj-intel64/faultinjection.so -fioption AllInst -- /home/rmengle/pin/source/tools/pinfi/example/paired_executables/basicmath_small/execs/leader-gvn/exec_basicmath_small_gvn_gvn
Run Number: #28
DEBUG FI: /home/rmengle/pin/pin -t /home/rmengle/pin/source/tools/pinfi/obj-intel64/faultinjection.so -fioption AllInst -- /home/rmengle/pin/source/tools/pinfi/example/paired_executables/basicmath_small/execs/leader-gvn/exec_basicmath_small_gvn_gvn
Run Number: #29
DEBUG FI: /home/rmengle/pin/pin -t /home/rmengle/pin/source/tools/pinfi/obj-intel64/faultinjection.so -fioption AllInst -- /home/rmengle/pin/source/tools/pinfi/example/paired_executables/basicmath_small/execs/leader-gvn/exec_basicmath_small_gvn_gvn
Run Number: #30
DEBUG FI: /home/rmengle/pin/pin -t /home/rmengle/pin/source/tools/pinfi/obj-intel64/faultinjection.so -fioption AllInst -- /home/rmengle/pin/source/tools/pinfi/example/paired_executables/basicmath_small/execs/leader-gvn/exec_basicmath_small_gvn_gvn
Run Number: #31
DEBUG FI: /home/rmengle/pin/pin -t /home/rmengle/pin/source/tools/pinfi/obj-intel64/faultinjection.so -fioption AllInst -- /home/rmengle/pin/source/tools/pinfi/example/paired_executables/basicmath_small/execs/leader-gvn/exec_basicmath_small_gvn_gvn
Run Number: #32
DEBUG FI: /home/rmengle/pin/pin -t /home/rmengle/pin/source/tools/pinfi/obj-intel64/faultinjection.so -fioption AllInst -- /home/rmengle/pin/source/tools/pinfi/example/paired_executables/basicmath_small/execs/leader-gvn/exec_basicmath_small_gvn_gvn
Run Number: #33
DEBUG FI: /home/rmengle/pin/pin -t /home/rmengle/pin/source/tools/pinfi/obj-intel64/faultinjection.so -fioption AllInst -- /home/rmengle/pin/source/tools/pinfi/example/paired_executables/basicmath_small/execs/leader-gvn/exec_basicmath_small_gvn_gvn
Run Number: #34
DEBUG FI: /home/rmengle/pin/pin -t /home/rmengle/pin/source/tools/pinfi/obj-intel64/faultinjection.so -fioption AllInst -- /home/rmengle/pin/source/tools/pinfi/example/paired_executables/basicmath_small/execs/leader-gvn/exec_basicmath_small_gvn_gvn
Run Number: #35
DEBUG FI: /home/rmengle/pin/pin -t /home/rmengle/pin/source/tools/pinfi/obj-intel64/faultinjection.so -fioption AllInst -- /home/rmengle/pin/source/tools/pinfi/example/paired_executables/basicmath_small/execs/leader-gvn/exec_basicmath_small_gvn_gvn
Run Number: #36
DEBUG FI: /home/rmengle/pin/pin -t /home/rmengle/pin/source/tools/pinfi/obj-intel64/faultinjection.so -fioption AllInst -- /home/rmengle/pin/source/tools/pinfi/example/paired_executables/basicmath_small/execs/leader-gvn/exec_basicmath_small_gvn_gvn
Run Number: #37
DEBUG FI: /home/rmengle/pin/pin -t /home/rmengle/pin/source/tools/pinfi/obj-intel64/faultinjection.so -fioption AllInst -- /home/rmengle/pin/source/tools/pinfi/example/paired_executables/basicmath_small/execs/leader-gvn/exec_basicmath_small_gvn_gvn
Run Number: #38
DEBUG FI: /home/rmengle/pin/pin -t /home/rmengle/pin/source/tools/pinfi/obj-intel64/faultinjection.so -fioption AllInst -- /home/rmengle/pin/source/tools/pinfi/example/paired_executables/basicmath_small/execs/leader-gvn/exec_basicmath_small_gvn_gvn
Run Number: #39
DEBUG FI: /home/rmengle/pin/pin -t /home/rmengle/pin/source/tools/pinfi/obj-intel64/faultinjection.so -fioption AllInst -- /home/rmengle/pin/source/tools/pinfi/example/paired_executables/basicmath_small/execs/leader-gvn/exec_basicmath_small_gvn_gvn
Run Number: #40
DEBUG FI: /home/rmengle/pin/pin -t /home/rmengle/pin/source/tools/pinfi/obj-intel64/faultinjection.so -fioption AllInst -- /home/rmengle/pin/source/tools/pinfi/example/paired_executables/basicmath_small/execs/leader-gvn/exec_basicmath_small_gvn_gvn
Run Number: #41
DEBUG FI: /home/rmengle/pin/pin -t /home/rmengle/pin/source/tools/pinfi/obj-intel64/faultinjection.so -fioption AllInst -- /home/rmengle/pin/source/tools/pinfi/example/paired_executables/basicmath_small/execs/leader-gvn/exec_basicmath_small_gvn_gvn
Run Number: #42
DEBUG FI: /home/rmengle/pin/pin -t /home/rmengle/pin/source/tools/pinfi/obj-intel64/faultinjection.so -fioption AllInst -- /home/rmengle/pin/source/tools/pinfi/example/paired_executables/basicmath_small/execs/leader-gvn/exec_basicmath_small_gvn_gvn
Run Number: #43
DEBUG FI: /home/rmengle/pin/pin -t /home/rmengle/pin/source/tools/pinfi/obj-intel64/faultinjection.so -fioption AllInst -- /home/rmengle/pin/source/tools/pinfi/example/paired_executables/basicmath_small/execs/leader-gvn/exec_basicmath_small_gvn_gvn
Run Number: #44
DEBUG FI: /home/rmengle/pin/pin -t /home/rmengle/pin/source/tools/pinfi/obj-intel64/faultinjection.so -fioption AllInst -- /home/rmengle/pin/source/tools/pinfi/example/paired_executables/basicmath_small/execs/leader-gvn/exec_basicmath_small_gvn_gvn
Run Number: #45
DEBUG FI: /home/rmengle/pin/pin -t /home/rmengle/pin/source/tools/pinfi/obj-intel64/faultinjection.so -fioption AllInst -- /home/rmengle/pin/source/tools/pinfi/example/paired_executables/basicmath_small/execs/leader-gvn/exec_basicmath_small_gvn_gvn
Run Number: #46
DEBUG FI: /home/rmengle/pin/pin -t /home/rmengle/pin/source/tools/pinfi/obj-intel64/faultinjection.so -fioption AllInst -- /home/rmengle/pin/source/tools/pinfi/example/paired_executables/basicmath_small/execs/leader-gvn/exec_basicmath_small_gvn_gvn
Run Number: #47
DEBUG FI: /home/rmengle/pin/pin -t /home/rmengle/pin/source/tools/pinfi/obj-intel64/faultinjection.so -fioption AllInst -- /home/rmengle/pin/source/tools/pinfi/example/paired_executables/basicmath_small/execs/leader-gvn/exec_basicmath_small_gvn_gvn
Run Number: #48
DEBUG FI: /home/rmengle/pin/pin -t /home/rmengle/pin/source/tools/pinfi/obj-intel64/faultinjection.so -fioption AllInst -- /home/rmengle/pin/source/tools/pinfi/example/paired_executables/basicmath_small/execs/leader-gvn/exec_basicmath_small_gvn_gvn
Run Number: #49
DEBUG FI: /home/rmengle/pin/pin -t /home/rmengle/pin/source/tools/pinfi/obj-intel64/faultinjection.so -fioption AllInst -- /home/rmengle/pin/source/tools/pinfi/example/paired_executables/basicmath_small/execs/leader-gvn/exec_basicmath_small_gvn_gvn
Run Number: #50
DEBUG FI: /home/rmengle/pin/pin -t /home/rmengle/pin/source/tools/pinfi/obj-intel64/faultinjection.so -fioption AllInst -- /home/rmengle/pin/source/tools/pinfi/example/paired_executables/basicmath_small/execs/leader-gvn/exec_basicmath_small_gvn_gvn
Run Number: #51
DEBUG FI: /home/rmengle/pin/pin -t /home/rmengle/pin/source/tools/pinfi/obj-intel64/faultinjection.so -fioption AllInst -- /home/rmengle/pin/source/tools/pinfi/example/paired_executables/basicmath_small/execs/leader-gvn/exec_basicmath_small_gvn_gvn
Run Number: #52
DEBUG FI: /home/rmengle/pin/pin -t /home/rmengle/pin/source/tools/pinfi/obj-intel64/faultinjection.so -fioption AllInst -- /home/rmengle/pin/source/tools/pinfi/example/paired_executables/basicmath_small/execs/leader-gvn/exec_basicmath_small_gvn_gvn
Run Number: #53
DEBUG FI: /home/rmengle/pin/pin -t /home/rmengle/pin/source/tools/pinfi/obj-intel64/faultinjection.so -fioption AllInst -- /home/rmengle/pin/source/tools/pinfi/example/paired_executables/basicmath_small/execs/leader-gvn/exec_basicmath_small_gvn_gvn
Run Number: #54
DEBUG FI: /home/rmengle/pin/pin -t /home/rmengle/pin/source/tools/pinfi/obj-intel64/faultinjection.so -fioption AllInst -- /home/rmengle/pin/source/tools/pinfi/example/paired_executables/basicmath_small/execs/leader-gvn/exec_basicmath_small_gvn_gvn
Run Number: #55
DEBUG FI: /home/rmengle/pin/pin -t /home/rmengle/pin/source/tools/pinfi/obj-intel64/faultinjection.so -fioption AllInst -- /home/rmengle/pin/source/tools/pinfi/example/paired_executables/basicmath_small/execs/leader-gvn/exec_basicmath_small_gvn_gvn
Run Number: #56
DEBUG FI: /home/rmengle/pin/pin -t /home/rmengle/pin/source/tools/pinfi/obj-intel64/faultinjection.so -fioption AllInst -- /home/rmengle/pin/source/tools/pinfi/example/paired_executables/basicmath_small/execs/leader-gvn/exec_basicmath_small_gvn_gvn
Run Number: #57
DEBUG FI: /home/rmengle/pin/pin -t /home/rmengle/pin/source/tools/pinfi/obj-intel64/faultinjection.so -fioption AllInst -- /home/rmengle/pin/source/tools/pinfi/example/paired_executables/basicmath_small/execs/leader-gvn/exec_basicmath_small_gvn_gvn
Run Number: #58
DEBUG FI: /home/rmengle/pin/pin -t /home/rmengle/pin/source/tools/pinfi/obj-intel64/faultinjection.so -fioption AllInst -- /home/rmengle/pin/source/tools/pinfi/example/paired_executables/basicmath_small/execs/leader-gvn/exec_basicmath_small_gvn_gvn
Run Number: #59
DEBUG FI: /home/rmengle/pin/pin -t /home/rmengle/pin/source/tools/pinfi/obj-intel64/faultinjection.so -fioption AllInst -- /home/rmengle/pin/source/tools/pinfi/example/paired_executables/basicmath_small/execs/leader-gvn/exec_basicmath_small_gvn_gvn
Run Number: #60
DEBUG FI: /home/rmengle/pin/pin -t /home/rmengle/pin/source/tools/pinfi/obj-intel64/faultinjection.so -fioption AllInst -- /home/rmengle/pin/source/tools/pinfi/example/paired_executables/basicmath_small/execs/leader-gvn/exec_basicmath_small_gvn_gvn
Run Number: #61
DEBUG FI: /home/rmengle/pin/pin -t /home/rmengle/pin/source/tools/pinfi/obj-intel64/faultinjection.so -fioption AllInst -- /home/rmengle/pin/source/tools/pinfi/example/paired_executables/basicmath_small/execs/leader-gvn/exec_basicmath_small_gvn_gvn
Run Number: #62
DEBUG FI: /home/rmengle/pin/pin -t /home/rmengle/pin/source/tools/pinfi/obj-intel64/faultinjection.so -fioption AllInst -- /home/rmengle/pin/source/tools/pinfi/example/paired_executables/basicmath_small/execs/leader-gvn/exec_basicmath_small_gvn_gvn
Run Number: #63
DEBUG FI: /home/rmengle/pin/pin -t /home/rmengle/pin/source/tools/pinfi/obj-intel64/faultinjection.so -fioption AllInst -- /home/rmengle/pin/source/tools/pinfi/example/paired_executables/basicmath_small/execs/leader-gvn/exec_basicmath_small_gvn_gvn
Run Number: #64
DEBUG FI: /home/rmengle/pin/pin -t /home/rmengle/pin/source/tools/pinfi/obj-intel64/faultinjection.so -fioption AllInst -- /home/rmengle/pin/source/tools/pinfi/example/paired_executables/basicmath_small/execs/leader-gvn/exec_basicmath_small_gvn_gvn
Run Number: #65
DEBUG FI: /home/rmengle/pin/pin -t /home/rmengle/pin/source/tools/pinfi/obj-intel64/faultinjection.so -fioption AllInst -- /home/rmengle/pin/source/tools/pinfi/example/paired_executables/basicmath_small/execs/leader-gvn/exec_basicmath_small_gvn_gvn
Run Number: #66
DEBUG FI: /home/rmengle/pin/pin -t /home/rmengle/pin/source/tools/pinfi/obj-intel64/faultinjection.so -fioption AllInst -- /home/rmengle/pin/source/tools/pinfi/example/paired_executables/basicmath_small/execs/leader-gvn/exec_basicmath_small_gvn_gvn
Run Number: #67
DEBUG FI: /home/rmengle/pin/pin -t /home/rmengle/pin/source/tools/pinfi/obj-intel64/faultinjection.so -fioption AllInst -- /home/rmengle/pin/source/tools/pinfi/example/paired_executables/basicmath_small/execs/leader-gvn/exec_basicmath_small_gvn_gvn
Run Number: #68
DEBUG FI: /home/rmengle/pin/pin -t /home/rmengle/pin/source/tools/pinfi/obj-intel64/faultinjection.so -fioption AllInst -- /home/rmengle/pin/source/tools/pinfi/example/paired_executables/basicmath_small/execs/leader-gvn/exec_basicmath_small_gvn_gvn
Run Number: #69
DEBUG FI: /home/rmengle/pin/pin -t /home/rmengle/pin/source/tools/pinfi/obj-intel64/faultinjection.so -fioption AllInst -- /home/rmengle/pin/source/tools/pinfi/example/paired_executables/basicmath_small/execs/leader-gvn/exec_basicmath_small_gvn_gvn
Run Number: #70
DEBUG FI: /home/rmengle/pin/pin -t /home/rmengle/pin/source/tools/pinfi/obj-intel64/faultinjection.so -fioption AllInst -- /home/rmengle/pin/source/tools/pinfi/example/paired_executables/basicmath_small/execs/leader-gvn/exec_basicmath_small_gvn_gvn
Run Number: #71
DEBUG FI: /home/rmengle/pin/pin -t /home/rmengle/pin/source/tools/pinfi/obj-intel64/faultinjection.so -fioption AllInst -- /home/rmengle/pin/source/tools/pinfi/example/paired_executables/basicmath_small/execs/leader-gvn/exec_basicmath_small_gvn_gvn
Run Number: #72
DEBUG FI: /home/rmengle/pin/pin -t /home/rmengle/pin/source/tools/pinfi/obj-intel64/faultinjection.so -fioption AllInst -- /home/rmengle/pin/source/tools/pinfi/example/paired_executables/basicmath_small/execs/leader-gvn/exec_basicmath_small_gvn_gvn
Run Number: #73
DEBUG FI: /home/rmengle/pin/pin -t /home/rmengle/pin/source/tools/pinfi/obj-intel64/faultinjection.so -fioption AllInst -- /home/rmengle/pin/source/tools/pinfi/example/paired_executables/basicmath_small/execs/leader-gvn/exec_basicmath_small_gvn_gvn
Run Number: #74
DEBUG FI: /home/rmengle/pin/pin -t /home/rmengle/pin/source/tools/pinfi/obj-intel64/faultinjection.so -fioption AllInst -- /home/rmengle/pin/source/tools/pinfi/example/paired_executables/basicmath_small/execs/leader-gvn/exec_basicmath_small_gvn_gvn
Run Number: #75
DEBUG FI: /home/rmengle/pin/pin -t /home/rmengle/pin/source/tools/pinfi/obj-intel64/faultinjection.so -fioption AllInst -- /home/rmengle/pin/source/tools/pinfi/example/paired_executables/basicmath_small/execs/leader-gvn/exec_basicmath_small_gvn_gvn
Run Number: #76
DEBUG FI: /home/rmengle/pin/pin -t /home/rmengle/pin/source/tools/pinfi/obj-intel64/faultinjection.so -fioption AllInst -- /home/rmengle/pin/source/tools/pinfi/example/paired_executables/basicmath_small/execs/leader-gvn/exec_basicmath_small_gvn_gvn
Run Number: #77
DEBUG FI: /home/rmengle/pin/pin -t /home/rmengle/pin/source/tools/pinfi/obj-intel64/faultinjection.so -fioption AllInst -- /home/rmengle/pin/source/tools/pinfi/example/paired_executables/basicmath_small/execs/leader-gvn/exec_basicmath_small_gvn_gvn
Run Number: #78
DEBUG FI: /home/rmengle/pin/pin -t /home/rmengle/pin/source/tools/pinfi/obj-intel64/faultinjection.so -fioption AllInst -- /home/rmengle/pin/source/tools/pinfi/example/paired_executables/basicmath_small/execs/leader-gvn/exec_basicmath_small_gvn_gvn
Run Number: #79
DEBUG FI: /home/rmengle/pin/pin -t /home/rmengle/pin/source/tools/pinfi/obj-intel64/faultinjection.so -fioption AllInst -- /home/rmengle/pin/source/tools/pinfi/example/paired_executables/basicmath_small/execs/leader-gvn/exec_basicmath_small_gvn_gvn
Run Number: #80
DEBUG FI: /home/rmengle/pin/pin -t /home/rmengle/pin/source/tools/pinfi/obj-intel64/faultinjection.so -fioption AllInst -- /home/rmengle/pin/source/tools/pinfi/example/paired_executables/basicmath_small/execs/leader-gvn/exec_basicmath_small_gvn_gvn
Run Number: #81
DEBUG FI: /home/rmengle/pin/pin -t /home/rmengle/pin/source/tools/pinfi/obj-intel64/faultinjection.so -fioption AllInst -- /home/rmengle/pin/source/tools/pinfi/example/paired_executables/basicmath_small/execs/leader-gvn/exec_basicmath_small_gvn_gvn
Run Number: #82
DEBUG FI: /home/rmengle/pin/pin -t /home/rmengle/pin/source/tools/pinfi/obj-intel64/faultinjection.so -fioption AllInst -- /home/rmengle/pin/source/tools/pinfi/example/paired_executables/basicmath_small/execs/leader-gvn/exec_basicmath_small_gvn_gvn
Run Number: #83
DEBUG FI: /home/rmengle/pin/pin -t /home/rmengle/pin/source/tools/pinfi/obj-intel64/faultinjection.so -fioption AllInst -- /home/rmengle/pin/source/tools/pinfi/example/paired_executables/basicmath_small/execs/leader-gvn/exec_basicmath_small_gvn_gvn
Run Number: #84
DEBUG FI: /home/rmengle/pin/pin -t /home/rmengle/pin/source/tools/pinfi/obj-intel64/faultinjection.so -fioption AllInst -- /home/rmengle/pin/source/tools/pinfi/example/paired_executables/basicmath_small/execs/leader-gvn/exec_basicmath_small_gvn_gvn
Run Number: #85
DEBUG FI: /home/rmengle/pin/pin -t /home/rmengle/pin/source/tools/pinfi/obj-intel64/faultinjection.so -fioption AllInst -- /home/rmengle/pin/source/tools/pinfi/example/paired_executables/basicmath_small/execs/leader-gvn/exec_basicmath_small_gvn_gvn
Run Number: #86
DEBUG FI: /home/rmengle/pin/pin -t /home/rmengle/pin/source/tools/pinfi/obj-intel64/faultinjection.so -fioption AllInst -- /home/rmengle/pin/source/tools/pinfi/example/paired_executables/basicmath_small/execs/leader-gvn/exec_basicmath_small_gvn_gvn
Run Number: #87
DEBUG FI: /home/rmengle/pin/pin -t /home/rmengle/pin/source/tools/pinfi/obj-intel64/faultinjection.so -fioption AllInst -- /home/rmengle/pin/source/tools/pinfi/example/paired_executables/basicmath_small/execs/leader-gvn/exec_basicmath_small_gvn_gvn
Run Number: #88
DEBUG FI: /home/rmengle/pin/pin -t /home/rmengle/pin/source/tools/pinfi/obj-intel64/faultinjection.so -fioption AllInst -- /home/rmengle/pin/source/tools/pinfi/example/paired_executables/basicmath_small/execs/leader-gvn/exec_basicmath_small_gvn_gvn
Run Number: #89
DEBUG FI: /home/rmengle/pin/pin -t /home/rmengle/pin/source/tools/pinfi/obj-intel64/faultinjection.so -fioption AllInst -- /home/rmengle/pin/source/tools/pinfi/example/paired_executables/basicmath_small/execs/leader-gvn/exec_basicmath_small_gvn_gvn
Run Number: #90
DEBUG FI: /home/rmengle/pin/pin -t /home/rmengle/pin/source/tools/pinfi/obj-intel64/faultinjection.so -fioption AllInst -- /home/rmengle/pin/source/tools/pinfi/example/paired_executables/basicmath_small/execs/leader-gvn/exec_basicmath_small_gvn_gvn
Run Number: #91
DEBUG FI: /home/rmengle/pin/pin -t /home/rmengle/pin/source/tools/pinfi/obj-intel64/faultinjection.so -fioption AllInst -- /home/rmengle/pin/source/tools/pinfi/example/paired_executables/basicmath_small/execs/leader-gvn/exec_basicmath_small_gvn_gvn
Run Number: #92
DEBUG FI: /home/rmengle/pin/pin -t /home/rmengle/pin/source/tools/pinfi/obj-intel64/faultinjection.so -fioption AllInst -- /home/rmengle/pin/source/tools/pinfi/example/paired_executables/basicmath_small/execs/leader-gvn/exec_basicmath_small_gvn_gvn
Run Number: #93
DEBUG FI: /home/rmengle/pin/pin -t /home/rmengle/pin/source/tools/pinfi/obj-intel64/faultinjection.so -fioption AllInst -- /home/rmengle/pin/source/tools/pinfi/example/paired_executables/basicmath_small/execs/leader-gvn/exec_basicmath_small_gvn_gvn
Run Number: #94
DEBUG FI: /home/rmengle/pin/pin -t /home/rmengle/pin/source/tools/pinfi/obj-intel64/faultinjection.so -fioption AllInst -- /home/rmengle/pin/source/tools/pinfi/example/paired_executables/basicmath_small/execs/leader-gvn/exec_basicmath_small_gvn_gvn
Run Number: #95
DEBUG FI: /home/rmengle/pin/pin -t /home/rmengle/pin/source/tools/pinfi/obj-intel64/faultinjection.so -fioption AllInst -- /home/rmengle/pin/source/tools/pinfi/example/paired_executables/basicmath_small/execs/leader-gvn/exec_basicmath_small_gvn_gvn
Run Number: #96
DEBUG FI: /home/rmengle/pin/pin -t /home/rmengle/pin/source/tools/pinfi/obj-intel64/faultinjection.so -fioption AllInst -- /home/rmengle/pin/source/tools/pinfi/example/paired_executables/basicmath_small/execs/leader-gvn/exec_basicmath_small_gvn_gvn
Run Number: #97
DEBUG FI: /home/rmengle/pin/pin -t /home/rmengle/pin/source/tools/pinfi/obj-intel64/faultinjection.so -fioption AllInst -- /home/rmengle/pin/source/tools/pinfi/example/paired_executables/basicmath_small/execs/leader-gvn/exec_basicmath_small_gvn_gvn
Run Number: #98
DEBUG FI: /home/rmengle/pin/pin -t /home/rmengle/pin/source/tools/pinfi/obj-intel64/faultinjection.so -fioption AllInst -- /home/rmengle/pin/source/tools/pinfi/example/paired_executables/basicmath_small/execs/leader-gvn/exec_basicmath_small_gvn_gvn
Run Number: #99
DEBUG FI: /home/rmengle/pin/pin -t /home/rmengle/pin/source/tools/pinfi/obj-intel64/faultinjection.so -fioption AllInst -- /home/rmengle/pin/source/tools/pinfi/example/paired_executables/basicmath_small/execs/leader-gvn/exec_basicmath_small_gvn_gvn
Run Number: #100
DEBUG FI: /home/rmengle/pin/pin -t /home/rmengle/pin/source/tools/pinfi/obj-intel64/faultinjection.so -fioption AllInst -- /home/rmengle/pin/source/tools/pinfi/example/paired_executables/basicmath_small/execs/leader-gvn/exec_basicmath_small_gvn_gvn
Run Number: #101
DEBUG FI: /home/rmengle/pin/pin -t /home/rmengle/pin/source/tools/pinfi/obj-intel64/faultinjection.so -fioption AllInst -- /home/rmengle/pin/source/tools/pinfi/example/paired_executables/basicmath_small/execs/leader-gvn/exec_basicmath_small_gvn_gvn
Run Number: #102
DEBUG FI: /home/rmengle/pin/pin -t /home/rmengle/pin/source/tools/pinfi/obj-intel64/faultinjection.so -fioption AllInst -- /home/rmengle/pin/source/tools/pinfi/example/paired_executables/basicmath_small/execs/leader-gvn/exec_basicmath_small_gvn_gvn
Run Number: #103
DEBUG FI: /home/rmengle/pin/pin -t /home/rmengle/pin/source/tools/pinfi/obj-intel64/faultinjection.so -fioption AllInst -- /home/rmengle/pin/source/tools/pinfi/example/paired_executables/basicmath_small/execs/leader-gvn/exec_basicmath_small_gvn_gvn
Run Number: #104
DEBUG FI: /home/rmengle/pin/pin -t /home/rmengle/pin/source/tools/pinfi/obj-intel64/faultinjection.so -fioption AllInst -- /home/rmengle/pin/source/tools/pinfi/example/paired_executables/basicmath_small/execs/leader-gvn/exec_basicmath_small_gvn_gvn
Run Number: #105
DEBUG FI: /home/rmengle/pin/pin -t /home/rmengle/pin/source/tools/pinfi/obj-intel64/faultinjection.so -fioption AllInst -- /home/rmengle/pin/source/tools/pinfi/example/paired_executables/basicmath_small/execs/leader-gvn/exec_basicmath_small_gvn_gvn
Run Number: #106
DEBUG FI: /home/rmengle/pin/pin -t /home/rmengle/pin/source/tools/pinfi/obj-intel64/faultinjection.so -fioption AllInst -- /home/rmengle/pin/source/tools/pinfi/example/paired_executables/basicmath_small/execs/leader-gvn/exec_basicmath_small_gvn_gvn
Run Number: #107
DEBUG FI: /home/rmengle/pin/pin -t /home/rmengle/pin/source/tools/pinfi/obj-intel64/faultinjection.so -fioption AllInst -- /home/rmengle/pin/source/tools/pinfi/example/paired_executables/basicmath_small/execs/leader-gvn/exec_basicmath_small_gvn_gvn
Run Number: #108
DEBUG FI: /home/rmengle/pin/pin -t /home/rmengle/pin/source/tools/pinfi/obj-intel64/faultinjection.so -fioption AllInst -- /home/rmengle/pin/source/tools/pinfi/example/paired_executables/basicmath_small/execs/leader-gvn/exec_basicmath_small_gvn_gvn
Run Number: #109
DEBUG FI: /home/rmengle/pin/pin -t /home/rmengle/pin/source/tools/pinfi/obj-intel64/faultinjection.so -fioption AllInst -- /home/rmengle/pin/source/tools/pinfi/example/paired_executables/basicmath_small/execs/leader-gvn/exec_basicmath_small_gvn_gvn
Run Number: #110
DEBUG FI: /home/rmengle/pin/pin -t /home/rmengle/pin/source/tools/pinfi/obj-intel64/faultinjection.so -fioption AllInst -- /home/rmengle/pin/source/tools/pinfi/example/paired_executables/basicmath_small/execs/leader-gvn/exec_basicmath_small_gvn_gvn
Run Number: #111
DEBUG FI: /home/rmengle/pin/pin -t /home/rmengle/pin/source/tools/pinfi/obj-intel64/faultinjection.so -fioption AllInst -- /home/rmengle/pin/source/tools/pinfi/example/paired_executables/basicmath_small/execs/leader-gvn/exec_basicmath_small_gvn_gvn
Run Number: #112
DEBUG FI: /home/rmengle/pin/pin -t /home/rmengle/pin/source/tools/pinfi/obj-intel64/faultinjection.so -fioption AllInst -- /home/rmengle/pin/source/tools/pinfi/example/paired_executables/basicmath_small/execs/leader-gvn/exec_basicmath_small_gvn_gvn
Run Number: #113
DEBUG FI: /home/rmengle/pin/pin -t /home/rmengle/pin/source/tools/pinfi/obj-intel64/faultinjection.so -fioption AllInst -- /home/rmengle/pin/source/tools/pinfi/example/paired_executables/basicmath_small/execs/leader-gvn/exec_basicmath_small_gvn_gvn
Run Number: #114
DEBUG FI: /home/rmengle/pin/pin -t /home/rmengle/pin/source/tools/pinfi/obj-intel64/faultinjection.so -fioption AllInst -- /home/rmengle/pin/source/tools/pinfi/example/paired_executables/basicmath_small/execs/leader-gvn/exec_basicmath_small_gvn_gvn
Run Number: #115
DEBUG FI: /home/rmengle/pin/pin -t /home/rmengle/pin/source/tools/pinfi/obj-intel64/faultinjection.so -fioption AllInst -- /home/rmengle/pin/source/tools/pinfi/example/paired_executables/basicmath_small/execs/leader-gvn/exec_basicmath_small_gvn_gvn
Run Number: #116
DEBUG FI: /home/rmengle/pin/pin -t /home/rmengle/pin/source/tools/pinfi/obj-intel64/faultinjection.so -fioption AllInst -- /home/rmengle/pin/source/tools/pinfi/example/paired_executables/basicmath_small/execs/leader-gvn/exec_basicmath_small_gvn_gvn
Run Number: #117
DEBUG FI: /home/rmengle/pin/pin -t /home/rmengle/pin/source/tools/pinfi/obj-intel64/faultinjection.so -fioption AllInst -- /home/rmengle/pin/source/tools/pinfi/example/paired_executables/basicmath_small/execs/leader-gvn/exec_basicmath_small_gvn_gvn
Run Number: #118
DEBUG FI: /home/rmengle/pin/pin -t /home/rmengle/pin/source/tools/pinfi/obj-intel64/faultinjection.so -fioption AllInst -- /home/rmengle/pin/source/tools/pinfi/example/paired_executables/basicmath_small/execs/leader-gvn/exec_basicmath_small_gvn_gvn
Run Number: #119
DEBUG FI: /home/rmengle/pin/pin -t /home/rmengle/pin/source/tools/pinfi/obj-intel64/faultinjection.so -fioption AllInst -- /home/rmengle/pin/source/tools/pinfi/example/paired_executables/basicmath_small/execs/leader-gvn/exec_basicmath_small_gvn_gvn
Run Number: #120
DEBUG FI: /home/rmengle/pin/pin -t /home/rmengle/pin/source/tools/pinfi/obj-intel64/faultinjection.so -fioption AllInst -- /home/rmengle/pin/source/tools/pinfi/example/paired_executables/basicmath_small/execs/leader-gvn/exec_basicmath_small_gvn_gvn
Run Number: #121
DEBUG FI: /home/rmengle/pin/pin -t /home/rmengle/pin/source/tools/pinfi/obj-intel64/faultinjection.so -fioption AllInst -- /home/rmengle/pin/source/tools/pinfi/example/paired_executables/basicmath_small/execs/leader-gvn/exec_basicmath_small_gvn_gvn
Run Number: #122
DEBUG FI: /home/rmengle/pin/pin -t /home/rmengle/pin/source/tools/pinfi/obj-intel64/faultinjection.so -fioption AllInst -- /home/rmengle/pin/source/tools/pinfi/example/paired_executables/basicmath_small/execs/leader-gvn/exec_basicmath_small_gvn_gvn
Run Number: #123
DEBUG FI: /home/rmengle/pin/pin -t /home/rmengle/pin/source/tools/pinfi/obj-intel64/faultinjection.so -fioption AllInst -- /home/rmengle/pin/source/tools/pinfi/example/paired_executables/basicmath_small/execs/leader-gvn/exec_basicmath_small_gvn_gvn
Run Number: #124
DEBUG FI: /home/rmengle/pin/pin -t /home/rmengle/pin/source/tools/pinfi/obj-intel64/faultinjection.so -fioption AllInst -- /home/rmengle/pin/source/tools/pinfi/example/paired_executables/basicmath_small/execs/leader-gvn/exec_basicmath_small_gvn_gvn
Run Number: #125
DEBUG FI: /home/rmengle/pin/pin -t /home/rmengle/pin/source/tools/pinfi/obj-intel64/faultinjection.so -fioption AllInst -- /home/rmengle/pin/source/tools/pinfi/example/paired_executables/basicmath_small/execs/leader-gvn/exec_basicmath_small_gvn_gvn
Run Number: #126
DEBUG FI: /home/rmengle/pin/pin -t /home/rmengle/pin/source/tools/pinfi/obj-intel64/faultinjection.so -fioption AllInst -- /home/rmengle/pin/source/tools/pinfi/example/paired_executables/basicmath_small/execs/leader-gvn/exec_basicmath_small_gvn_gvn
Run Number: #127
DEBUG FI: /home/rmengle/pin/pin -t /home/rmengle/pin/source/tools/pinfi/obj-intel64/faultinjection.so -fioption AllInst -- /home/rmengle/pin/source/tools/pinfi/example/paired_executables/basicmath_small/execs/leader-gvn/exec_basicmath_small_gvn_gvn
Run Number: #128
DEBUG FI: /home/rmengle/pin/pin -t /home/rmengle/pin/source/tools/pinfi/obj-intel64/faultinjection.so -fioption AllInst -- /home/rmengle/pin/source/tools/pinfi/example/paired_executables/basicmath_small/execs/leader-gvn/exec_basicmath_small_gvn_gvn
Run Number: #129
DEBUG FI: /home/rmengle/pin/pin -t /home/rmengle/pin/source/tools/pinfi/obj-intel64/faultinjection.so -fioption AllInst -- /home/rmengle/pin/source/tools/pinfi/example/paired_executables/basicmath_small/execs/leader-gvn/exec_basicmath_small_gvn_gvn
Run Number: #130
DEBUG FI: /home/rmengle/pin/pin -t /home/rmengle/pin/source/tools/pinfi/obj-intel64/faultinjection.so -fioption AllInst -- /home/rmengle/pin/source/tools/pinfi/example/paired_executables/basicmath_small/execs/leader-gvn/exec_basicmath_small_gvn_gvn
Run Number: #131
DEBUG FI: /home/rmengle/pin/pin -t /home/rmengle/pin/source/tools/pinfi/obj-intel64/faultinjection.so -fioption AllInst -- /home/rmengle/pin/source/tools/pinfi/example/paired_executables/basicmath_small/execs/leader-gvn/exec_basicmath_small_gvn_gvn
Run Number: #132
DEBUG FI: /home/rmengle/pin/pin -t /home/rmengle/pin/source/tools/pinfi/obj-intel64/faultinjection.so -fioption AllInst -- /home/rmengle/pin/source/tools/pinfi/example/paired_executables/basicmath_small/execs/leader-gvn/exec_basicmath_small_gvn_gvn
Run Number: #133
DEBUG FI: /home/rmengle/pin/pin -t /home/rmengle/pin/source/tools/pinfi/obj-intel64/faultinjection.so -fioption AllInst -- /home/rmengle/pin/source/tools/pinfi/example/paired_executables/basicmath_small/execs/leader-gvn/exec_basicmath_small_gvn_gvn
Run Number: #134
DEBUG FI: /home/rmengle/pin/pin -t /home/rmengle/pin/source/tools/pinfi/obj-intel64/faultinjection.so -fioption AllInst -- /home/rmengle/pin/source/tools/pinfi/example/paired_executables/basicmath_small/execs/leader-gvn/exec_basicmath_small_gvn_gvn
Run Number: #135
DEBUG FI: /home/rmengle/pin/pin -t /home/rmengle/pin/source/tools/pinfi/obj-intel64/faultinjection.so -fioption AllInst -- /home/rmengle/pin/source/tools/pinfi/example/paired_executables/basicmath_small/execs/leader-gvn/exec_basicmath_small_gvn_gvn
Run Number: #136
DEBUG FI: /home/rmengle/pin/pin -t /home/rmengle/pin/source/tools/pinfi/obj-intel64/faultinjection.so -fioption AllInst -- /home/rmengle/pin/source/tools/pinfi/example/paired_executables/basicmath_small/execs/leader-gvn/exec_basicmath_small_gvn_gvn
Run Number: #137
DEBUG FI: /home/rmengle/pin/pin -t /home/rmengle/pin/source/tools/pinfi/obj-intel64/faultinjection.so -fioption AllInst -- /home/rmengle/pin/source/tools/pinfi/example/paired_executables/basicmath_small/execs/leader-gvn/exec_basicmath_small_gvn_gvn
Run Number: #138
DEBUG FI: /home/rmengle/pin/pin -t /home/rmengle/pin/source/tools/pinfi/obj-intel64/faultinjection.so -fioption AllInst -- /home/rmengle/pin/source/tools/pinfi/example/paired_executables/basicmath_small/execs/leader-gvn/exec_basicmath_small_gvn_gvn
Run Number: #139
DEBUG FI: /home/rmengle/pin/pin -t /home/rmengle/pin/source/tools/pinfi/obj-intel64/faultinjection.so -fioption AllInst -- /home/rmengle/pin/source/tools/pinfi/example/paired_executables/basicmath_small/execs/leader-gvn/exec_basicmath_small_gvn_gvn
Run Number: #140
DEBUG FI: /home/rmengle/pin/pin -t /home/rmengle/pin/source/tools/pinfi/obj-intel64/faultinjection.so -fioption AllInst -- /home/rmengle/pin/source/tools/pinfi/example/paired_executables/basicmath_small/execs/leader-gvn/exec_basicmath_small_gvn_gvn
Run Number: #141
DEBUG FI: /home/rmengle/pin/pin -t /home/rmengle/pin/source/tools/pinfi/obj-intel64/faultinjection.so -fioption AllInst -- /home/rmengle/pin/source/tools/pinfi/example/paired_executables/basicmath_small/execs/leader-gvn/exec_basicmath_small_gvn_gvn
Run Number: #142
DEBUG FI: /home/rmengle/pin/pin -t /home/rmengle/pin/source/tools/pinfi/obj-intel64/faultinjection.so -fioption AllInst -- /home/rmengle/pin/source/tools/pinfi/example/paired_executables/basicmath_small/execs/leader-gvn/exec_basicmath_small_gvn_gvn
Run Number: #143
DEBUG FI: /home/rmengle/pin/pin -t /home/rmengle/pin/source/tools/pinfi/obj-intel64/faultinjection.so -fioption AllInst -- /home/rmengle/pin/source/tools/pinfi/example/paired_executables/basicmath_small/execs/leader-gvn/exec_basicmath_small_gvn_gvn
Run Number: #144
DEBUG FI: /home/rmengle/pin/pin -t /home/rmengle/pin/source/tools/pinfi/obj-intel64/faultinjection.so -fioption AllInst -- /home/rmengle/pin/source/tools/pinfi/example/paired_executables/basicmath_small/execs/leader-gvn/exec_basicmath_small_gvn_gvn
Run Number: #145
DEBUG FI: /home/rmengle/pin/pin -t /home/rmengle/pin/source/tools/pinfi/obj-intel64/faultinjection.so -fioption AllInst -- /home/rmengle/pin/source/tools/pinfi/example/paired_executables/basicmath_small/execs/leader-gvn/exec_basicmath_small_gvn_gvn
Run Number: #146
DEBUG FI: /home/rmengle/pin/pin -t /home/rmengle/pin/source/tools/pinfi/obj-intel64/faultinjection.so -fioption AllInst -- /home/rmengle/pin/source/tools/pinfi/example/paired_executables/basicmath_small/execs/leader-gvn/exec_basicmath_small_gvn_gvn
Run Number: #147
DEBUG FI: /home/rmengle/pin/pin -t /home/rmengle/pin/source/tools/pinfi/obj-intel64/faultinjection.so -fioption AllInst -- /home/rmengle/pin/source/tools/pinfi/example/paired_executables/basicmath_small/execs/leader-gvn/exec_basicmath_small_gvn_gvn
Run Number: #148
DEBUG FI: /home/rmengle/pin/pin -t /home/rmengle/pin/source/tools/pinfi/obj-intel64/faultinjection.so -fioption AllInst -- /home/rmengle/pin/source/tools/pinfi/example/paired_executables/basicmath_small/execs/leader-gvn/exec_basicmath_small_gvn_gvn
Run Number: #149
DEBUG FI: /home/rmengle/pin/pin -t /home/rmengle/pin/source/tools/pinfi/obj-intel64/faultinjection.so -fioption AllInst -- /home/rmengle/pin/source/tools/pinfi/example/paired_executables/basicmath_small/execs/leader-gvn/exec_basicmath_small_gvn_gvn
Run Number: #150
DEBUG FI: /home/rmengle/pin/pin -t /home/rmengle/pin/source/tools/pinfi/obj-intel64/faultinjection.so -fioption AllInst -- /home/rmengle/pin/source/tools/pinfi/example/paired_executables/basicmath_small/execs/leader-gvn/exec_basicmath_small_gvn_gvn
Run Number: #151
DEBUG FI: /home/rmengle/pin/pin -t /home/rmengle/pin/source/tools/pinfi/obj-intel64/faultinjection.so -fioption AllInst -- /home/rmengle/pin/source/tools/pinfi/example/paired_executables/basicmath_small/execs/leader-gvn/exec_basicmath_small_gvn_gvn
Run Number: #152
DEBUG FI: /home/rmengle/pin/pin -t /home/rmengle/pin/source/tools/pinfi/obj-intel64/faultinjection.so -fioption AllInst -- /home/rmengle/pin/source/tools/pinfi/example/paired_executables/basicmath_small/execs/leader-gvn/exec_basicmath_small_gvn_gvn
Run Number: #153
DEBUG FI: /home/rmengle/pin/pin -t /home/rmengle/pin/source/tools/pinfi/obj-intel64/faultinjection.so -fioption AllInst -- /home/rmengle/pin/source/tools/pinfi/example/paired_executables/basicmath_small/execs/leader-gvn/exec_basicmath_small_gvn_gvn
Run Number: #154
DEBUG FI: /home/rmengle/pin/pin -t /home/rmengle/pin/source/tools/pinfi/obj-intel64/faultinjection.so -fioption AllInst -- /home/rmengle/pin/source/tools/pinfi/example/paired_executables/basicmath_small/execs/leader-gvn/exec_basicmath_small_gvn_gvn
Run Number: #155
DEBUG FI: /home/rmengle/pin/pin -t /home/rmengle/pin/source/tools/pinfi/obj-intel64/faultinjection.so -fioption AllInst -- /home/rmengle/pin/source/tools/pinfi/example/paired_executables/basicmath_small/execs/leader-gvn/exec_basicmath_small_gvn_gvn
Run Number: #156
DEBUG FI: /home/rmengle/pin/pin -t /home/rmengle/pin/source/tools/pinfi/obj-intel64/faultinjection.so -fioption AllInst -- /home/rmengle/pin/source/tools/pinfi/example/paired_executables/basicmath_small/execs/leader-gvn/exec_basicmath_small_gvn_gvn
Run Number: #157
DEBUG FI: /home/rmengle/pin/pin -t /home/rmengle/pin/source/tools/pinfi/obj-intel64/faultinjection.so -fioption AllInst -- /home/rmengle/pin/source/tools/pinfi/example/paired_executables/basicmath_small/execs/leader-gvn/exec_basicmath_small_gvn_gvn
Run Number: #158
DEBUG FI: /home/rmengle/pin/pin -t /home/rmengle/pin/source/tools/pinfi/obj-intel64/faultinjection.so -fioption AllInst -- /home/rmengle/pin/source/tools/pinfi/example/paired_executables/basicmath_small/execs/leader-gvn/exec_basicmath_small_gvn_gvn
Run Number: #159
DEBUG FI: /home/rmengle/pin/pin -t /home/rmengle/pin/source/tools/pinfi/obj-intel64/faultinjection.so -fioption AllInst -- /home/rmengle/pin/source/tools/pinfi/example/paired_executables/basicmath_small/execs/leader-gvn/exec_basicmath_small_gvn_gvn
Run Number: #160
DEBUG FI: /home/rmengle/pin/pin -t /home/rmengle/pin/source/tools/pinfi/obj-intel64/faultinjection.so -fioption AllInst -- /home/rmengle/pin/source/tools/pinfi/example/paired_executables/basicmath_small/execs/leader-gvn/exec_basicmath_small_gvn_gvn
Run Number: #161
DEBUG FI: /home/rmengle/pin/pin -t /home/rmengle/pin/source/tools/pinfi/obj-intel64/faultinjection.so -fioption AllInst -- /home/rmengle/pin/source/tools/pinfi/example/paired_executables/basicmath_small/execs/leader-gvn/exec_basicmath_small_gvn_gvn
Run Number: #162
DEBUG FI: /home/rmengle/pin/pin -t /home/rmengle/pin/source/tools/pinfi/obj-intel64/faultinjection.so -fioption AllInst -- /home/rmengle/pin/source/tools/pinfi/example/paired_executables/basicmath_small/execs/leader-gvn/exec_basicmath_small_gvn_gvn
Run Number: #163
DEBUG FI: /home/rmengle/pin/pin -t /home/rmengle/pin/source/tools/pinfi/obj-intel64/faultinjection.so -fioption AllInst -- /home/rmengle/pin/source/tools/pinfi/example/paired_executables/basicmath_small/execs/leader-gvn/exec_basicmath_small_gvn_gvn
Run Number: #164
DEBUG FI: /home/rmengle/pin/pin -t /home/rmengle/pin/source/tools/pinfi/obj-intel64/faultinjection.so -fioption AllInst -- /home/rmengle/pin/source/tools/pinfi/example/paired_executables/basicmath_small/execs/leader-gvn/exec_basicmath_small_gvn_gvn
Run Number: #165
DEBUG FI: /home/rmengle/pin/pin -t /home/rmengle/pin/source/tools/pinfi/obj-intel64/faultinjection.so -fioption AllInst -- /home/rmengle/pin/source/tools/pinfi/example/paired_executables/basicmath_small/execs/leader-gvn/exec_basicmath_small_gvn_gvn
Run Number: #166
DEBUG FI: /home/rmengle/pin/pin -t /home/rmengle/pin/source/tools/pinfi/obj-intel64/faultinjection.so -fioption AllInst -- /home/rmengle/pin/source/tools/pinfi/example/paired_executables/basicmath_small/execs/leader-gvn/exec_basicmath_small_gvn_gvn
Run Number: #167
DEBUG FI: /home/rmengle/pin/pin -t /home/rmengle/pin/source/tools/pinfi/obj-intel64/faultinjection.so -fioption AllInst -- /home/rmengle/pin/source/tools/pinfi/example/paired_executables/basicmath_small/execs/leader-gvn/exec_basicmath_small_gvn_gvn
Run Number: #168
DEBUG FI: /home/rmengle/pin/pin -t /home/rmengle/pin/source/tools/pinfi/obj-intel64/faultinjection.so -fioption AllInst -- /home/rmengle/pin/source/tools/pinfi/example/paired_executables/basicmath_small/execs/leader-gvn/exec_basicmath_small_gvn_gvn
Run Number: #169
DEBUG FI: /home/rmengle/pin/pin -t /home/rmengle/pin/source/tools/pinfi/obj-intel64/faultinjection.so -fioption AllInst -- /home/rmengle/pin/source/tools/pinfi/example/paired_executables/basicmath_small/execs/leader-gvn/exec_basicmath_small_gvn_gvn
Run Number: #170
DEBUG FI: /home/rmengle/pin/pin -t /home/rmengle/pin/source/tools/pinfi/obj-intel64/faultinjection.so -fioption AllInst -- /home/rmengle/pin/source/tools/pinfi/example/paired_executables/basicmath_small/execs/leader-gvn/exec_basicmath_small_gvn_gvn
Run Number: #171
DEBUG FI: /home/rmengle/pin/pin -t /home/rmengle/pin/source/tools/pinfi/obj-intel64/faultinjection.so -fioption AllInst -- /home/rmengle/pin/source/tools/pinfi/example/paired_executables/basicmath_small/execs/leader-gvn/exec_basicmath_small_gvn_gvn
Run Number: #172
DEBUG FI: /home/rmengle/pin/pin -t /home/rmengle/pin/source/tools/pinfi/obj-intel64/faultinjection.so -fioption AllInst -- /home/rmengle/pin/source/tools/pinfi/example/paired_executables/basicmath_small/execs/leader-gvn/exec_basicmath_small_gvn_gvn
Run Number: #173
DEBUG FI: /home/rmengle/pin/pin -t /home/rmengle/pin/source/tools/pinfi/obj-intel64/faultinjection.so -fioption AllInst -- /home/rmengle/pin/source/tools/pinfi/example/paired_executables/basicmath_small/execs/leader-gvn/exec_basicmath_small_gvn_gvn
Run Number: #174
DEBUG FI: /home/rmengle/pin/pin -t /home/rmengle/pin/source/tools/pinfi/obj-intel64/faultinjection.so -fioption AllInst -- /home/rmengle/pin/source/tools/pinfi/example/paired_executables/basicmath_small/execs/leader-gvn/exec_basicmath_small_gvn_gvn
Run Number: #175
DEBUG FI: /home/rmengle/pin/pin -t /home/rmengle/pin/source/tools/pinfi/obj-intel64/faultinjection.so -fioption AllInst -- /home/rmengle/pin/source/tools/pinfi/example/paired_executables/basicmath_small/execs/leader-gvn/exec_basicmath_small_gvn_gvn
Run Number: #176
DEBUG FI: /home/rmengle/pin/pin -t /home/rmengle/pin/source/tools/pinfi/obj-intel64/faultinjection.so -fioption AllInst -- /home/rmengle/pin/source/tools/pinfi/example/paired_executables/basicmath_small/execs/leader-gvn/exec_basicmath_small_gvn_gvn
Run Number: #177
DEBUG FI: /home/rmengle/pin/pin -t /home/rmengle/pin/source/tools/pinfi/obj-intel64/faultinjection.so -fioption AllInst -- /home/rmengle/pin/source/tools/pinfi/example/paired_executables/basicmath_small/execs/leader-gvn/exec_basicmath_small_gvn_gvn
Run Number: #178
DEBUG FI: /home/rmengle/pin/pin -t /home/rmengle/pin/source/tools/pinfi/obj-intel64/faultinjection.so -fioption AllInst -- /home/rmengle/pin/source/tools/pinfi/example/paired_executables/basicmath_small/execs/leader-gvn/exec_basicmath_small_gvn_gvn
Run Number: #179
DEBUG FI: /home/rmengle/pin/pin -t /home/rmengle/pin/source/tools/pinfi/obj-intel64/faultinjection.so -fioption AllInst -- /home/rmengle/pin/source/tools/pinfi/example/paired_executables/basicmath_small/execs/leader-gvn/exec_basicmath_small_gvn_gvn
Run Number: #180
DEBUG FI: /home/rmengle/pin/pin -t /home/rmengle/pin/source/tools/pinfi/obj-intel64/faultinjection.so -fioption AllInst -- /home/rmengle/pin/source/tools/pinfi/example/paired_executables/basicmath_small/execs/leader-gvn/exec_basicmath_small_gvn_gvn
Run Number: #181
DEBUG FI: /home/rmengle/pin/pin -t /home/rmengle/pin/source/tools/pinfi/obj-intel64/faultinjection.so -fioption AllInst -- /home/rmengle/pin/source/tools/pinfi/example/paired_executables/basicmath_small/execs/leader-gvn/exec_basicmath_small_gvn_gvn
Run Number: #182
DEBUG FI: /home/rmengle/pin/pin -t /home/rmengle/pin/source/tools/pinfi/obj-intel64/faultinjection.so -fioption AllInst -- /home/rmengle/pin/source/tools/pinfi/example/paired_executables/basicmath_small/execs/leader-gvn/exec_basicmath_small_gvn_gvn
Run Number: #183
DEBUG FI: /home/rmengle/pin/pin -t /home/rmengle/pin/source/tools/pinfi/obj-intel64/faultinjection.so -fioption AllInst -- /home/rmengle/pin/source/tools/pinfi/example/paired_executables/basicmath_small/execs/leader-gvn/exec_basicmath_small_gvn_gvn
Run Number: #184
DEBUG FI: /home/rmengle/pin/pin -t /home/rmengle/pin/source/tools/pinfi/obj-intel64/faultinjection.so -fioption AllInst -- /home/rmengle/pin/source/tools/pinfi/example/paired_executables/basicmath_small/execs/leader-gvn/exec_basicmath_small_gvn_gvn
Run Number: #185
DEBUG FI: /home/rmengle/pin/pin -t /home/rmengle/pin/source/tools/pinfi/obj-intel64/faultinjection.so -fioption AllInst -- /home/rmengle/pin/source/tools/pinfi/example/paired_executables/basicmath_small/execs/leader-gvn/exec_basicmath_small_gvn_gvn
Run Number: #186
DEBUG FI: /home/rmengle/pin/pin -t /home/rmengle/pin/source/tools/pinfi/obj-intel64/faultinjection.so -fioption AllInst -- /home/rmengle/pin/source/tools/pinfi/example/paired_executables/basicmath_small/execs/leader-gvn/exec_basicmath_small_gvn_gvn
Run Number: #187
DEBUG FI: /home/rmengle/pin/pin -t /home/rmengle/pin/source/tools/pinfi/obj-intel64/faultinjection.so -fioption AllInst -- /home/rmengle/pin/source/tools/pinfi/example/paired_executables/basicmath_small/execs/leader-gvn/exec_basicmath_small_gvn_gvn
Run Number: #188
DEBUG FI: /home/rmengle/pin/pin -t /home/rmengle/pin/source/tools/pinfi/obj-intel64/faultinjection.so -fioption AllInst -- /home/rmengle/pin/source/tools/pinfi/example/paired_executables/basicmath_small/execs/leader-gvn/exec_basicmath_small_gvn_gvn
Run Number: #189
DEBUG FI: /home/rmengle/pin/pin -t /home/rmengle/pin/source/tools/pinfi/obj-intel64/faultinjection.so -fioption AllInst -- /home/rmengle/pin/source/tools/pinfi/example/paired_executables/basicmath_small/execs/leader-gvn/exec_basicmath_small_gvn_gvn
Run Number: #190
DEBUG FI: /home/rmengle/pin/pin -t /home/rmengle/pin/source/tools/pinfi/obj-intel64/faultinjection.so -fioption AllInst -- /home/rmengle/pin/source/tools/pinfi/example/paired_executables/basicmath_small/execs/leader-gvn/exec_basicmath_small_gvn_gvn
Run Number: #191
DEBUG FI: /home/rmengle/pin/pin -t /home/rmengle/pin/source/tools/pinfi/obj-intel64/faultinjection.so -fioption AllInst -- /home/rmengle/pin/source/tools/pinfi/example/paired_executables/basicmath_small/execs/leader-gvn/exec_basicmath_small_gvn_gvn
Run Number: #192
DEBUG FI: /home/rmengle/pin/pin -t /home/rmengle/pin/source/tools/pinfi/obj-intel64/faultinjection.so -fioption AllInst -- /home/rmengle/pin/source/tools/pinfi/example/paired_executables/basicmath_small/execs/leader-gvn/exec_basicmath_small_gvn_gvn
Run Number: #193
DEBUG FI: /home/rmengle/pin/pin -t /home/rmengle/pin/source/tools/pinfi/obj-intel64/faultinjection.so -fioption AllInst -- /home/rmengle/pin/source/tools/pinfi/example/paired_executables/basicmath_small/execs/leader-gvn/exec_basicmath_small_gvn_gvn
Run Number: #194
DEBUG FI: /home/rmengle/pin/pin -t /home/rmengle/pin/source/tools/pinfi/obj-intel64/faultinjection.so -fioption AllInst -- /home/rmengle/pin/source/tools/pinfi/example/paired_executables/basicmath_small/execs/leader-gvn/exec_basicmath_small_gvn_gvn
Run Number: #195
DEBUG FI: /home/rmengle/pin/pin -t /home/rmengle/pin/source/tools/pinfi/obj-intel64/faultinjection.so -fioption AllInst -- /home/rmengle/pin/source/tools/pinfi/example/paired_executables/basicmath_small/execs/leader-gvn/exec_basicmath_small_gvn_gvn
Run Number: #196
DEBUG FI: /home/rmengle/pin/pin -t /home/rmengle/pin/source/tools/pinfi/obj-intel64/faultinjection.so -fioption AllInst -- /home/rmengle/pin/source/tools/pinfi/example/paired_executables/basicmath_small/execs/leader-gvn/exec_basicmath_small_gvn_gvn
Run Number: #197
DEBUG FI: /home/rmengle/pin/pin -t /home/rmengle/pin/source/tools/pinfi/obj-intel64/faultinjection.so -fioption AllInst -- /home/rmengle/pin/source/tools/pinfi/example/paired_executables/basicmath_small/execs/leader-gvn/exec_basicmath_small_gvn_gvn
Run Number: #198
DEBUG FI: /home/rmengle/pin/pin -t /home/rmengle/pin/source/tools/pinfi/obj-intel64/faultinjection.so -fioption AllInst -- /home/rmengle/pin/source/tools/pinfi/example/paired_executables/basicmath_small/execs/leader-gvn/exec_basicmath_small_gvn_gvn
Run Number: #199
DEBUG FI: /home/rmengle/pin/pin -t /home/rmengle/pin/source/tools/pinfi/obj-intel64/faultinjection.so -fioption AllInst -- /home/rmengle/pin/source/tools/pinfi/example/paired_executables/basicmath_small/execs/leader-gvn/exec_basicmath_small_gvn_gvn
Run Number: #200
DEBUG FI: /home/rmengle/pin/pin -t /home/rmengle/pin/source/tools/pinfi/obj-intel64/faultinjection.so -fioption AllInst -- /home/rmengle/pin/source/tools/pinfi/example/paired_executables/basicmath_small/execs/leader-gvn/exec_basicmath_small_gvn_gvn
Run Number: #201
DEBUG FI: /home/rmengle/pin/pin -t /home/rmengle/pin/source/tools/pinfi/obj-intel64/faultinjection.so -fioption AllInst -- /home/rmengle/pin/source/tools/pinfi/example/paired_executables/basicmath_small/execs/leader-gvn/exec_basicmath_small_gvn_gvn
Run Number: #202
DEBUG FI: /home/rmengle/pin/pin -t /home/rmengle/pin/source/tools/pinfi/obj-intel64/faultinjection.so -fioption AllInst -- /home/rmengle/pin/source/tools/pinfi/example/paired_executables/basicmath_small/execs/leader-gvn/exec_basicmath_small_gvn_gvn
Run Number: #203
DEBUG FI: /home/rmengle/pin/pin -t /home/rmengle/pin/source/tools/pinfi/obj-intel64/faultinjection.so -fioption AllInst -- /home/rmengle/pin/source/tools/pinfi/example/paired_executables/basicmath_small/execs/leader-gvn/exec_basicmath_small_gvn_gvn
Run Number: #204
DEBUG FI: /home/rmengle/pin/pin -t /home/rmengle/pin/source/tools/pinfi/obj-intel64/faultinjection.so -fioption AllInst -- /home/rmengle/pin/source/tools/pinfi/example/paired_executables/basicmath_small/execs/leader-gvn/exec_basicmath_small_gvn_gvn
Run Number: #205
DEBUG FI: /home/rmengle/pin/pin -t /home/rmengle/pin/source/tools/pinfi/obj-intel64/faultinjection.so -fioption AllInst -- /home/rmengle/pin/source/tools/pinfi/example/paired_executables/basicmath_small/execs/leader-gvn/exec_basicmath_small_gvn_gvn
Run Number: #206
DEBUG FI: /home/rmengle/pin/pin -t /home/rmengle/pin/source/tools/pinfi/obj-intel64/faultinjection.so -fioption AllInst -- /home/rmengle/pin/source/tools/pinfi/example/paired_executables/basicmath_small/execs/leader-gvn/exec_basicmath_small_gvn_gvn
Run Number: #207
DEBUG FI: /home/rmengle/pin/pin -t /home/rmengle/pin/source/tools/pinfi/obj-intel64/faultinjection.so -fioption AllInst -- /home/rmengle/pin/source/tools/pinfi/example/paired_executables/basicmath_small/execs/leader-gvn/exec_basicmath_small_gvn_gvn
Run Number: #208
DEBUG FI: /home/rmengle/pin/pin -t /home/rmengle/pin/source/tools/pinfi/obj-intel64/faultinjection.so -fioption AllInst -- /home/rmengle/pin/source/tools/pinfi/example/paired_executables/basicmath_small/execs/leader-gvn/exec_basicmath_small_gvn_gvn
Run Number: #209
DEBUG FI: /home/rmengle/pin/pin -t /home/rmengle/pin/source/tools/pinfi/obj-intel64/faultinjection.so -fioption AllInst -- /home/rmengle/pin/source/tools/pinfi/example/paired_executables/basicmath_small/execs/leader-gvn/exec_basicmath_small_gvn_gvn
Run Number: #210
DEBUG FI: /home/rmengle/pin/pin -t /home/rmengle/pin/source/tools/pinfi/obj-intel64/faultinjection.so -fioption AllInst -- /home/rmengle/pin/source/tools/pinfi/example/paired_executables/basicmath_small/execs/leader-gvn/exec_basicmath_small_gvn_gvn
Run Number: #211
DEBUG FI: /home/rmengle/pin/pin -t /home/rmengle/pin/source/tools/pinfi/obj-intel64/faultinjection.so -fioption AllInst -- /home/rmengle/pin/source/tools/pinfi/example/paired_executables/basicmath_small/execs/leader-gvn/exec_basicmath_small_gvn_gvn
Run Number: #212
DEBUG FI: /home/rmengle/pin/pin -t /home/rmengle/pin/source/tools/pinfi/obj-intel64/faultinjection.so -fioption AllInst -- /home/rmengle/pin/source/tools/pinfi/example/paired_executables/basicmath_small/execs/leader-gvn/exec_basicmath_small_gvn_gvn
Run Number: #213
DEBUG FI: /home/rmengle/pin/pin -t /home/rmengle/pin/source/tools/pinfi/obj-intel64/faultinjection.so -fioption AllInst -- /home/rmengle/pin/source/tools/pinfi/example/paired_executables/basicmath_small/execs/leader-gvn/exec_basicmath_small_gvn_gvn
Run Number: #214
DEBUG FI: /home/rmengle/pin/pin -t /home/rmengle/pin/source/tools/pinfi/obj-intel64/faultinjection.so -fioption AllInst -- /home/rmengle/pin/source/tools/pinfi/example/paired_executables/basicmath_small/execs/leader-gvn/exec_basicmath_small_gvn_gvn
Run Number: #215
DEBUG FI: /home/rmengle/pin/pin -t /home/rmengle/pin/source/tools/pinfi/obj-intel64/faultinjection.so -fioption AllInst -- /home/rmengle/pin/source/tools/pinfi/example/paired_executables/basicmath_small/execs/leader-gvn/exec_basicmath_small_gvn_gvn
Run Number: #216
DEBUG FI: /home/rmengle/pin/pin -t /home/rmengle/pin/source/tools/pinfi/obj-intel64/faultinjection.so -fioption AllInst -- /home/rmengle/pin/source/tools/pinfi/example/paired_executables/basicmath_small/execs/leader-gvn/exec_basicmath_small_gvn_gvn
Run Number: #217
DEBUG FI: /home/rmengle/pin/pin -t /home/rmengle/pin/source/tools/pinfi/obj-intel64/faultinjection.so -fioption AllInst -- /home/rmengle/pin/source/tools/pinfi/example/paired_executables/basicmath_small/execs/leader-gvn/exec_basicmath_small_gvn_gvn
Run Number: #218
DEBUG FI: /home/rmengle/pin/pin -t /home/rmengle/pin/source/tools/pinfi/obj-intel64/faultinjection.so -fioption AllInst -- /home/rmengle/pin/source/tools/pinfi/example/paired_executables/basicmath_small/execs/leader-gvn/exec_basicmath_small_gvn_gvn
Run Number: #219
DEBUG FI: /home/rmengle/pin/pin -t /home/rmengle/pin/source/tools/pinfi/obj-intel64/faultinjection.so -fioption AllInst -- /home/rmengle/pin/source/tools/pinfi/example/paired_executables/basicmath_small/execs/leader-gvn/exec_basicmath_small_gvn_gvn
Run Number: #220
DEBUG FI: /home/rmengle/pin/pin -t /home/rmengle/pin/source/tools/pinfi/obj-intel64/faultinjection.so -fioption AllInst -- /home/rmengle/pin/source/tools/pinfi/example/paired_executables/basicmath_small/execs/leader-gvn/exec_basicmath_small_gvn_gvn
Run Number: #221
DEBUG FI: /home/rmengle/pin/pin -t /home/rmengle/pin/source/tools/pinfi/obj-intel64/faultinjection.so -fioption AllInst -- /home/rmengle/pin/source/tools/pinfi/example/paired_executables/basicmath_small/execs/leader-gvn/exec_basicmath_small_gvn_gvn
Run Number: #222
DEBUG FI: /home/rmengle/pin/pin -t /home/rmengle/pin/source/tools/pinfi/obj-intel64/faultinjection.so -fioption AllInst -- /home/rmengle/pin/source/tools/pinfi/example/paired_executables/basicmath_small/execs/leader-gvn/exec_basicmath_small_gvn_gvn
Run Number: #223
DEBUG FI: /home/rmengle/pin/pin -t /home/rmengle/pin/source/tools/pinfi/obj-intel64/faultinjection.so -fioption AllInst -- /home/rmengle/pin/source/tools/pinfi/example/paired_executables/basicmath_small/execs/leader-gvn/exec_basicmath_small_gvn_gvn
Run Number: #224
DEBUG FI: /home/rmengle/pin/pin -t /home/rmengle/pin/source/tools/pinfi/obj-intel64/faultinjection.so -fioption AllInst -- /home/rmengle/pin/source/tools/pinfi/example/paired_executables/basicmath_small/execs/leader-gvn/exec_basicmath_small_gvn_gvn
Run Number: #225
DEBUG FI: /home/rmengle/pin/pin -t /home/rmengle/pin/source/tools/pinfi/obj-intel64/faultinjection.so -fioption AllInst -- /home/rmengle/pin/source/tools/pinfi/example/paired_executables/basicmath_small/execs/leader-gvn/exec_basicmath_small_gvn_gvn
Run Number: #226
DEBUG FI: /home/rmengle/pin/pin -t /home/rmengle/pin/source/tools/pinfi/obj-intel64/faultinjection.so -fioption AllInst -- /home/rmengle/pin/source/tools/pinfi/example/paired_executables/basicmath_small/execs/leader-gvn/exec_basicmath_small_gvn_gvn
Run Number: #227
DEBUG FI: /home/rmengle/pin/pin -t /home/rmengle/pin/source/tools/pinfi/obj-intel64/faultinjection.so -fioption AllInst -- /home/rmengle/pin/source/tools/pinfi/example/paired_executables/basicmath_small/execs/leader-gvn/exec_basicmath_small_gvn_gvn
Run Number: #228
DEBUG FI: /home/rmengle/pin/pin -t /home/rmengle/pin/source/tools/pinfi/obj-intel64/faultinjection.so -fioption AllInst -- /home/rmengle/pin/source/tools/pinfi/example/paired_executables/basicmath_small/execs/leader-gvn/exec_basicmath_small_gvn_gvn
Run Number: #229
DEBUG FI: /home/rmengle/pin/pin -t /home/rmengle/pin/source/tools/pinfi/obj-intel64/faultinjection.so -fioption AllInst -- /home/rmengle/pin/source/tools/pinfi/example/paired_executables/basicmath_small/execs/leader-gvn/exec_basicmath_small_gvn_gvn
Run Number: #230
DEBUG FI: /home/rmengle/pin/pin -t /home/rmengle/pin/source/tools/pinfi/obj-intel64/faultinjection.so -fioption AllInst -- /home/rmengle/pin/source/tools/pinfi/example/paired_executables/basicmath_small/execs/leader-gvn/exec_basicmath_small_gvn_gvn
Run Number: #231
DEBUG FI: /home/rmengle/pin/pin -t /home/rmengle/pin/source/tools/pinfi/obj-intel64/faultinjection.so -fioption AllInst -- /home/rmengle/pin/source/tools/pinfi/example/paired_executables/basicmath_small/execs/leader-gvn/exec_basicmath_small_gvn_gvn
Run Number: #232
DEBUG FI: /home/rmengle/pin/pin -t /home/rmengle/pin/source/tools/pinfi/obj-intel64/faultinjection.so -fioption AllInst -- /home/rmengle/pin/source/tools/pinfi/example/paired_executables/basicmath_small/execs/leader-gvn/exec_basicmath_small_gvn_gvn
Run Number: #233
DEBUG FI: /home/rmengle/pin/pin -t /home/rmengle/pin/source/tools/pinfi/obj-intel64/faultinjection.so -fioption AllInst -- /home/rmengle/pin/source/tools/pinfi/example/paired_executables/basicmath_small/execs/leader-gvn/exec_basicmath_small_gvn_gvn
Run Number: #234
DEBUG FI: /home/rmengle/pin/pin -t /home/rmengle/pin/source/tools/pinfi/obj-intel64/faultinjection.so -fioption AllInst -- /home/rmengle/pin/source/tools/pinfi/example/paired_executables/basicmath_small/execs/leader-gvn/exec_basicmath_small_gvn_gvn
Run Number: #235
DEBUG FI: /home/rmengle/pin/pin -t /home/rmengle/pin/source/tools/pinfi/obj-intel64/faultinjection.so -fioption AllInst -- /home/rmengle/pin/source/tools/pinfi/example/paired_executables/basicmath_small/execs/leader-gvn/exec_basicmath_small_gvn_gvn
Run Number: #236
DEBUG FI: /home/rmengle/pin/pin -t /home/rmengle/pin/source/tools/pinfi/obj-intel64/faultinjection.so -fioption AllInst -- /home/rmengle/pin/source/tools/pinfi/example/paired_executables/basicmath_small/execs/leader-gvn/exec_basicmath_small_gvn_gvn
Run Number: #237
DEBUG FI: /home/rmengle/pin/pin -t /home/rmengle/pin/source/tools/pinfi/obj-intel64/faultinjection.so -fioption AllInst -- /home/rmengle/pin/source/tools/pinfi/example/paired_executables/basicmath_small/execs/leader-gvn/exec_basicmath_small_gvn_gvn
Run Number: #238
DEBUG FI: /home/rmengle/pin/pin -t /home/rmengle/pin/source/tools/pinfi/obj-intel64/faultinjection.so -fioption AllInst -- /home/rmengle/pin/source/tools/pinfi/example/paired_executables/basicmath_small/execs/leader-gvn/exec_basicmath_small_gvn_gvn
Run Number: #239
DEBUG FI: /home/rmengle/pin/pin -t /home/rmengle/pin/source/tools/pinfi/obj-intel64/faultinjection.so -fioption AllInst -- /home/rmengle/pin/source/tools/pinfi/example/paired_executables/basicmath_small/execs/leader-gvn/exec_basicmath_small_gvn_gvn
Run Number: #240
DEBUG FI: /home/rmengle/pin/pin -t /home/rmengle/pin/source/tools/pinfi/obj-intel64/faultinjection.so -fioption AllInst -- /home/rmengle/pin/source/tools/pinfi/example/paired_executables/basicmath_small/execs/leader-gvn/exec_basicmath_small_gvn_gvn
Run Number: #241
DEBUG FI: /home/rmengle/pin/pin -t /home/rmengle/pin/source/tools/pinfi/obj-intel64/faultinjection.so -fioption AllInst -- /home/rmengle/pin/source/tools/pinfi/example/paired_executables/basicmath_small/execs/leader-gvn/exec_basicmath_small_gvn_gvn
Run Number: #242
DEBUG FI: /home/rmengle/pin/pin -t /home/rmengle/pin/source/tools/pinfi/obj-intel64/faultinjection.so -fioption AllInst -- /home/rmengle/pin/source/tools/pinfi/example/paired_executables/basicmath_small/execs/leader-gvn/exec_basicmath_small_gvn_gvn
Run Number: #243
DEBUG FI: /home/rmengle/pin/pin -t /home/rmengle/pin/source/tools/pinfi/obj-intel64/faultinjection.so -fioption AllInst -- /home/rmengle/pin/source/tools/pinfi/example/paired_executables/basicmath_small/execs/leader-gvn/exec_basicmath_small_gvn_gvn
Run Number: #244
DEBUG FI: /home/rmengle/pin/pin -t /home/rmengle/pin/source/tools/pinfi/obj-intel64/faultinjection.so -fioption AllInst -- /home/rmengle/pin/source/tools/pinfi/example/paired_executables/basicmath_small/execs/leader-gvn/exec_basicmath_small_gvn_gvn
Run Number: #245
DEBUG FI: /home/rmengle/pin/pin -t /home/rmengle/pin/source/tools/pinfi/obj-intel64/faultinjection.so -fioption AllInst -- /home/rmengle/pin/source/tools/pinfi/example/paired_executables/basicmath_small/execs/leader-gvn/exec_basicmath_small_gvn_gvn
Run Number: #246
DEBUG FI: /home/rmengle/pin/pin -t /home/rmengle/pin/source/tools/pinfi/obj-intel64/faultinjection.so -fioption AllInst -- /home/rmengle/pin/source/tools/pinfi/example/paired_executables/basicmath_small/execs/leader-gvn/exec_basicmath_small_gvn_gvn
Run Number: #247
DEBUG FI: /home/rmengle/pin/pin -t /home/rmengle/pin/source/tools/pinfi/obj-intel64/faultinjection.so -fioption AllInst -- /home/rmengle/pin/source/tools/pinfi/example/paired_executables/basicmath_small/execs/leader-gvn/exec_basicmath_small_gvn_gvn
Run Number: #248
DEBUG FI: /home/rmengle/pin/pin -t /home/rmengle/pin/source/tools/pinfi/obj-intel64/faultinjection.so -fioption AllInst -- /home/rmengle/pin/source/tools/pinfi/example/paired_executables/basicmath_small/execs/leader-gvn/exec_basicmath_small_gvn_gvn
Run Number: #249
DEBUG FI: /home/rmengle/pin/pin -t /home/rmengle/pin/source/tools/pinfi/obj-intel64/faultinjection.so -fioption AllInst -- /home/rmengle/pin/source/tools/pinfi/example/paired_executables/basicmath_small/execs/leader-gvn/exec_basicmath_small_gvn_gvn
Run Number: #250
DEBUG FI: /home/rmengle/pin/pin -t /home/rmengle/pin/source/tools/pinfi/obj-intel64/faultinjection.so -fioption AllInst -- /home/rmengle/pin/source/tools/pinfi/example/paired_executables/basicmath_small/execs/leader-gvn/exec_basicmath_small_gvn_gvn
Run Number: #251
DEBUG FI: /home/rmengle/pin/pin -t /home/rmengle/pin/source/tools/pinfi/obj-intel64/faultinjection.so -fioption AllInst -- /home/rmengle/pin/source/tools/pinfi/example/paired_executables/basicmath_small/execs/leader-gvn/exec_basicmath_small_gvn_gvn
Run Number: #252
DEBUG FI: /home/rmengle/pin/pin -t /home/rmengle/pin/source/tools/pinfi/obj-intel64/faultinjection.so -fioption AllInst -- /home/rmengle/pin/source/tools/pinfi/example/paired_executables/basicmath_small/execs/leader-gvn/exec_basicmath_small_gvn_gvn
Run Number: #253
DEBUG FI: /home/rmengle/pin/pin -t /home/rmengle/pin/source/tools/pinfi/obj-intel64/faultinjection.so -fioption AllInst -- /home/rmengle/pin/source/tools/pinfi/example/paired_executables/basicmath_small/execs/leader-gvn/exec_basicmath_small_gvn_gvn
Run Number: #254
DEBUG FI: /home/rmengle/pin/pin -t /home/rmengle/pin/source/tools/pinfi/obj-intel64/faultinjection.so -fioption AllInst -- /home/rmengle/pin/source/tools/pinfi/example/paired_executables/basicmath_small/execs/leader-gvn/exec_basicmath_small_gvn_gvn
Run Number: #255
DEBUG FI: /home/rmengle/pin/pin -t /home/rmengle/pin/source/tools/pinfi/obj-intel64/faultinjection.so -fioption AllInst -- /home/rmengle/pin/source/tools/pinfi/example/paired_executables/basicmath_small/execs/leader-gvn/exec_basicmath_small_gvn_gvn
Run Number: #256
DEBUG FI: /home/rmengle/pin/pin -t /home/rmengle/pin/source/tools/pinfi/obj-intel64/faultinjection.so -fioption AllInst -- /home/rmengle/pin/source/tools/pinfi/example/paired_executables/basicmath_small/execs/leader-gvn/exec_basicmath_small_gvn_gvn
Run Number: #257
DEBUG FI: /home/rmengle/pin/pin -t /home/rmengle/pin/source/tools/pinfi/obj-intel64/faultinjection.so -fioption AllInst -- /home/rmengle/pin/source/tools/pinfi/example/paired_executables/basicmath_small/execs/leader-gvn/exec_basicmath_small_gvn_gvn
Run Number: #258
DEBUG FI: /home/rmengle/pin/pin -t /home/rmengle/pin/source/tools/pinfi/obj-intel64/faultinjection.so -fioption AllInst -- /home/rmengle/pin/source/tools/pinfi/example/paired_executables/basicmath_small/execs/leader-gvn/exec_basicmath_small_gvn_gvn
Run Number: #259
DEBUG FI: /home/rmengle/pin/pin -t /home/rmengle/pin/source/tools/pinfi/obj-intel64/faultinjection.so -fioption AllInst -- /home/rmengle/pin/source/tools/pinfi/example/paired_executables/basicmath_small/execs/leader-gvn/exec_basicmath_small_gvn_gvn
Run Number: #260
DEBUG FI: /home/rmengle/pin/pin -t /home/rmengle/pin/source/tools/pinfi/obj-intel64/faultinjection.so -fioption AllInst -- /home/rmengle/pin/source/tools/pinfi/example/paired_executables/basicmath_small/execs/leader-gvn/exec_basicmath_small_gvn_gvn
Run Number: #261
DEBUG FI: /home/rmengle/pin/pin -t /home/rmengle/pin/source/tools/pinfi/obj-intel64/faultinjection.so -fioption AllInst -- /home/rmengle/pin/source/tools/pinfi/example/paired_executables/basicmath_small/execs/leader-gvn/exec_basicmath_small_gvn_gvn
Run Number: #262
DEBUG FI: /home/rmengle/pin/pin -t /home/rmengle/pin/source/tools/pinfi/obj-intel64/faultinjection.so -fioption AllInst -- /home/rmengle/pin/source/tools/pinfi/example/paired_executables/basicmath_small/execs/leader-gvn/exec_basicmath_small_gvn_gvn
Run Number: #263
DEBUG FI: /home/rmengle/pin/pin -t /home/rmengle/pin/source/tools/pinfi/obj-intel64/faultinjection.so -fioption AllInst -- /home/rmengle/pin/source/tools/pinfi/example/paired_executables/basicmath_small/execs/leader-gvn/exec_basicmath_small_gvn_gvn
Run Number: #264
DEBUG FI: /home/rmengle/pin/pin -t /home/rmengle/pin/source/tools/pinfi/obj-intel64/faultinjection.so -fioption AllInst -- /home/rmengle/pin/source/tools/pinfi/example/paired_executables/basicmath_small/execs/leader-gvn/exec_basicmath_small_gvn_gvn
Run Number: #265
DEBUG FI: /home/rmengle/pin/pin -t /home/rmengle/pin/source/tools/pinfi/obj-intel64/faultinjection.so -fioption AllInst -- /home/rmengle/pin/source/tools/pinfi/example/paired_executables/basicmath_small/execs/leader-gvn/exec_basicmath_small_gvn_gvn
Run Number: #266
DEBUG FI: /home/rmengle/pin/pin -t /home/rmengle/pin/source/tools/pinfi/obj-intel64/faultinjection.so -fioption AllInst -- /home/rmengle/pin/source/tools/pinfi/example/paired_executables/basicmath_small/execs/leader-gvn/exec_basicmath_small_gvn_gvn
Run Number: #267
DEBUG FI: /home/rmengle/pin/pin -t /home/rmengle/pin/source/tools/pinfi/obj-intel64/faultinjection.so -fioption AllInst -- /home/rmengle/pin/source/tools/pinfi/example/paired_executables/basicmath_small/execs/leader-gvn/exec_basicmath_small_gvn_gvn
Run Number: #268
DEBUG FI: /home/rmengle/pin/pin -t /home/rmengle/pin/source/tools/pinfi/obj-intel64/faultinjection.so -fioption AllInst -- /home/rmengle/pin/source/tools/pinfi/example/paired_executables/basicmath_small/execs/leader-gvn/exec_basicmath_small_gvn_gvn
Run Number: #269
DEBUG FI: /home/rmengle/pin/pin -t /home/rmengle/pin/source/tools/pinfi/obj-intel64/faultinjection.so -fioption AllInst -- /home/rmengle/pin/source/tools/pinfi/example/paired_executables/basicmath_small/execs/leader-gvn/exec_basicmath_small_gvn_gvn
Run Number: #270
DEBUG FI: /home/rmengle/pin/pin -t /home/rmengle/pin/source/tools/pinfi/obj-intel64/faultinjection.so -fioption AllInst -- /home/rmengle/pin/source/tools/pinfi/example/paired_executables/basicmath_small/execs/leader-gvn/exec_basicmath_small_gvn_gvn
Run Number: #271
DEBUG FI: /home/rmengle/pin/pin -t /home/rmengle/pin/source/tools/pinfi/obj-intel64/faultinjection.so -fioption AllInst -- /home/rmengle/pin/source/tools/pinfi/example/paired_executables/basicmath_small/execs/leader-gvn/exec_basicmath_small_gvn_gvn
Run Number: #272
DEBUG FI: /home/rmengle/pin/pin -t /home/rmengle/pin/source/tools/pinfi/obj-intel64/faultinjection.so -fioption AllInst -- /home/rmengle/pin/source/tools/pinfi/example/paired_executables/basicmath_small/execs/leader-gvn/exec_basicmath_small_gvn_gvn
Run Number: #273
DEBUG FI: /home/rmengle/pin/pin -t /home/rmengle/pin/source/tools/pinfi/obj-intel64/faultinjection.so -fioption AllInst -- /home/rmengle/pin/source/tools/pinfi/example/paired_executables/basicmath_small/execs/leader-gvn/exec_basicmath_small_gvn_gvn
Run Number: #274
DEBUG FI: /home/rmengle/pin/pin -t /home/rmengle/pin/source/tools/pinfi/obj-intel64/faultinjection.so -fioption AllInst -- /home/rmengle/pin/source/tools/pinfi/example/paired_executables/basicmath_small/execs/leader-gvn/exec_basicmath_small_gvn_gvn
Run Number: #275
DEBUG FI: /home/rmengle/pin/pin -t /home/rmengle/pin/source/tools/pinfi/obj-intel64/faultinjection.so -fioption AllInst -- /home/rmengle/pin/source/tools/pinfi/example/paired_executables/basicmath_small/execs/leader-gvn/exec_basicmath_small_gvn_gvn
Run Number: #276
DEBUG FI: /home/rmengle/pin/pin -t /home/rmengle/pin/source/tools/pinfi/obj-intel64/faultinjection.so -fioption AllInst -- /home/rmengle/pin/source/tools/pinfi/example/paired_executables/basicmath_small/execs/leader-gvn/exec_basicmath_small_gvn_gvn
Run Number: #277
DEBUG FI: /home/rmengle/pin/pin -t /home/rmengle/pin/source/tools/pinfi/obj-intel64/faultinjection.so -fioption AllInst -- /home/rmengle/pin/source/tools/pinfi/example/paired_executables/basicmath_small/execs/leader-gvn/exec_basicmath_small_gvn_gvn
Run Number: #278
DEBUG FI: /home/rmengle/pin/pin -t /home/rmengle/pin/source/tools/pinfi/obj-intel64/faultinjection.so -fioption AllInst -- /home/rmengle/pin/source/tools/pinfi/example/paired_executables/basicmath_small/execs/leader-gvn/exec_basicmath_small_gvn_gvn
Run Number: #279
DEBUG FI: /home/rmengle/pin/pin -t /home/rmengle/pin/source/tools/pinfi/obj-intel64/faultinjection.so -fioption AllInst -- /home/rmengle/pin/source/tools/pinfi/example/paired_executables/basicmath_small/execs/leader-gvn/exec_basicmath_small_gvn_gvn

Finished: exec_basicmath_small_gvn_gvn
End time: Tue May 12 11:42:55 EDT 2026
